******************************************************************************
                  TI ARM Linker PC v15.12.3                    
******************************************************************************
>> Linked Wed Nov 18 15:02:36 2020

OUTPUT FILE NAME:   <Milestone8.out>
ENTRY POINT SYMBOL: "_c_int00"  address: 00006c19


MEMORY CONFIGURATION

         name            origin    length      used     unused   attr    fill
----------------------  --------  ---------  --------  --------  ----  --------
  FLASH                 00000000   00040000  0000aba0  00035460  R  X
  SRAM                  20000000   00008000  0000248a  00005b76  RW X


SEGMENT ALLOCATION MAP

run origin  load origin   length   init length attrs members
----------  ----------- ---------- ----------- ----- -------
00000000    00000000    0000abac   0000abac    r-x
  00000000    00000000    0000003c   0000003c    r-- .resetVecs
  00000040    00000040    00008762   00008762    r-x .text
  000087a8    000087a8    00001fe6   00001fe6    r-- .const
  0000a790    0000a790    0000041c   0000041c    r-- .cinit
20000000    20000000    0000248c   00000000    rw-
  20000000    20000000    00000360   00000000    rw- .vecs
  20000360    20000360    00001880   00000000    rw- .bss
  20001be0    20001be0    000005aa   00000000    rw- .data
  2000218c    2000218c    00000300   00000000    rw- .stack


SECTION ALLOCATION MAP

 output                                  attributes/
section   page    origin      length       input sections
--------  ----  ----------  ----------   ----------------
.text      0    00000040    00008762     
                  00000040    00001110     rtsv7M4_T_le_v4SPD16_eabi.lib : _printfi.obj (.text)
                  00001150    000009ac                                   : e_pow.obj (.text)
                  00001afc    00000004     driverlib.lib : timer.obj (.text:TimerIntClear)
                  00001b00    00000430     sysbios.aem4f : BIOS.obj (.text:ti_sysbios_family_arm_m3_Hwi_excDumpRegs__I)
                  00001f30    0000034c     ti.targets.arm.rtsarm.aem4f : System.oem4f (.text:xdc_runtime_System_doPrint__I)
                  0000227c    00000324     rtsv7M4_T_le_v4SPD16_eabi.lib : trgdrv.obj (.text)
                  000025a0    0000030c     uartstdio.obj (.text:UARTvprintf)
                  000028ac    00000004     empty_pem4f.oem4f (.text:ti_sysbios_BIOS_RtsGateProxy_enter__E)
                  000028b0    000002c0     sysbios.aem4f : BIOS.obj (.text:ti_sysbios_knl_Semaphore_pend__E)
                  00002b70    00000254                   : BIOS.obj (.text:ti_sysbios_heaps_HeapMem_free__E)
                  00002dc4    00000004     empty_pem4f.oem4f (.text:ti_sysbios_BIOS_RtsGateProxy_leave__E)
                  00002dc8    00000248     sysbios.aem4f : BIOS.obj (.text:ti_sysbios_heaps_HeapMem_alloc__E)
                  00003010    000001fc                   : BIOS.obj (.text:ti_sysbios_family_arm_m3_Hwi_excHandlerMax__I)
                  0000320c    000001f4     rtsv7M4_T_le_v4SPD16_eabi.lib : ull_div_t2.obj (.text)
                  00003400    000001b6                                   : fd_add_t2.obj (.text)
                  000035b6    00000002                                   : i_div0.obj (.text)
                  000035b8    0000018c     main.obj (.text:PIDUpdate)
                  00003744    00000004     sysbios.aem4f : BIOS.obj (.text:ti_sysbios_family_arm_lm4_Timer_masterEnable__I)
                  00003748    00000174                   : BIOS.obj (.text:ti_sysbios_family_arm_m3_Hwi_excBusFault__I)
                  000038bc    00000170     rtsv7M4_T_le_v4SPD16_eabi.lib : e_sqrt.obj (.text)
                  00003a2c    00000004     empty_pem4f.oem4f (.text:ti_sysbios_family_arm_m3_TaskSupport_Module__startupDone__S)
                  00003a30    00000164     sysbios.aem4f : BIOS.obj (.text:ti_sysbios_family_arm_m3_Hwi_excUsageFault__I)
                  00003b94    00000004     empty_pem4f.oem4f (.text:ti_sysbios_heaps_HeapMem_Module_GateProxy_enter__E)
                  00003b98    00000148     sysbios.aem4f : BIOS.obj (.text:ti_sysbios_family_arm_m3_Hwi_excMemFault__I)
                  00003ce0    0000013c                   : BIOS.obj (.text:ti_sysbios_heaps_HeapMem_Instance_init__E)
                  00003e1c    00000136     rtsv7M4_T_le_v4SPD16_eabi.lib : fd_div_t2.obj (.text)
                  00003f52    00000002     empty_pem4f.oem4f (.text:ti_sysbios_BIOS_nullFunc__I)
                  00003f54    00000134     main.obj (.text:TxDataTask)
                  00004088    00000130     driverlib.lib : gpio.obj (.text:GPIOPadConfigSet)
                  000041b8    00000130     Utilities.obj (.text:lightSensor)
                  000042e8    00000120     sysbios.aem4f : BIOS.obj (.text:ti_sysbios_family_arm_lm4_Timer_start__E)
                  00004408    0000011e     Driver.obj (.text:InitHardware)
                  00004526    00000002     empty_pem4f.oem4f (.text:xdc_runtime_Startup_reset__I)
                  00004528    00000118     ti.targets.arm.rtsarm.aem4f : Error.oem4f (.text:xdc_runtime_Error_policyDefault__E)
                  00004640    0000010c     driverlib.lib : sysctl.obj (.text:SysCtlClockGet)
                  0000474c    00000100     Boot.aem4f : Boot_sysctl.oem4f (.text:ti_catalog_arm_cortexm4_tiva_ce_Boot_sysCtlClockSetI__I)
                  0000484c    00000100     ti.targets.arm.rtsarm.aem4f : Core-mem.oem4f (.text:xdc_runtime_Core_createObject__I)
                  0000494c    000000fc     rtsv7M4_T_le_v4SPD16_eabi.lib : fd_mul_t2.obj (.text)
                  00004a48    000000fc                                   : s_scalbn.obj (.text)
                  00004b44    000000f8     ti.targets.arm.rtsarm.aem4f : Startup.oem4f (.text:xdc_runtime_Startup_startMods__I)
                  00004c3c    000000f8     empty_pem4f.oem4f (.text:xdc_runtime_System_printfExtend__I)
                  00004d34    000000f4     sysbios.aem4f : m3_Hwi_asm.obj (.text:ti_sysbios_family_arm_m3_Hwi_dispatch__I)
                  00004e28    000000f0     driverlib.lib : sysctl.obj (.text:SysCtlClockSet)
                  00004f18    000000ec     main.obj (.text:InitPID)
                  00005004    00000004     empty_pem4f.oem4f (.text:ti_sysbios_heaps_HeapMem_Module_GateProxy_leave__E)
                  00005008    000000ec     sysbios.aem4f : BIOS.obj (.text:ti_sysbios_knl_Semaphore_post__E)
                  000050f4    000000e8     Driver.obj (.text:InitMotors)
                  000051dc    000000cc     ti.targets.arm.rtsarm.aem4f : Core-smem.oem4f (.text:xdc_runtime_Core_constructObject__I)
                  000052a8    000000bc     Driver.obj (.text:InitAnalog)
                  00005364    00000004     empty_pem4f.oem4f (.text:ti_sysbios_knl_Clock_TimerProxy_getMaxTicks__E)
                  00005368    000000bc     sysbios.aem4f : BIOS.obj (.text:ti_sysbios_family_arm_m3_Hwi_excDebugMon__I)
                  00005424    00000004     empty_pem4f.oem4f (.text:ti_sysbios_knl_Queue_destruct)
                  00005428    000000bc     sysbios.aem4f : BIOS.obj (.text:ti_sysbios_family_arm_m3_Hwi_excHardFault__I)
                  000054e4    00000004     empty_pem4f.oem4f (.text:ti_sysbios_knl_Semaphore_destruct)
                  000054e8    000000b4     sysbios.aem4f : BIOS.obj (.text:ti_sysbios_gates_GateMutex_enter__E)
                  0000559c    00000004     ti.targets.arm.rtsarm.aem4f : Error.oem4f (.text:xdc_runtime_Error_getSite__E)
                  000055a0    000000b4     sysbios.aem4f : BIOS.obj (.text:ti_sysbios_knl_Task_checkStacks__E)
                  00005654    000000ac     main.obj (.text:TimerInt)
                  00005700    000000ac     sysbios.aem4f : BIOS.obj (.text:ti_sysbios_family_arm_lm4_Timer_enableTiva__I)
                  000057ac    00000004     empty_pem4f.oem4f (.text:xdc_runtime_System_Module_GateProxy_enter__E)
                  000057b0    000000a8     sysbios.aem4f : BIOS.obj (.text:ti_sysbios_family_arm_lm4_Timer_enableTimers__I)
                  00005858    000000a0     auto_init.aem4f : auto_init.oem4f (.text)
                  000058f8    000000a0     ti.targets.arm.rtsarm.aem4f : Text.oem4f (.text:xdc_runtime_Text_putMod__E)
                  00005998    0000009c     rtsv7M4_T_le_v4SPD16_eabi.lib : memcpy_t2.obj (.text)
                  00005a34    00000004     empty_pem4f.oem4f (.text:xdc_runtime_System_Module_GateProxy_leave__E)
                  00005a38    0000009c     sysbios.aem4f : BIOS.obj (.text:ti_sysbios_knl_Semaphore_Instance_init__E)
                  00005ad4    00000004     ti.targets.arm.rtsarm.aem4f : System.oem4f (.text:xdc_runtime_System_aprintf_va__F)
                  00005ad8    0000009c     sysbios.aem4f : BIOS.obj (.text:ti_sysbios_knl_Task_postInit__I)
                  00005b74    0000009a     ti.targets.arm.rtsarm.aem4f : Text.oem4f (.text:xdc_runtime_Text_putSite__E)
                  00005c0e    00000002     --HOLE-- [fill = 0]
                  00005c10    00000098     Boot.aem4f : Boot.oem4f (.text:ti_catalog_arm_cortexm4_tiva_ce_Boot_sysCtlClockSet__E)
                  00005ca8    00000094     sysbios.aem4f : BIOS.obj (.text:ti_sysbios_family_arm_m3_Hwi_initNVIC__E)
                  00005d3c    00000090     main.obj (.text:lightSensorTask)
                  00005dcc    0000008c     sysbios.aem4f : m3_TaskSupport_asm.obj (.text:ti_sysbios_family_arm_m3_TaskSupport_buildTaskStack)
                  00005e58    00000088     Driver.obj (.text:InitBluetooth)
                  00005ee0    00000088     Utilities.obj (.text:wheelDuty)
                  00005f68    00000086     rtsv7M4_T_le_v4SPD16_eabi.lib : fd_cmp_t2.obj (.text:__aeabi_cdcmple)
                  00005fee    00000086                                   : fd_cmp_t2.obj (.text:__aeabi_cdrcmple)
                  00006074    00000084     main.obj (.text:AcquireDataTask)
                  000060f8    00000084     sysbios.aem4f : BIOS.obj (.text:ti_sysbios_family_arm_m3_Hwi_postInit__I)
                  0000617c    0000007a     driverlib.lib : adc.obj (.text:ADCSequenceStepConfigure)
                  000061f6    0000007a     rtsv7M4_T_le_v4SPD16_eabi.lib : memset_t2.obj (.text)
                  00006270    00000074     Utilities.obj (.text:wheelPower)
                  000062e4    00000070     Utilities.obj (.text:readRight)
                  00006354    0000006d     ti.targets.arm.rtsarm.aem4f : System.oem4f (.text:xdc_runtime_System_formatNum__I)
                  000063c1    00000001     --HOLE-- [fill = 0]
                  000063c2    00000006     driverlib.lib : gpio.obj (.text:GPIOPinRead)
                  000063c8    0000006c     sysbios.aem4f : BIOS.obj (.text:ti_sysbios_knl_Clock_workFunc__E)
                  00006434    00000004     ti.targets.arm.rtsarm.aem4f : System.oem4f (.text:xdc_runtime_System_printf_va__F)
                  00006438    0000006c     sysbios.aem4f : BIOS.obj (.text:ti_sysbios_knl_Swi_restoreHwi__E)
                  000064a4    00000004     --HOLE-- [fill = 0]
                  000064a8    0000006c                   : BIOS.obj (.text:ti_sysbios_knl_Task_exit__E)
                  00006514    0000006c     ti.targets.arm.rtsarm.aem4f : Error.oem4f (.text:xdc_runtime_Error_print__E)
                  00006580    0000006c                                 : Memory.oem4f (.text:xdc_runtime_Memory_alloc__E)
                  000065ec    0000006a     rtsv7M4_T_le_v4SPD16_eabi.lib : copy_decompress_rle.obj (.text)
                  00006656    00000002     --HOLE-- [fill = 0]
                  00006658    00000068                                   : trgmsg.obj (.text)
                  000066c0    00000066     ti.targets.arm.rtsarm.aem4f : Core-mem.oem4f (.text:xdc_runtime_Core_deleteObject__I)
                  00006726    00000002     --HOLE-- [fill = 0]
                  00006728    00000064     rtsv7M4_T_le_v4SPD16_eabi.lib : s_frexp.obj (.text)
                  0000678c    00000004     --HOLE-- [fill = 0]
                  00006790    00000064     sysbios.aem4f : BIOS.obj (.text:ti_sysbios_family_arm_lm4_Timer_Module_startup__E)
                  000067f4    00000004     --HOLE-- [fill = 0]
                  000067f8    00000064                   : BIOS.obj (.text:ti_sysbios_family_arm_m3_Hwi_dispatchC__I)
                  0000685c    00000060     main.obj (.text:PIDTask)
                  000068bc    00000060     driverlib.lib : timer.obj (.text:TimerConfigure)
                  0000691c    00000060     rtsv7M4_T_le_v4SPD16_eabi.lib : sprintf.obj (.text)
                  0000697c    00000004     --HOLE-- [fill = 0]
                  00006980    00000060     sysbios.aem4f : BIOS.obj (.text:ti_sysbios_family_arm_lm4_Timer_isrStub__E)
                  000069e0    00000060                   : BIOS.obj (.text:ti_sysbios_knl_Task_schedule__I)
                  00006a40    0000005c                   : BIOS.obj (.text:ti_sysbios_knl_Swi_run__I)
                  00006a9c    00000004     --HOLE-- [fill = 0]
                  00006aa0    0000005c                   : BIOS.obj (.text:ti_sysbios_knl_Swi_schedule__I)
                  00006afc    00000004     --HOLE-- [fill = 0]
                  00006b00    0000005c                   : BIOS.obj (.text:ti_sysbios_knl_Task_Module_startup__E)
                  00006b5c    00000004     --HOLE-- [fill = 0]
                  00006b60    0000005c                   : BIOS.obj (.text:ti_sysbios_knl_Task_startCore__E)
                  00006bbc    0000005b     ti.targets.arm.rtsarm.aem4f : Text.oem4f (.text:xdc_runtime_Text_putLab__E)
                  00006c17    00000001     --HOLE-- [fill = 0]
                  00006c18    00000058     boot.aem4f : boot.oem4f (.text)
                  00006c70    00000058     sysbios.aem4f : m3_Hwi_asm_switch.obj (.text:ti_sysbios_family_arm_m3_Hwi_initStacks__E)
                  00006cc8    00000056     rtsv7M4_T_le_v4SPD16_eabi.lib : ltoa.obj (.text)
                  00006d1e    00000002     --HOLE-- [fill = 0]
                  00006d20    00000054     Driver.obj (.text:InitTimer)
                  00006d74    00000054     uartstdio.obj (.text:UARTStdioConfig)
                  00006dc8    00000054     rtsv7M4_T_le_v4SPD16_eabi.lib : exit.obj (.text)
                  00006e1c    00000054     ti.targets.arm.rtsarm.aem4f : Assert.oem4f (.text:xdc_runtime_Assert_raise__I)
                  00006e70    00000050     sysbios.aem4f : BIOS.obj (.text:ti_sysbios_family_arm_m3_Hwi_Module_startup__E)
                  00006ec0    00000050     ti.targets.arm.rtsarm.aem4f : Startup.oem4f (.text:xdc_runtime_Startup_exec__E)
                  00006f10    00000050                                 : Text.oem4f (.text:xdc_runtime_Text_visitRope2__I)
                  00006f60    0000004c     uartstdio.obj (.text:UARTwrite)
                  00006fac    0000004c     rtsv7M4_T_le_v4SPD16_eabi.lib : atoi.obj (.text)
                  00006ff8    0000004c                                   : cpy_tbl.obj (.text)
                  00007044    00000004     --HOLE-- [fill = 0]
                  00007048    0000004c     sysbios.aem4f : BIOS.obj (.text:ti_sysbios_heaps_HeapMem_getStats__E)
                  00007094    00000004     --HOLE-- [fill = 0]
                  00007098    0000004c                   : BIOS.obj (.text:ti_sysbios_knl_Swi_runLoop__I)
                  000070e4    00000004     --HOLE-- [fill = 0]
                  000070e8    0000004c                   : BIOS.obj (.text:ti_sysbios_knl_Task_allBlockedFunction__I)
                  00007134    00000048     driverlib.lib : gpio.obj (.text:GPIOPinConfigure)
                  0000717c    00000048     rtsv7M4_T_le_v4SPD16_eabi.lib : fd_toi_t2.obj (.text)
                  000071c4    00000004     --HOLE-- [fill = 0]
                  000071c8    00000048     sysbios.aem4f : BIOS.obj (.text:ti_sysbios_family_arm_m3_Hwi_disableInterrupt__E)
                  00007210    00000048                   : BIOS.obj (.text:ti_sysbios_family_arm_m3_Hwi_enableInterrupt__E)
                  00007258    00000048                   : BIOS.obj (.text:ti_sysbios_family_arm_m3_Hwi_excReserved__I)
                  000072a0    00000046     ti.targets.arm.rtsarm.aem4f : Core-params.oem4f (.text:xdc_runtime_Core_assignParams__I)
                  000072e6    00000044     rtsv7M4_T_le_v4SPD16_eabi.lib : fd_tou_t2.obj (.text)
                  0000732a    00000002     --HOLE-- [fill = 0]
                  0000732c    00000044     main.obj (.text:swapBuffer)
                  00007370    00000044     sysbios.aem4f : BIOS.obj (.text:ti_sysbios_family_arm_m3_Hwi_getStackInfo__E)
                  000073b4    00000004     --HOLE-- [fill = 0]
                  000073b8    00000044                   : BIOS.obj (.text:ti_sysbios_knl_Swi_post__E)
                  000073fc    00000044     ti.targets.arm.rtsarm.aem4f : Error.oem4f (.text:xdc_runtime_Error_setX__E)
                  00007440    00000044                                 : SysMin.oem4f (.text:xdc_runtime_SysMin_flush__E)
                  00007484    00000044                                 : Text.oem4f (.text:xdc_runtime_Text_xprintf__I)
                  000074c8    00000042     driverlib.lib : uart.obj (.text:UARTConfigSetExpClk)
                  0000750a    00000040     rtsv7M4_T_le_v4SPD16_eabi.lib : u_divt2.obj (.text)
                  0000754a    00000006     driverlib.lib : gpio.obj (.text:GPIOPinWrite)
                  00007550    00000040     sysbios.aem4f : BIOS.obj (.text:ti_sysbios_family_arm_lm4_Timer_startup__E)
                  00007590    0000003e     driverlib.lib : adc.obj (.text:ADCSequenceConfigure)
                  000075ce    00000002     --HOLE-- [fill = 0]
                  000075d0    0000003c     sysbios.aem4f : BIOS.obj (.text:ti_sysbios_family_arm_m3_Hwi_excSvCall__I)
                  0000760c    00000004     --HOLE-- [fill = 0]
                  00007610    0000003c                   : BIOS.obj (.text:ti_sysbios_heaps_HeapMem_init__I)
                  0000764c    00000004     --HOLE-- [fill = 0]
                  00007650    0000003c                   : BIOS.obj (.text:ti_sysbios_knl_Swi_restore__E)
                  0000768c    00000038     driverlib.lib : sysctl.obj (.text:SysCtlPeripheralPresent)
                  000076c4    00000038                   : sysctl.obj (.text:SysCtlPeripheralReady)
                  000076fc    00000038     main.obj (.text:main)
                  00007734    00000004     --HOLE-- [fill = 0]
                  00007738    00000038     sysbios.aem4f : BIOS.obj (.text:ti_sysbios_family_arm_m3_Hwi_excNoIsr__I)
                  00007770    00000038                   : BIOS.obj (.text:ti_sysbios_knl_Task_processVitalTaskFlag__I)
                  000077a8    00000038     ti.targets.arm.rtsarm.aem4f : SysMin.oem4f (.text:xdc_runtime_SysMin_putch__E)
                  000077e0    00000038                                 : System.oem4f (.text:xdc_runtime_System_atexit__E)
                  00007818    00000034     driverlib.lib : sysctl.obj (.text:SysCtlPeripheralEnable)
                  0000784c    00000004     --HOLE-- [fill = 0]
                  00007850    00000034     sysbios.aem4f : BIOS.obj (.text:ti_sysbios_family_arm_m3_Hwi_excNmi__I)
                  00007884    00000004     --HOLE-- [fill = 0]
                  00007888    00000034                   : BIOS.obj (.text:ti_sysbios_hal_Hwi_checkStack)
                  000078bc    00000034     ti.targets.arm.rtsarm.aem4f : Core-label.oem4f (.text:xdc_runtime_Core_assignLabel__I)
                  000078f0    00000033                                 : Text.oem4f (.text:xdc_runtime_Text_printVisFxn__I)
                  00007923    00000005     --HOLE-- [fill = 0]
                  00007928    00000032     sysbios.aem4f : BIOS.obj (.text:ti_sysbios_hal_Hwi_initStack)
                  0000795a    00000002     --HOLE-- [fill = 0]
                  0000795c    00000030     empty_pem4f.oem4f (.text:ti_sysbios_BIOS_atExitFunc__I)
                  0000798c    00000004     --HOLE-- [fill = 0]
                  00007990    00000030     sysbios.aem4f : BIOS.obj (.text:ti_sysbios_family_arm_lm4_Timer_stop__E)
                  000079c0    00000030                   : BIOS.obj (.text:ti_sysbios_family_arm_m3_TaskSupport_start__E)
                  000079f0    00000030     empty_pem4f.oem4f (.text:ti_sysbios_gates_GateHwi_Object__create__S)
                  00007a20    00000030     empty_pem4f.oem4f (.text:ti_sysbios_gates_GateMutex_Object__create__S)
                  00007a50    00000030     empty_pem4f.oem4f (.text:ti_sysbios_heaps_HeapMem_Object__create__S)
                  00007a80    00000030     empty_pem4f.oem4f (.text:ti_sysbios_knl_Semaphore_construct)
                  00007ab0    00000030     sysbios.aem4f : BIOS.obj (.text:ti_sysbios_knl_Semaphore_pendTimeout__I)
                  00007ae0    00000030                   : BIOS.obj (.text:ti_sysbios_knl_Task_unblockI__E)
                  00007b10    00000030     ti.targets.arm.rtsarm.aem4f : SysMin.oem4f (.text:xdc_runtime_SysMin_abort__E)
                  00007b40    00000030                                 : System.oem4f (.text:xdc_runtime_System_processAtExit__E)
                  00007b70    0000002e     driverlib.lib : adc.obj (.text:ADCIntStatus)
                  00007b9e    0000002e     rtsv7M4_T_le_v4SPD16_eabi.lib : i_tofd_t2.obj (.text)
                  00007bcc    0000002c     empty_pem4f.oem4f (.text:ti_sysbios_knl_Clock_doTick__I)
                  00007bf8    0000002c     empty_pem4f.oem4f (.text:ti_sysbios_knl_Queue_construct)
                  00007c24    00000004     --HOLE-- [fill = 0]
                  00007c28    0000002c     sysbios.aem4f : BIOS.obj (.text:ti_sysbios_knl_Task_restore__E)
                  00007c54    0000002c     ti.targets.arm.rtsarm.aem4f : Text.oem4f (.text:xdc_runtime_Text_cordText__E)
                  00007c80    0000002a     driverlib.lib : gpio.obj (.text:GPIODirModeSet)
                  00007caa    0000002a     ti.targets.arm.rtsarm.aem4f : System.oem4f (.text:xdc_runtime_System_putchar__I)
                  00007cd4    00000004     --HOLE-- [fill = 0]
                  00007cd8    00000028     sysbios.aem4f : BIOS.obj (.text:ti_sysbios_knl_Swi_Module_startup__E)
                  00007d00    00000026                   : m3_Hwi_asm.obj (.text:ti_sysbios_family_arm_m3_Hwi_pendSV__I)
                  00007d26    00000026     ti.targets.arm.rtsarm.aem4f : System.oem4f (.text:xdc_runtime_System_avprintf__E)
                  00007d4c    00000024     uartstdio.obj (.text:UARTprintf)
                  00007d70    00000024     empty_pem4f.oem4f (.text:ti_sysbios_BIOS_errorRaiseHook__I)
                  00007d94    00000024     empty_pem4f.oem4f (.text:ti_sysbios_BIOS_registerRTSLock__I)
                  00007db8    00000024     empty_pem4f.oem4f (.text:ti_sysbios_BIOS_removeRTSLock__I)
                  00007ddc    00000024     empty_pem4f.oem4f (.text:ti_sysbios_BIOS_startFunc__I)
                  00007e00    00000024     empty_pem4f.oem4f (.text:ti_sysbios_gates_GateMutex_Object__delete__S)
                  00007e24    00000004     --HOLE-- [fill = 0]
                  00007e28    00000024     sysbios.aem4f : BIOS.obj (.text:ti_sysbios_knl_Clock_Module_startup__E)
                  00007e4c    00000004     --HOLE-- [fill = 0]
                  00007e50    00000024                   : BIOS.obj (.text:ti_sysbios_knl_Task_restoreHwi__E)
                  00007e74    00000024     ti.targets.arm.rtsarm.aem4f : System.oem4f (.text:xdc_runtime_System_vprintf__E)
                  00007e98    00000022     driverlib.lib : pwm.obj (.text:PWMGenConfigure)
                  00007eba    00000006                   : sysctl.obj (.text:SysCtlDelay)
                  00007ec0    00000022     sysbios.aem4f : BIOS.obj (.text:ti_sysbios_family_arm_lm4_Timer_write__I)
                  00007ee2    00000022     empty_pem4f.oem4f (.text:xdc_runtime_SysMin_output__I)
                  00007f04    00000020     rtsv7M4_T_le_v4SPD16_eabi.lib : u_tofd_t2.obj (.text)
                  00007f24    00000020     empty_pem4f.oem4f (.text:ti_sysbios_BIOS_rtsLock__I)
                  00007f44    00000020     sysbios.aem4f : m3_Hwi_asm.obj (.text:ti_sysbios_family_arm_m3_Hwi_excHandlerAsm__I)
                  00007f64    00000004     --HOLE-- [fill = 0]
                  00007f68    00000020                   : BIOS.obj (.text:ti_sysbios_family_arm_m3_Hwi_excHandler__I)
                  00007f88    00000020     empty_pem4f.oem4f (.text:ti_sysbios_gates_GateHwi_Object__delete__S)
                  00007fa8    00000020     empty_pem4f.oem4f (.text:ti_sysbios_heaps_HeapMem_Object__delete__S)
                  00007fc8    00000020     sysbios.aem4f : BIOS.obj (.text:ti_sysbios_knl_Idle_run__E)
                  00007fe8    00000020     empty_pem4f.oem4f (.text:ti_sysbios_knl_Semaphore_Object__destruct__S)
                  00008008    00000020     ti.targets.arm.rtsarm.aem4f : Registry.oem4f (.text:xdc_runtime_Registry_findById__E)
                  00008028    00000020                                 : SysMin.oem4f (.text:xdc_runtime_SysMin_Module_startup__E)
                  00008048    0000001e     driverlib.lib : adc.obj (.text:ADCSequenceDataGet)
                  00008066    0000001e                   : pwm.obj (.text:PWMPulseWidthSet)
                  00008084    0000001e     sysbios.aem4f : m3_Hwi_asm_switch.obj (.text:ti_sysbios_family_xxx_Hwi_switchAndRunFunc)
                  000080a2    00000002     --HOLE-- [fill = 0]
                  000080a4    0000001c     driverlib.lib : uart.obj (.text:UARTDisable)
                  000080c0    0000001c     rtsv7M4_T_le_v4SPD16_eabi.lib : memccpy.obj (.text)
                  000080dc    00000004     --HOLE-- [fill = 0]
                  000080e0    0000001c     sysbios.aem4f : BIOS.obj (.text:ti_sysbios_gates_GateMutex_Instance_init__E)
                  000080fc    0000001c     empty_pem4f.oem4f (.text:ti_sysbios_knl_Queue_Object__destruct__S)
                  00008118    0000001c     sysbios.aem4f : BIOS.obj (.text:ti_sysbios_knl_Queue_put__E)
                  00008134    00000004     --HOLE-- [fill = 0]
                  00008138    0000001c                   : BIOS.obj (.text:ti_sysbios_knl_Task_enter__I)
                  00008154    0000001c     ti.targets.arm.rtsarm.aem4f : Error.oem4f (.text:xdc_runtime_Error_raiseX__E)
                  00008170    0000001c                                 : Memory.oem4f (.text:xdc_runtime_Memory_valloc__E)
                  0000818c    0000001c                                 : SysMin.oem4f (.text:xdc_runtime_SysMin_exit__E)
                  000081a8    0000001c                                 : System.oem4f (.text:xdc_runtime_System_abort__E)
                  000081c4    0000001a     empty_pem4f.oem4f (.text:ti_sysbios_family_arm_m3_Hwi_Handle__label__S)
                  000081de    0000001a     empty_pem4f.oem4f (.text:ti_sysbios_gates_GateHwi_Handle__label__S)
                  000081f8    0000001a     empty_pem4f.oem4f (.text:ti_sysbios_gates_GateMutex_Handle__label__S)
                  00008212    0000001a     empty_pem4f.oem4f (.text:ti_sysbios_heaps_HeapMem_Handle__label__S)
                  0000822c    0000001a     empty_pem4f.oem4f (.text:ti_sysbios_knl_Swi_Handle__label__S)
                  00008246    0000001a     empty_pem4f.oem4f (.text:ti_sysbios_knl_Task_Handle__label__S)
                  00008260    0000001a     empty_pem4f.oem4f (.text:xdc_runtime_System_aprintf__E)
                  0000827a    0000001a     empty_pem4f.oem4f (.text:xdc_runtime_System_printf__E)
                  00008294    00000018     driverlib.lib : adc.obj (.text:ADCProcessorTrigger)
                  000082ac    00000018                   : gpio.obj (.text:GPIOPinTypeGPIOOutput)
                  000082c4    00000018     rtsv7M4_T_le_v4SPD16_eabi.lib : args_main.obj (.text)
                  000082dc    00000018                                   : strcmp.obj (.text)
                  000082f4    00000018     empty_pem4f.oem4f (.text:ti_sysbios_BIOS_rtsUnlock__I)
                  0000830c    00000018     empty_pem4f.oem4f (.text:ti_sysbios_family_arm_lm4_Timer_Module__startupDone__F)
                  00008324    00000018     empty_pem4f.oem4f (.text:ti_sysbios_family_arm_m3_Hwi_Module__startupDone__F)
                  0000833c    00000018     sysbios.aem4f : m3_TaskSupport_asm.obj (.text:ti_sysbios_family_arm_m3_TaskSupport_swap__E)
                  00008354    00000004     --HOLE-- [fill = 0]
                  00008358    00000018                   : BIOS.obj (.text:ti_sysbios_gates_GateMutex_leave__E)
                  00008370    00000018     ti.targets.arm.rtsarm.aem4f : Error.oem4f (.text:xdc_runtime_Error_check__E)
                  00008388    00000018                                 : System.oem4f (.text:xdc_runtime_System_exit__E)
                  000083a0    00000018                                 : Text.oem4f (.text:xdc_runtime_Text_ropeText__E)
                  000083b8    00000016     rtsv7M4_T_le_v4SPD16_eabi.lib : strchr.obj (.text)
                  000083ce    00000016     empty_pem4f.oem4f (.text:ti_sysbios_BIOS_exitFunc__I)
                  000083e4    00000014     driverlib.lib : uart.obj (.text:UARTEnable)
                  000083f8    00000014     main.obj (.text:getPrevError)
                  0000840c    00000014     rtsv7M4_T_le_v4SPD16_eabi.lib : _lock.obj (.text)
                  00008420    00000014                                   : s_copysign.obj (.text)
                  00008434    00000014                                   : strcpy.obj (.text)
                  00008448    00000014                                   : strlen.obj (.text)
                  0000845c    00000014     empty_pem4f.oem4f (.text:ti_sysbios_family_arm_m3_Hwi_Object__get__S)
                  00008470    00000014     sysbios.aem4f : BIOS.obj (.text:ti_sysbios_family_arm_m3_Hwi_switchFromBootStack__E)
                  00008484    00000014     empty_pem4f.oem4f (.text:ti_sysbios_heaps_HeapMem_Object__get__S)
                  00008498    00000014     empty_pem4f.oem4f (.text:ti_sysbios_knl_Swi_Object__get__S)
                  000084ac    00000012     driverlib.lib : gpio.obj (.text:GPIOPinTypeADC)
                  000084be    00000012                   : gpio.obj (.text:GPIOPinTypeGPIOInput)
                  000084d0    00000012                   : gpio.obj (.text:GPIOPinTypePWM)
                  000084e2    00000012                   : gpio.obj (.text:GPIOPinTypeUART)
                  000084f4    00000012                   : pwm.obj (.text:PWMOutputState)
                  00008506    00000012                   : timer.obj (.text:TimerLoadSet)
                  00008518    00000012     sysbios.aem4f : BIOS.obj (.text:ti_sysbios_hal_Hwi_Module_startup__E)
                  0000852a    00000012     empty_pem4f.oem4f (.text:xdc_runtime_Startup_exec__I)
                  0000853c    00000010     driverlib.lib : pwm.obj (.text:PWMGenPeriodSet)
                  0000854c    00000004     --HOLE-- [fill = 0]
                  00008550    00000010     sysbios.aem4f : BIOS.obj (.text:ti_sysbios_BIOS_setThreadType__E)
                  00008560    00000010                   : BIOS.obj (.text:ti_sysbios_BIOS_start__E)
                  00008570    00000010                   : m3_TaskSupport_asm.obj (.text:ti_sysbios_family_arm_m3_TaskSupport_glue)
                  00008580    00000010                   : BIOS.obj (.text:ti_sysbios_gates_GateMutex_Instance_finalize__E)
                  00008590    00000010                   : BIOS.obj (.text:ti_sysbios_knl_Semaphore_Instance_finalize__E)
                  000085a0    00000010                   : BIOS.obj (.text:ti_sysbios_knl_Swi_disable__E)
                  000085b0    00000010     empty_pem4f.oem4f (.text:ti_sysbios_knl_Task_Object__get__S)
                  000085c0    00000010     sysbios.aem4f : BIOS.obj (.text:ti_sysbios_knl_Task_disable__E)
                  000085d0    00000010     ti.targets.arm.rtsarm.aem4f : Gate.oem4f (.text:xdc_runtime_Gate_leaveSystem__E)
                  000085e0    00000010                                 : Memory.oem4f (.text:xdc_runtime_Memory_free__E)
                  000085f0    00000010                                 : SysMin.oem4f (.text:xdc_runtime_SysMin_ready__E)
                  00008600    00000010                                 : System.oem4f (.text:xdc_runtime_System_vsnprintf__E)
                  00008610    00000010     empty_pem4f.oem4f (.text:xdc_runtime_Text_visitRope__I)
                  00008620    0000000e     driverlib.lib : adc.obj (.text:ADCSequenceDisable)
                  0000862e    0000000e                   : adc.obj (.text:ADCSequenceEnable)
                  0000863c    0000000e                   : timer.obj (.text:TimerEnable)
                  0000864a    0000000e     rtsv7M4_T_le_v4SPD16_eabi.lib : copy_decompress_none.obj (.text:decompress:none)
                  00008658    0000000e     sysbios.aem4f : BIOS.obj (.text:ti_sysbios_knl_Idle_loop__E)
                  00008666    00000002     --HOLE-- [fill = 0]
                  00008668    0000000e                   : BIOS.obj (.text:ti_sysbios_knl_Queue_empty__E)
                  00008676    00000002     --HOLE-- [fill = 0]
                  00008678    0000000c     empty_pem4f.oem4f (.text:.bootCodeSection:ti_catalog_arm_cortexm4_tiva_ce_Boot_init__I)
                  00008684    0000000c     driverlib.lib : pwm.obj (.text:PWMGenEnable)
                  00008690    0000000c     sysbios.aem4f : BIOS.obj (.text:ti_sysbios_family_arm_lm4_Timer_getMaxTicks__E)
                  0000869c    00000004     --HOLE-- [fill = 0]
                  000086a0    0000000c                   : BIOS.obj (.text:ti_sysbios_family_arm_m3_TaskSupport_checkStack__E)
                  000086ac    00000004     --HOLE-- [fill = 0]
                  000086b0    0000000c                   : BIOS.obj (.text:ti_sysbios_gates_GateHwi_enter__E)
                  000086bc    0000000c     empty_pem4f.oem4f (.text:ti_sysbios_knl_Queue_Object__get__S)
                  000086c8    0000000c     ti.targets.arm.rtsarm.aem4f : Error.oem4f (.text:xdc_runtime_Error_init__E)
                  000086d4    0000000c                                 : Gate.oem4f (.text:xdc_runtime_Gate_enterSystem__E)
                  000086e0    0000000c                                 : Memory.oem4f (.text:xdc_runtime_Memory_calloc__E)
                  000086ec    0000000c                                 : Memory.oem4f (.text:xdc_runtime_Memory_getMaxDefaultTypeAlign__E)
                  000086f8    0000000a     driverlib.lib : adc.obj (.text:ADCIntClear)
                  00008702    0000000a                   : uart.obj (.text:UARTCharPut)
                  0000870c    0000000a     empty_pem4f.oem4f (.text:xdc_runtime_IHeap_alloc)
                  00008716    0000000a     empty_pem4f.oem4f (.text:xdc_runtime_IHeap_free)
                  00008720    00000008     driverlib.lib : timer.obj (.text:TimerIntEnable)
                  00008728    00000008     sysbios.aem4f : BIOS.obj (.text:ti_sysbios_family_arm_lm4_Timer_masterDisable__I)
                  00008730    00000008                   : BIOS.obj (.text:ti_sysbios_family_arm_m3_Hwi_doSwiRestore__I)
                  00008738    00000008                   : BIOS.obj (.text:ti_sysbios_family_arm_m3_Hwi_startup__E)
                  00008740    00000006     rtsv7M4_T_le_v4SPD16_eabi.lib : copy_decompress_rle.obj (.text:decompress:rle24)
                  00008746    00000006     Boot.aem4f : Boot_sysctl.oem4f (.text:ti_catalog_arm_cortexm4_tiva_ce_Boot_sysCtlDelayI__I)
                  0000874c    00000004     --HOLE-- [fill = 0]
                  00008750    00000006     sysbios.aem4f : BIOS.obj (.text:ti_sysbios_family_arm_m3_Hwi_doTaskRestore__I)
                  00008756    00000002     --HOLE-- [fill = 0]
                  00008758    00000006                   : BIOS.obj (.text:ti_sysbios_gates_GateHwi_leave__E)
                  0000875e    00000002     --HOLE-- [fill = 0]
                  00008760    00000006                   : BIOS.obj (.text:ti_sysbios_heaps_HeapMem_isBlocking__E)
                  00008766    00000002     --HOLE-- [fill = 0]
                  00008768    00000006                   : BIOS.obj (.text:ti_sysbios_knl_Queue_Instance_init__E)
                  0000876e    00000002     --HOLE-- [fill = 0]
                  00008770    00000006                   : BIOS.obj (.text:ti_sysbios_knl_Swi_startup__E)
                  00008776    00000006     ti.targets.arm.rtsarm.aem4f : System.oem4f (.text:xdc_runtime_System_Module_startup__E)
                  0000877c    00000004     --HOLE-- [fill = 0]
                  00008780    00000004     sysbios.aem4f : BIOS.obj (.text:ti_sysbios_gates_GateHwi_query__E)
                  00008784    00000004     --HOLE-- [fill = 0]
                  00008788    00000004                   : BIOS.obj (.text:ti_sysbios_gates_GateMutex_query__E)
                  0000878c    00000004     --HOLE-- [fill = 0]
                  00008790    00000004                   : BIOS.obj (.text:ti_sysbios_knl_Task_startup__E)
                  00008794    00000004     --HOLE-- [fill = 0]
                  00008798    00000002                   : BIOS.obj (.text:ti_sysbios_gates_GateHwi_Instance_init__E)
                  0000879a    00000006     --HOLE-- [fill = 0]
                  000087a0    00000002                   : BIOS.obj (.text:ti_sysbios_knl_Clock_logTick__E)

.const     0    000087a8    00001fe6     
                  000087a8    000018ce     empty_pem4f.oem4f (.const:xdc_runtime_Text_charTab__A)
                  0000a076    00000101     rtsv7M4_T_le_v4SPD16_eabi.lib : ctype.obj (.const:.string:_ctypes_)
                  0000a177    00000001     empty_pem4f.oem4f (.const:xdc_runtime_Error_policy__C)
                  0000a178    000000bc     empty_pem4f.oem4f (.const:xdc_runtime_Text_nodeTab__A)
                  0000a234    00000090     driverlib.lib : gpio.obj (.const:g_pui32GPIOBaseAddrs)
                  0000a2c4    0000006c                   : sysctl.obj (.const:g_pui32Xtals)
                  0000a330    00000048     empty_pem4f.oem4f (.const:.string)
                  0000a378    00000030     rtsv7M4_T_le_v4SPD16_eabi.lib : e_pow.obj (.const:$O1$$)
                  0000a3a8    00000028     empty_pem4f.oem4f (.const:ti_sysbios_heaps_HeapMem_Module__FXNS__C)
                  0000a3d0    00000024     empty_pem4f.oem4f (.const)
                  0000a3f4    00000024     empty_pem4f.oem4f (.const:ti_sysbios_gates_GateHwi_Module__FXNS__C)
                  0000a418    00000024     empty_pem4f.oem4f (.const:ti_sysbios_gates_GateMutex_Module__FXNS__C)
                  0000a43c    00000024     empty_pem4f.oem4f (.const:ti_sysbios_heaps_HeapMem_Object__PARAMS__C)
                  0000a460    00000024     empty_pem4f.oem4f (.const:ti_sysbios_knl_Semaphore_Object__PARAMS__C)
                  0000a484    00000020     empty_pem4f.oem4f (.const:ti_sysbios_gates_GateHwi_Object__DESC__C)
                  0000a4a4    00000020     empty_pem4f.oem4f (.const:ti_sysbios_gates_GateMutex_Object__DESC__C)
                  0000a4c4    00000020     empty_pem4f.oem4f (.const:ti_sysbios_heaps_HeapMem_Object__DESC__C)
                  0000a4e4    00000020     empty_pem4f.oem4f (.const:ti_sysbios_knl_Queue_Object__DESC__C)
                  0000a504    00000020     empty_pem4f.oem4f (.const:ti_sysbios_knl_Semaphore_Object__DESC__C)
                  0000a524    00000020     empty_pem4f.oem4f (.const:xdc_runtime_Startup_sfxnTab__A)
                  0000a544    00000018     empty_pem4f.oem4f (.const:ti_sysbios_gates_GateHwi_Object__PARAMS__C)
                  0000a55c    00000018     empty_pem4f.oem4f (.const:ti_sysbios_gates_GateMutex_Object__PARAMS__C)
                  0000a574    00000018     empty_pem4f.oem4f (.const:ti_sysbios_knl_Queue_Object__PARAMS__C)
                  0000a58c    00000014     empty_pem4f.oem4f (.const:xdc_runtime_Startup_firstFxns__A)
                  0000a5a0    00000012     uartstdio.obj (.const:.string)
                  0000a5b2    00000010     empty_pem4f.oem4f (.const:xdc_runtime_Startup_sfxnRts__A)
                  0000a5c2    00000002     empty_pem4f.oem4f (.const:ti_catalog_arm_cortexm4_tiva_ce_Boot_Module__id__C)
                  0000a5c4    0000000c     uartstdio.obj (.const:g_ui32UARTBase)
                  0000a5d0    0000000c     uartstdio.obj (.const:g_ui32UARTPeriph)
                  0000a5dc    00000008     empty_pem4f.oem4f (.const:ti_sysbios_family_arm_m3_Hwi_excHookFuncs__A)
                  0000a5e4    00000008     empty_pem4f.oem4f (.const:ti_sysbios_knl_Idle_funcList__C)
                  0000a5ec    00000008     empty_pem4f.oem4f (.const:xdc_runtime_Startup_firstFxns__C)
                  0000a5f4    00000008     empty_pem4f.oem4f (.const:xdc_runtime_Startup_lastFxns__C)
                  0000a5fc    00000004     empty_pem4f.oem4f (.const:ti_catalog_arm_cortexm4_tiva_ce_Boot_A_mustUseEnhancedClockMode__C)
                  0000a600    00000004     empty_pem4f.oem4f (.const:ti_catalog_arm_cortexm4_tiva_ce_Boot_Module__diagsEnabled__C)
                  0000a604    00000004     empty_pem4f.oem4f (.const:ti_catalog_arm_cortexm4_tiva_ce_Boot_Module__diagsIncluded__C)
                  0000a608    00000004     empty_pem4f.oem4f (.const:ti_catalog_arm_cortexm4_tiva_ce_Boot_Module__diagsMask__C)
                  0000a60c    00000004     empty_pem4f.oem4f (.const:ti_sysbios_family_arm_lm4_Timer_enableFunc__C)
                  0000a610    00000004     empty_pem4f.oem4f (.const:ti_sysbios_family_arm_lm4_Timer_numTimerDevices__C)
                  0000a614    00000004     empty_pem4f.oem4f (.const:ti_sysbios_family_arm_lm4_Timer_startupNeeded__C)
                  0000a618    00000004     empty_pem4f.oem4f (.const:ti_sysbios_family_arm_m3_Hwi_E_NMI__C)
                  0000a61c    00000004     empty_pem4f.oem4f (.const:ti_sysbios_family_arm_m3_Hwi_E_busFault__C)
                  0000a620    00000004     empty_pem4f.oem4f (.const:ti_sysbios_family_arm_m3_Hwi_E_debugMon__C)
                  0000a624    00000004     empty_pem4f.oem4f (.const:ti_sysbios_family_arm_m3_Hwi_E_hardFault__C)
                  0000a628    00000004     empty_pem4f.oem4f (.const:ti_sysbios_family_arm_m3_Hwi_E_memFault__C)
                  0000a62c    00000004     empty_pem4f.oem4f (.const:ti_sysbios_family_arm_m3_Hwi_E_noIsr__C)
                  0000a630    00000004     empty_pem4f.oem4f (.const:ti_sysbios_family_arm_m3_Hwi_E_reserved__C)
                  0000a634    00000004     empty_pem4f.oem4f (.const:ti_sysbios_family_arm_m3_Hwi_E_svCall__C)
                  0000a638    00000004     empty_pem4f.oem4f (.const:ti_sysbios_family_arm_m3_Hwi_E_usageFault__C)
                  0000a63c    00000004     empty_pem4f.oem4f (.const:ti_sysbios_family_arm_m3_Hwi_NUM_INTERRUPTS__C)
                  0000a640    00000004     empty_pem4f.oem4f (.const:ti_sysbios_family_arm_m3_Hwi_Object__count__C)
                  0000a644    00000004     empty_pem4f.oem4f (.const:ti_sysbios_family_arm_m3_Hwi_ccr__C)
                  0000a648    00000004     empty_pem4f.oem4f (.const:ti_sysbios_family_arm_m3_Hwi_excHandlerFunc__C)
                  0000a64c    00000004     empty_pem4f.oem4f (.const:ti_sysbios_family_arm_m3_Hwi_excHookFuncs__C)
                  0000a650    00000004     empty_pem4f.oem4f (.const:ti_sysbios_family_arm_m3_Hwi_nullIsrFunc__C)
                  0000a654    00000004     empty_pem4f.oem4f (.const:ti_sysbios_family_arm_m3_Hwi_priGroup__C)
                  0000a658    00000004     empty_pem4f.oem4f (.const:ti_sysbios_gates_GateMutex_A_badContext__C)
                  0000a65c    00000004     empty_pem4f.oem4f (.const:ti_sysbios_gates_GateMutex_Instance_State_sem__O)
                  0000a660    00000004     empty_pem4f.oem4f (.const:ti_sysbios_gates_GateMutex_Module__diagsEnabled__C)
                  0000a664    00000004     empty_pem4f.oem4f (.const:ti_sysbios_gates_GateMutex_Module__diagsIncluded__C)
                  0000a668    00000004     empty_pem4f.oem4f (.const:ti_sysbios_gates_GateMutex_Module__diagsMask__C)
                  0000a66c    00000004     empty_pem4f.oem4f (.const:ti_sysbios_hal_Hwi_E_stackOverflow__C)
                  0000a670    00000004     empty_pem4f.oem4f (.const:ti_sysbios_heaps_HeapMem_A_align__C)
                  0000a674    00000004     empty_pem4f.oem4f (.const:ti_sysbios_heaps_HeapMem_A_heapSize__C)
                  0000a678    00000004     empty_pem4f.oem4f (.const:ti_sysbios_heaps_HeapMem_A_invalidFree__C)
                  0000a67c    00000004     empty_pem4f.oem4f (.const:ti_sysbios_heaps_HeapMem_A_zeroBlock__C)
                  0000a680    00000004     empty_pem4f.oem4f (.const:ti_sysbios_heaps_HeapMem_E_memory__C)
                  0000a684    00000004     empty_pem4f.oem4f (.const:ti_sysbios_heaps_HeapMem_Module__diagsEnabled__C)
                  0000a688    00000004     empty_pem4f.oem4f (.const:ti_sysbios_heaps_HeapMem_Module__diagsIncluded__C)
                  0000a68c    00000004     empty_pem4f.oem4f (.const:ti_sysbios_heaps_HeapMem_Module__diagsMask__C)
                  0000a690    00000004     empty_pem4f.oem4f (.const:ti_sysbios_heaps_HeapMem_Module__gateObj__C)
                  0000a694    00000004     empty_pem4f.oem4f (.const:ti_sysbios_heaps_HeapMem_Object__count__C)
                  0000a698    00000004     empty_pem4f.oem4f (.const:ti_sysbios_heaps_HeapMem_reqAlign__C)
                  0000a69c    00000004     empty_pem4f.oem4f (.const:ti_sysbios_knl_Clock_Module_State_clockQ__O)
                  0000a6a0    00000004     empty_pem4f.oem4f (.const:ti_sysbios_knl_Idle_funcList__A)
                  0000a6a4    00000004     empty_pem4f.oem4f (.const:ti_sysbios_knl_Semaphore_A_badContext__C)
                  0000a6a8    00000004     empty_pem4f.oem4f (.const:ti_sysbios_knl_Semaphore_A_noEvents__C)
                  0000a6ac    00000004     empty_pem4f.oem4f (.const:ti_sysbios_knl_Semaphore_A_overflow__C)
                  0000a6b0    00000004     empty_pem4f.oem4f (.const:ti_sysbios_knl_Semaphore_A_pendTaskDisabled__C)
                  0000a6b4    00000004     empty_pem4f.oem4f (.const:ti_sysbios_knl_Semaphore_Instance_State_pendQ__O)
                  0000a6b8    00000004     empty_pem4f.oem4f (.const:ti_sysbios_knl_Semaphore_Module__diagsEnabled__C)
                  0000a6bc    00000004     empty_pem4f.oem4f (.const:ti_sysbios_knl_Semaphore_Module__diagsIncluded__C)
                  0000a6c0    00000004     empty_pem4f.oem4f (.const:ti_sysbios_knl_Semaphore_Module__diagsMask__C)
                  0000a6c4    00000004     empty_pem4f.oem4f (.const:ti_sysbios_knl_Swi_Object__count__C)
                  0000a6c8    00000004     empty_pem4f.oem4f (.const:ti_sysbios_knl_Task_E_spOutOfBounds__C)
                  0000a6cc    00000004     empty_pem4f.oem4f (.const:ti_sysbios_knl_Task_E_stackOverflow__C)
                  0000a6d0    00000004     empty_pem4f.oem4f (.const:ti_sysbios_knl_Task_Module_State_inactiveQ__O)
                  0000a6d4    00000004     empty_pem4f.oem4f (.const:ti_sysbios_knl_Task_Object__count__C)
                  0000a6d8    00000004     empty_pem4f.oem4f (.const:ti_sysbios_knl_Task_allBlockedFunc__C)
                  0000a6dc    00000004     empty_pem4f.oem4f (.const:ti_sysbios_knl_Task_numConstructedTasks__C)
                  0000a6e0    00000004     uartstdio.obj (.const)
                  0000a6e4    00000004     empty_pem4f.oem4f (.const:xdc_runtime_Assert_E_assertFailed__C)
                  0000a6e8    00000004     empty_pem4f.oem4f (.const:xdc_runtime_Core_A_initializedParams__C)
                  0000a6ec    00000004     empty_pem4f.oem4f (.const:xdc_runtime_Core_Module__diagsEnabled__C)
                  0000a6f0    00000004     empty_pem4f.oem4f (.const:xdc_runtime_Core_Module__diagsIncluded__C)
                  0000a6f4    00000004     empty_pem4f.oem4f (.const:xdc_runtime_Core_Module__diagsMask__C)
                  0000a6f8    00000004     empty_pem4f.oem4f (.const:xdc_runtime_Error_E_memory__C)
                  0000a6fc    00000004     empty_pem4f.oem4f (.const:xdc_runtime_Error_Module__diagsEnabled__C)
                  0000a700    00000004     empty_pem4f.oem4f (.const:xdc_runtime_Error_Module__diagsIncluded__C)
                  0000a704    00000004     empty_pem4f.oem4f (.const:xdc_runtime_Error_Module__diagsMask__C)
                  0000a708    00000004     empty_pem4f.oem4f (.const:xdc_runtime_Error_Module__loggerFxn8__C)
                  0000a70c    00000004     empty_pem4f.oem4f (.const:xdc_runtime_Error_Module__loggerObj__C)
                  0000a710    00000004     empty_pem4f.oem4f (.const:xdc_runtime_Error_policyFxn__C)
                  0000a714    00000004     empty_pem4f.oem4f (.const:xdc_runtime_Error_raiseHook__C)
                  0000a718    00000004     empty_pem4f.oem4f (.const:xdc_runtime_IGateProvider_Interface__BASE__C)
                  0000a71c    00000004     empty_pem4f.oem4f (.const:xdc_runtime_IHeap_Interface__BASE__C)
                  0000a720    00000004     empty_pem4f.oem4f (.const:xdc_runtime_IModule_Interface__BASE__C)
                  0000a724    00000004     empty_pem4f.oem4f (.const:xdc_runtime_Log_L_error__C)
                  0000a728    00000004     empty_pem4f.oem4f (.const:xdc_runtime_Memory_defaultHeapInstance__C)
                  0000a72c    00000004     empty_pem4f.oem4f (.const:xdc_runtime_Startup_execImpl__C)
                  0000a730    00000004     empty_pem4f.oem4f (.const:xdc_runtime_Startup_maxPasses__C)
                  0000a734    00000004     empty_pem4f.oem4f (.const:xdc_runtime_Startup_sfxnRts__C)
                  0000a738    00000004     empty_pem4f.oem4f (.const:xdc_runtime_Startup_sfxnTab__C)
                  0000a73c    00000004     empty_pem4f.oem4f (.const:xdc_runtime_SysMin_bufSize__C)
                  0000a740    00000004     empty_pem4f.oem4f (.const:xdc_runtime_SysMin_outputFunc__C)
                  0000a744    00000004     empty_pem4f.oem4f (.const:xdc_runtime_System_Module__gateObj__C)
                  0000a748    00000004     empty_pem4f.oem4f (.const:xdc_runtime_System_abortFxn__C)
                  0000a74c    00000004     empty_pem4f.oem4f (.const:xdc_runtime_System_exitFxn__C)
                  0000a750    00000004     empty_pem4f.oem4f (.const:xdc_runtime_System_extendFxn__C)
                  0000a754    00000004     empty_pem4f.oem4f (.const:xdc_runtime_System_maxAtexitHandlers__C)
                  0000a758    00000004     empty_pem4f.oem4f (.const:xdc_runtime_Text_charTab__C)
                  0000a75c    00000004     empty_pem4f.oem4f (.const:xdc_runtime_Text_nameEmpty__C)
                  0000a760    00000004     empty_pem4f.oem4f (.const:xdc_runtime_Text_nameStatic__C)
                  0000a764    00000004     empty_pem4f.oem4f (.const:xdc_runtime_Text_nameUnknown__C)
                  0000a768    00000004     empty_pem4f.oem4f (.const:xdc_runtime_Text_nodeTab__C)
                  0000a76c    00000004     empty_pem4f.oem4f (.const:xdc_runtime_Text_visitRopeFxn__C)
                  0000a770    00000002     empty_pem4f.oem4f (.const:ti_sysbios_family_arm_m3_Hwi_Module__id__C)
                  0000a772    00000002     empty_pem4f.oem4f (.const:ti_sysbios_gates_GateMutex_Module__id__C)
                  0000a774    00000002     empty_pem4f.oem4f (.const:ti_sysbios_hal_Hwi_Module__id__C)
                  0000a776    00000002     empty_pem4f.oem4f (.const:ti_sysbios_heaps_HeapMem_Module__id__C)
                  0000a778    00000002     empty_pem4f.oem4f (.const:ti_sysbios_knl_Semaphore_Module__id__C)
                  0000a77a    00000002     empty_pem4f.oem4f (.const:ti_sysbios_knl_Task_Module__id__C)
                  0000a77c    00000002     empty_pem4f.oem4f (.const:xdc_runtime_Core_Module__id__C)
                  0000a77e    00000002     empty_pem4f.oem4f (.const:xdc_runtime_Error_Module__loggerDefined__C)
                  0000a780    00000002     empty_pem4f.oem4f (.const:xdc_runtime_Error_maxDepth__C)
                  0000a782    00000002     empty_pem4f.oem4f (.const:xdc_runtime_Memory_Module__id__C)
                  0000a784    00000002     empty_pem4f.oem4f (.const:xdc_runtime_SysMin_flushAtExit__C)
                  0000a786    00000002     empty_pem4f.oem4f (.const:xdc_runtime_Text_charCnt__C)
                  0000a788    00000002     empty_pem4f.oem4f (.const:xdc_runtime_Text_isLoaded__C)
                  0000a78a    00000002     empty_pem4f.oem4f (.const:xdc_runtime_Text_registryModsLastId__C)
                  0000a78c    00000002     empty_pem4f.oem4f (.const:xdc_runtime_Text_unnamedModsLastId__C)

.cinit     0    0000a790    0000041c     
                  0000a790    000003d9     (.cinit..data.load) [load image, compression = rle]
                  0000ab69    00000007     --HOLE-- [fill = 0]
                  0000ab70    0000000b     (.cinit..bss.load) [load image, compression = rle]
                  0000ab7b    00000005     --HOLE-- [fill = 0]
                  0000ab80    0000000b     (.cinit..vecs.load) [load image, compression = rle]
                  0000ab8b    00000001     --HOLE-- [fill = 0]
                  0000ab8c    00000008     (__TI_handler_table)
                  0000ab94    00000018     (__TI_cinit_table)

.init_array 
*          0    00000000    00000000     UNINITIALIZED

.resetVecs 
*          0    00000000    0000003c     
                  00000000    0000003c     empty_pem4f.oem4f (.resetVecs)

.vecs      0    20000000    00000360     UNINITIALIZED
                  20000000    00000360     empty_pem4f.oem4f (.vecs)

.bss       0    20000360    00001880     UNINITIALIZED
                  20000360    00000dd0     empty_pem4f.oem4f (.bss:taskStackSection)
                  20001130    00000400     (.common:ti_sysbios_heaps_HeapMem_Instance_State_0_buf__A)
                  20001530    00000360     (.common:ti_sysbios_family_arm_m3_Hwi_dispatchTable)
                  20001890    00000120     rtsv7M4_T_le_v4SPD16_eabi.lib : trgmsg.obj (.bss:_CIOBUF_)
                  200019b0    000000a0     (.common:Buffer1)
                  20001a50    000000a0     (.common:Buffer2)
                  20001af0    00000080     (.common:xdc_runtime_SysMin_Module_State_0_outbuf__A)
                  20001b70    00000068     (.common:pidS)
                  20001bd8    00000008                                   : trgdrv.obj (.bss:parmbuf)

.data      0    20001be0    000005aa     UNINITIALIZED
                  20001be0    0000017c     empty_pem4f.oem4f (.data:ti_sysbios_knl_Task_Object__table__V)
                  20001d5c    00000080     empty_pem4f.oem4f (.data:ti_sysbios_knl_Swi_Module_State_0_readyQ__A)
                  20001ddc    00000080     empty_pem4f.oem4f (.data:ti_sysbios_knl_Task_Module_State_0_readyQ__A)
                  20001e5c    00000050     empty_pem4f.oem4f (.data:ti_sysbios_knl_Semaphore_Object__table__V)
                  20001eac    00000044     empty_pem4f.oem4f (.data:ti_sysbios_knl_Task_Module__state__V)
                  20001ef0    00000040     empty_pem4f.oem4f (.data:ti_sysbios_family_arm_lm4_Timer_Object__table__V)
                  20001f30    00000038     empty_pem4f.oem4f (.data:ti_sysbios_gates_GateMutex_Object__table__V)
                  20001f68    00000034     empty_pem4f.oem4f (.data:ti_sysbios_family_arm_m3_Hwi_Module__state__V)
                  20001f9c    00000030     empty_pem4f.oem4f (.data:ti_sysbios_family_arm_lm4_Timer_Module_State_0_device__A)
                  20001fcc    00000030     empty_pem4f.oem4f (.data:ti_sysbios_family_arm_m3_Hwi_Object__table__V)
                  20001ffc    00000030     empty_pem4f.oem4f (.data:ti_sysbios_knl_Swi_Object__table__V)
                  2000202c    0000002c     empty_pem4f.oem4f (.data:ti_sysbios_knl_Clock_Module__state__V)
                  20002058    00000028     main.obj (.data)
                  20002080    00000024     empty_pem4f.oem4f (.data:ti_sysbios_BIOS_Module__state__V)
                  200020a4    0000001c     empty_pem4f.oem4f (.data:ti_sysbios_knl_Swi_Module__state__V)
                  200020c0    00000018     empty_pem4f.oem4f (.data:ti_sysbios_family_arm_lm4_Timer_Module_State_0_handles__A)
                  200020d8    00000018     empty_pem4f.oem4f (.data:ti_sysbios_heaps_HeapMem_Object__table__V)
                  200020f0    0000000c     rtsv7M4_T_le_v4SPD16_eabi.lib : exit.obj (.data:$O1$$)
                  200020fc    0000000c     empty_pem4f.oem4f (.data:ti_sysbios_family_arm_lm4_Timer_Module__state__V)
                  20002108    0000000c     empty_pem4f.oem4f (.data:xdc_runtime_SysMin_Module__state__V)
                  20002114    00000008     rtsv7M4_T_le_v4SPD16_eabi.lib : _lock.obj (.data:$O1$$)
                  2000211c    00000008     empty_pem4f.oem4f (.data:ti_sysbios_gates_GateHwi_Module__root__V)
                  20002124    00000008     empty_pem4f.oem4f (.data:ti_sysbios_gates_GateMutex_Module__root__V)
                  2000212c    00000008     empty_pem4f.oem4f (.data:ti_sysbios_heaps_HeapMem_Module__root__V)
                  20002134    00000008     empty_pem4f.oem4f (.data:ti_sysbios_knl_Queue_Module__root__V)
                  2000213c    00000008     empty_pem4f.oem4f (.data:ti_sysbios_knl_Semaphore_Module__root__V)
                  20002144    00000008     empty_pem4f.oem4f (.data:xdc_runtime_Registry_Module__state__V)
                  2000214c    00000008     empty_pem4f.oem4f (.data:xdc_runtime_Startup_Module__state__V)
                  20002154    00000008     empty_pem4f.oem4f (.data:xdc_runtime_System_Module_State_0_atexitHandlers__A)
                  2000215c    00000008     empty_pem4f.oem4f (.data:xdc_runtime_System_Module__state__V)
                  20002164    00000005     uartstdio.obj (.data)
                  20002169    00000001     --HOLE--
                  2000216a    00000002     empty_pem4f.oem4f (.data:ti_sysbios_family_arm_m3_Hwi_Module_State_0_excActive__A)
                  2000216c    00000004     rtsv7M4_T_le_v4SPD16_eabi.lib : errno.obj (.data)
                  20002170    00000004                                   : stkdepth_vars.obj (.data)
                  20002174    00000004     empty_pem4f.oem4f (.data:ti_sysbios_family_arm_m3_Hwi_Module_State_0_excContext__A)
                  20002178    00000004     empty_pem4f.oem4f (.data:ti_sysbios_family_arm_m3_Hwi_Module_State_0_excStack__A)
                  2000217c    00000004     empty_pem4f.oem4f (.data:ti_sysbios_gates_GateHwi_Object__table__V)
                  20002180    00000004     empty_pem4f.oem4f (.data:ti_sysbios_knl_Task_Module_State_0_idleTask__A)
                  20002184    00000004     empty_pem4f.oem4f (.data:xdc_runtime_Memory_Module__state__V)
                  20002188    00000002     empty_pem4f.oem4f (.data:xdc_runtime_Error_Module__state__V)

.stack     0    2000218c    00000300     UNINITIALIZED
                  2000218c    00000300     --HOLE--

.bootVecs 
*          0    00000000    00000008     DSECT
                  00000000    00000008     boot.aem4f : boot.oem4f (.bootVecs)

xdc.meta   0    00000000    000000e3     COPY SECTION
                  00000000    000000e3     empty_pem4f.oem4f (xdc.meta)

MODULE SUMMARY

       Module                     code    ro data   rw data
       ------                     ----    -------   -------
    .\
       main.obj                   1628    0         464    
       uartstdio.obj              976     46        5      
       Driver.obj                 926     0         0      
       Utilities.obj              668     0         0      
    +--+--------------------------+-------+---------+---------+
       Total:                     4198    46        469    
                                                           
    C:\Users\Charles\workspace_v6_2\Milestone8\Debug\configPkg\package\cfg\
       empty_pem4f.oem4f          1446    7623      7792   
    +--+--------------------------+-------+---------+---------+
       Total:                     1446    7623      7792   
                                                           
    C:/ti/tirtos_tivac_2_16_01_14/products/TivaWare_C_Series-2.1.1.71b/driverlib/ccs/Debug/driverlib.lib
       sysctl.obj                 678     108       0      
       gpio.obj                   526     144       0      
       adc.obj                    322     0         0      
       timer.obj                  140     0         0      
       uart.obj                   124     0         0      
       pwm.obj                    110     0         0      
    +--+--------------------------+-------+---------+---------+
       Total:                     1900    252       0      
                                                           
    C:\Users\Charles\workspace_v6_2\Milestone8\src\sysbios\sysbios.aem4f
       BIOS.obj                   10108   0         0      
       m3_Hwi_asm.obj             314     0         0      
       m3_TaskSupport_asm.obj     180     0         0      
       m3_Hwi_asm_switch.obj      118     0         0      
    +--+--------------------------+-------+---------+---------+
       Total:                     10720   0         0      
                                                           
    C:\ti\ccsv6\tools\compiler\arm_15.12.3.LTS\lib\rtsv7M4_T_le_v4SPD16_eabi.lib
       _printfi.obj               4368    0         0      
       e_pow.obj                  2476    48        0      
       trgdrv.obj                 804     0         8      
       ull_div_t2.obj             500     0         0      
       fd_add_t2.obj              438     0         0      
       trgmsg.obj                 104     0         288    
       e_sqrt.obj                 368     0         0      
       fd_div_t2.obj              310     0         0      
       fd_cmp_t2.obj              268     0         0      
       ctype.obj                  0       257       0      
       fd_mul_t2.obj              252     0         0      
       s_scalbn.obj               252     0         0      
       memcpy_t2.obj              156     0         0      
       memset_t2.obj              122     0         0      
       copy_decompress_rle.obj    112     0         0      
       s_frexp.obj                100     0         0      
       exit.obj                   84      0         12     
       sprintf.obj                96      0         0      
       ltoa.obj                   86      0         0      
       atoi.obj                   76      0         0      
       cpy_tbl.obj                76      0         0      
       fd_toi_t2.obj              72      0         0      
       fd_tou_t2.obj              68      0         0      
       u_divt2.obj                64      0         0      
       i_tofd_t2.obj              46      0         0      
       u_tofd_t2.obj              32      0         0      
       _lock.obj                  20      0         8      
       memccpy.obj                28      0         0      
       args_main.obj              24      0         0      
       strcmp.obj                 24      0         0      
       strchr.obj                 22      0         0      
       s_copysign.obj             20      0         0      
       strcpy.obj                 20      0         0      
       strlen.obj                 20      0         0      
       copy_decompress_none.obj   14      0         0      
       errno.obj                  0       0         4      
       stkdepth_vars.obj          0       0         4      
       i_div0.obj                 2       0         0      
    +--+--------------------------+-------+---------+---------+
       Total:                     11524   305       324    
                                                           
    C:\ti\tirtos_tivac_2_16_01_14\products\bios_6_45_02_31\packages\ti\catalog\arm\cortexm4\tiva\ce\lib\Boot.aem4f
       Boot_sysctl.oem4f          262     0         0      
       Boot.oem4f                 152     0         0      
    +--+--------------------------+-------+---------+---------+
       Total:                     414     0         0      
                                                           
    C:\ti\tirtos_tivac_2_16_01_14\products\bios_6_45_02_31\packages\ti\targets\arm\rtsarm\lib\auto_init.aem4f
       auto_init.oem4f            160     0         0      
    +--+--------------------------+-------+---------+---------+
       Total:                     160     0         0      
                                                           
    C:\ti\tirtos_tivac_2_16_01_14\products\bios_6_45_02_31\packages\ti\targets\arm\rtsarm\lib\boot.aem4f
       boot.oem4f                 88      0         0      
    +--+--------------------------+-------+---------+---------+
       Total:                     88      0         0      
                                                           
    C:\ti\tirtos_tivac_2_16_01_14\products\bios_6_45_02_31\packages\ti\targets\arm\rtsarm\lib\ti.targets.arm.rtsarm.aem4f
       System.oem4f               1255    0         0      
       Text.oem4f                 672     0         0      
       Error.oem4f                524     0         0      
       Core-mem.oem4f             358     0         0      
       Startup.oem4f              328     0         0      
       SysMin.oem4f               248     0         0      
       Core-smem.oem4f            204     0         0      
       Memory.oem4f               176     0         0      
       Assert.oem4f               84      0         0      
       Core-params.oem4f          70      0         0      
       Core-label.oem4f           52      0         0      
       Registry.oem4f             32      0         0      
       Gate.oem4f                 28      0         0      
    +--+--------------------------+-------+---------+---------+
       Total:                     4031    0         0      
                                                           
       Stack:                     0       0         768    
       Linker Generated:          0       1039      0      
    +--+--------------------------+-------+---------+---------+
       Grand Total:               34481   9265      9353   


LINKER GENERATED COPY TABLES

__TI_cinit_table @ 0000ab94 records: 3, size/record: 8, table size: 24
	.data: load addr=0000a790, load size=000003d9 bytes, run addr=20001be0, run size=000005aa bytes, compression=rle
	.bss: load addr=0000ab70, load size=0000000b bytes, run addr=20000360, run size=00001880 bytes, compression=rle
	.vecs: load addr=0000ab80, load size=0000000b bytes, run addr=20000000, run size=00000360 bytes, compression=rle


LINKER GENERATED HANDLER TABLE

__TI_handler_table @ 0000ab8c records: 2, size/record: 4, table size: 8
	index: 0, handler: __TI_decompress_rle24
	index: 1, handler: __TI_decompress_none


GLOBAL SYMBOLS: SORTED ALPHABETICALLY BY Name 

address   name                                                              
-------   ----                                                              
000086f9  ADCIntClear                                                       
00007b71  ADCIntStatus                                                      
00008295  ADCProcessorTrigger                                               
00007591  ADCSequenceConfigure                                              
00008049  ADCSequenceDataGet                                                
00008621  ADCSequenceDisable                                                
0000862f  ADCSequenceEnable                                                 
0000617d  ADCSequenceStepConfigure                                          
0000a3e4  AcquireDataHandle                                                 
0000a3ec  AcquireDataSem                                                    
00006075  AcquireDataTask                                                   
200019b0  Buffer1                                                           
20001a50  Buffer2                                                           
00006dc9  C$$EXIT                                                           
00006687  C$$IO$$                                                           
00007c81  GPIODirModeSet                                                    
00004089  GPIOPadConfigSet                                                  
00007135  GPIOPinConfigure                                                  
000063c3  GPIOPinRead                                                       
000084ad  GPIOPinTypeADC                                                    
000084bf  GPIOPinTypeGPIOInput                                              
000082ad  GPIOPinTypeGPIOOutput                                             
000084d1  GPIOPinTypePWM                                                    
000084e3  GPIOPinTypeUART                                                   
0000754b  GPIOPinWrite                                                      
00002553  HOSTclock                                                         
0000251b  HOSTclose                                                         
000024dd  HOSTgetenv                                                        
00002481  HOSTlseek                                                         
0000242f  HOSTopen                                                          
000023e3  HOSTread                                                          
00002385  HOSTrename                                                        
0000234b  HOSTtime                                                          
00002301  HOSTtime64                                                        
000022c9  HOSTunlink                                                        
0000227d  HOSTwrite                                                         
000052a9  InitAnalog                                                        
00005e59  InitBluetooth                                                     
00004409  InitHardware                                                      
000050f5  InitMotors                                                        
00004f19  InitPID                                                           
00006d21  InitTimer                                                         
0000a3e0  LightHandle                                                       
0000a3dc  LightSem                                                          
0000a3d8  PIDHandle                                                         
0000a3d4  PIDSem                                                            
0000685d  PIDTask                                                           
000035b9  PIDUpdate                                                         
00007e99  PWMGenConfigure                                                   
00008685  PWMGenEnable                                                      
0000853d  PWMGenPeriodSet                                                   
000084f5  PWMOutputState                                                    
00008067  PWMPulseWidthSet                                                  
UNDEFED   SHT$$INIT_ARRAY$$Base                                             
UNDEFED   SHT$$INIT_ARRAY$$Limit                                            
00004641  SysCtlClockGet                                                    
00004e29  SysCtlClockSet                                                    
00007ebb  SysCtlDelay                                                       
00007819  SysCtlPeripheralEnable                                            
0000768d  SysCtlPeripheralPresent                                           
000076c5  SysCtlPeripheralReady                                             
000068bd  TimerConfigure                                                    
0000863d  TimerEnable                                                       
00005655  TimerInt                                                          
00001afd  TimerIntClear                                                     
00008721  TimerIntEnable                                                    
0000a3d0  TimerIntHandle                                                    
00008507  TimerLoadSet                                                      
0000a3e8  TxDataHandle                                                      
0000a3f0  TxDataSem                                                         
00003f55  TxDataTask                                                        
00008703  UARTCharPut                                                       
000074c9  UARTConfigSetExpClk                                               
000080a5  UARTDisable                                                       
000083e5  UARTEnable                                                        
00006d75  UARTStdioConfig                                                   
00007d4d  UARTprintf                                                        
000025a1  UARTvprintf                                                       
00006f61  UARTwrite                                                         
00000000  __ASM__                                                           
20001890  __CIOBUF_                                                         
00000061  __ISA__                                                           
00000074  __PLAT__                                                          
2000248c  __STACK_END                                                       
00000300  __STACK_SIZE                                                      
00000095  __TARG__                                                          
0000ab94  __TI_CINIT_Base                                                   
0000abac  __TI_CINIT_Limit                                                  
0000ab8c  __TI_Handler_Table_Base                                           
0000ab94  __TI_Handler_Table_Limit                                          
00005859  __TI_auto_init                                                    
200020f0  __TI_cleanup_ptr                                                  
0000864b  __TI_decompress_none                                              
00008741  __TI_decompress_rle24                                             
200020f4  __TI_dtors_ptr                                                    
200020f8  __TI_enable_exit_profile_output                                   
ffffffff  __TI_pprof_out_hndl                                               
00000e4b  __TI_printfi                                                      
ffffffff  __TI_prof_data_size                                               
ffffffff  __TI_prof_data_start                                              
0000668b  __TI_readmsg                                                      
0000a790  __TI_static_base__                                                
00006659  __TI_writemsg                                                     
000000bb  __TRDR__                                                          
00005f69  __aeabi_cdcmpeq                                                   
00005f69  __aeabi_cdcmple                                                   
00005fef  __aeabi_cdrcmple                                                  
0000717d  __aeabi_d2iz                                                      
000072e7  __aeabi_d2uiz                                                     
0000340b  __aeabi_dadd                                                      
00003e1d  __aeabi_ddiv                                                      
0000494d  __aeabi_dmul                                                      
00003401  __aeabi_dsub                                                      
00007b9f  __aeabi_i2d                                                       
000035b7  __aeabi_idiv0                                                     
000061f7  __aeabi_memclr                                                    
000061f7  __aeabi_memclr4                                                   
000061f7  __aeabi_memclr8                                                   
00005999  __aeabi_memcpy                                                    
00005999  __aeabi_memcpy4                                                   
00005999  __aeabi_memcpy8                                                   
000061f9  __aeabi_memset                                                    
000061f9  __aeabi_memset4                                                   
000061f9  __aeabi_memset8                                                   
00007f05  __aeabi_ui2d                                                      
0000750b  __aeabi_uidiv                                                     
0000750b  __aeabi_uidivmod                                                  
0000320d  __aeabi_uldivmod                                                  
ffffffff  __binit__                                                         
ffffffff  __c_args__                                                        
2000218c  __stack                                                           
000082c5  _args_main                                                        
00006c19  _c_int00                                                          
0000a076  _ctypes_                                                          
20002114  _lock                                                             
0000841b  _nop                                                              
00008413  _register_lock                                                    
0000840d  _register_unlock                                                  
20002118  _unlock                                                           
00006dcd  abort                                                             
2000206c  activeBuffer                                                      
00006fad  atoi                                                              
20002070  backBuffer                                                        
ffffffff  binit                                                             
20002074  bufferPtr                                                         
20002062  colorLine                                                         
00006ff9  copy_in                                                           
00008421  copysign                                                          
00008421  copysignl                                                         
20002078  currentSample                                                     
2000207c  currentSample2                                                    
20002068  dataCollectStatus                                                 
20002060  delayStatus                                                       
2000216c  errno                                                             
00006dd5  exit                                                              
00006729  frexp                                                             
00006729  frexpl                                                            
000083f9  getPrevError                                                      
00004a49  ldexp                                                             
00004a49  ldexpl                                                            
000041b9  lightSensor                                                       
00005d3d  lightSensorTask                                                   
[...]
00008685  PWMGenEnable                                                      
00008691  ti_sysbios_family_arm_lm4_Timer_getMaxTicks__E                    
000086a1  ti_sysbios_family_arm_m3_TaskSupport_checkStack__E                
000086a1  ti_sysbios_knl_Task_SupportProxy_checkStack__E                    
000086b1  ti_sysbios_gates_GateHwi_enter__E                                 
000086bd  ti_sysbios_knl_Queue_Object__get__S                               
000086c9  xdc_runtime_Error_init__E                                         
000086d5  xdc_runtime_Gate_enterSystem__E                                   
000086e1  xdc_runtime_Memory_calloc__E                                      
000086ed  xdc_runtime_Memory_getMaxDefaultTypeAlign__E                      
000086f9  ADCIntClear                                                       
00008703  UARTCharPut                                                       
0000870d  xdc_runtime_Memory_HeapProxy_alloc__E                             
00008717  xdc_runtime_Memory_HeapProxy_free__E                              
00008721  TimerIntEnable                                                    
00008729  ti_sysbios_family_arm_lm4_Timer_masterDisable__I                  
00008731  ti_sysbios_family_arm_m3_Hwi_doSwiRestore__I                      
00008739  ti_sysbios_family_arm_m3_Hwi_startup__E                           
00008739  ti_sysbios_hal_Hwi_HwiProxy_startup__E                            
00008741  __TI_decompress_rle24                                             
00008747  ti_catalog_arm_cortexm4_tiva_ce_Boot_sysCtlDelayI__I              
00008751  ti_sysbios_family_arm_m3_Hwi_doTaskRestore__I                     
00008759  ti_sysbios_gates_GateHwi_leave__E                                 
00008761  ti_sysbios_heaps_HeapMem_isBlocking__E                            
00008769  ti_sysbios_knl_Queue_Instance_init__E                             
00008771  ti_sysbios_knl_Swi_startup__E                                     
00008777  xdc_runtime_System_Module_startup__E                              
00008781  ti_sysbios_gates_GateHwi_query__E                                 
00008781  xdc_runtime_Main_Module_GateProxy_query__E                        
00008781  xdc_runtime_System_Module_GateProxy_query__E                      
00008789  ti_sysbios_BIOS_RtsGateProxy_query__E                             
00008789  ti_sysbios_gates_GateMutex_query__E                               
00008789  ti_sysbios_heaps_HeapMem_Module_GateProxy_query__E                
00008791  ti_sysbios_knl_Task_startup__E                                    
00008799  ti_sysbios_gates_GateHwi_Instance_init__E                         
000087a1  ti_sysbios_knl_Clock_logTick__E                                   
000087a8  xdc_runtime_Text_charTab__A                                       
0000a076  _ctypes_                                                          
0000a177  xdc_runtime_Error_policy__C                                       
0000a178  xdc_runtime_Text_nodeTab__A                                       
0000a3a8  ti_sysbios_heaps_HeapMem_Module__FXNS__C                          
0000a3d0  TimerIntHandle                                                    
0000a3d4  PIDSem                                                            
0000a3d8  PIDHandle                                                         
0000a3dc  LightSem                                                          
0000a3e0  LightHandle                                                       
0000a3e4  AcquireDataHandle                                                 
0000a3e8  TxDataHandle                                                      
0000a3ec  AcquireDataSem                                                    
0000a3f0  TxDataSem                                                         
0000a3f4  ti_sysbios_gates_GateHwi_Module__FXNS__C                          
0000a418  ti_sysbios_gates_GateMutex_Module__FXNS__C                        
0000a43c  ti_sysbios_heaps_HeapMem_Object__PARAMS__C                        
0000a460  ti_sysbios_knl_Semaphore_Object__PARAMS__C                        
0000a484  ti_sysbios_gates_GateHwi_Object__DESC__C                          
0000a4a4  ti_sysbios_gates_GateMutex_Object__DESC__C                        
0000a4c4  ti_sysbios_heaps_HeapMem_Object__DESC__C                          
0000a4e4  ti_sysbios_knl_Queue_Object__DESC__C                              
0000a504  ti_sysbios_knl_Semaphore_Object__DESC__C                          
0000a524  xdc_runtime_Startup_sfxnTab__A                                    
0000a544  ti_sysbios_gates_GateHwi_Object__PARAMS__C                        
0000a55c  ti_sysbios_gates_GateMutex_Object__PARAMS__C                      
0000a574  ti_sysbios_knl_Queue_Object__PARAMS__C                            
0000a58c  xdc_runtime_Startup_firstFxns__A                                  
0000a5b2  xdc_runtime_Startup_sfxnRts__A                                    
0000a5c2  ti_catalog_arm_cortexm4_tiva_ce_Boot_Module__id__C                
0000a5dc  ti_sysbios_family_arm_m3_Hwi_excHookFuncs__A                      
0000a5e4  ti_sysbios_knl_Idle_funcList__C                                   
0000a5ec  xdc_runtime_Startup_firstFxns__C                                  
0000a5f4  xdc_runtime_Startup_lastFxns__C                                   
0000a5fc  ti_catalog_arm_cortexm4_tiva_ce_Boot_A_mustUseEnhancedClockMode__C
0000a600  ti_catalog_arm_cortexm4_tiva_ce_Boot_Module__diagsEnabled__C      
0000a604  ti_catalog_arm_cortexm4_tiva_ce_Boot_Module__diagsIncluded__C     
0000a608  ti_catalog_arm_cortexm4_tiva_ce_Boot_Module__diagsMask__C         
0000a60c  ti_sysbios_family_arm_lm4_Timer_enableFunc__C                     
0000a610  ti_sysbios_family_arm_lm4_Timer_numTimerDevices__C                
0000a614  ti_sysbios_family_arm_lm4_Timer_startupNeeded__C                  
0000a618  ti_sysbios_family_arm_m3_Hwi_E_NMI__C                             
0000a61c  ti_sysbios_family_arm_m3_Hwi_E_busFault__C                        
0000a620  ti_sysbios_family_arm_m3_Hwi_E_debugMon__C                        
0000a624  ti_sysbios_family_arm_m3_Hwi_E_hardFault__C                       
0000a628  ti_sysbios_family_arm_m3_Hwi_E_memFault__C                        
0000a62c  ti_sysbios_family_arm_m3_Hwi_E_noIsr__C                           
0000a630  ti_sysbios_family_arm_m3_Hwi_E_reserved__C                        
0000a634  ti_sysbios_family_arm_m3_Hwi_E_svCall__C                          
0000a638  ti_sysbios_family_arm_m3_Hwi_E_usageFault__C                      
0000a63c  ti_sysbios_family_arm_m3_Hwi_NUM_INTERRUPTS__C                    
0000a640  ti_sysbios_family_arm_m3_Hwi_Object__count__C                     
0000a644  ti_sysbios_family_arm_m3_Hwi_ccr__C                               
0000a648  ti_sysbios_family_arm_m3_Hwi_excHandlerFunc__C                    
0000a64c  ti_sysbios_family_arm_m3_Hwi_excHookFuncs__C                      
0000a650  ti_sysbios_family_arm_m3_Hwi_nullIsrFunc__C                       
0000a654  ti_sysbios_family_arm_m3_Hwi_priGroup__C                          
0000a658  ti_sysbios_gates_GateMutex_A_badContext__C                        
0000a65c  ti_sysbios_gates_GateMutex_Instance_State_sem__O                  
0000a660  ti_sysbios_gates_GateMutex_Module__diagsEnabled__C                
0000a664  ti_sysbios_gates_GateMutex_Module__diagsIncluded__C               
0000a668  ti_sysbios_gates_GateMutex_Module__diagsMask__C                   
0000a66c  ti_sysbios_hal_Hwi_E_stackOverflow__C                             
0000a670  ti_sysbios_heaps_HeapMem_A_align__C                               
0000a674  ti_sysbios_heaps_HeapMem_A_heapSize__C                            
0000a678  ti_sysbios_heaps_HeapMem_A_invalidFree__C                         
0000a67c  ti_sysbios_heaps_HeapMem_A_zeroBlock__C                           
0000a680  ti_sysbios_heaps_HeapMem_E_memory__C                              
0000a684  ti_sysbios_heaps_HeapMem_Module__diagsEnabled__C                  
0000a688  ti_sysbios_heaps_HeapMem_Module__diagsIncluded__C                 
0000a68c  ti_sysbios_heaps_HeapMem_Module__diagsMask__C                     
0000a690  ti_sysbios_heaps_HeapMem_Module__gateObj__C                       
0000a694  ti_sysbios_heaps_HeapMem_Object__count__C                         
0000a698  ti_sysbios_heaps_HeapMem_reqAlign__C                              
0000a69c  ti_sysbios_knl_Clock_Module_State_clockQ__O                       
0000a6a0  ti_sysbios_knl_Idle_funcList__A                                   
0000a6a4  ti_sysbios_knl_Semaphore_A_badContext__C                          
0000a6a8  ti_sysbios_knl_Semaphore_A_noEvents__C                            
0000a6ac  ti_sysbios_knl_Semaphore_A_overflow__C                            
0000a6b0  ti_sysbios_knl_Semaphore_A_pendTaskDisabled__C                    
0000a6b4  ti_sysbios_knl_Semaphore_Instance_State_pendQ__O                  
0000a6b8  ti_sysbios_knl_Semaphore_Module__diagsEnabled__C                  
0000a6bc  ti_sysbios_knl_Semaphore_Module__diagsIncluded__C                 
0000a6c0  ti_sysbios_knl_Semaphore_Module__diagsMask__C                     
0000a6c4  ti_sysbios_knl_Swi_Object__count__C                               
0000a6c8  ti_sysbios_knl_Task_E_spOutOfBounds__C                            
0000a6cc  ti_sysbios_knl_Task_E_stackOverflow__C                            
0000a6d0  ti_sysbios_knl_Task_Module_State_inactiveQ__O                     
0000a6d4  ti_sysbios_knl_Task_Object__count__C                              
0000a6d8  ti_sysbios_knl_Task_allBlockedFunc__C                             
0000a6dc  ti_sysbios_knl_Task_numConstructedTasks__C                        
0000a6e4  xdc_runtime_Assert_E_assertFailed__C                              
0000a6e8  xdc_runtime_Core_A_initializedParams__C                           
0000a6ec  xdc_runtime_Core_Module__diagsEnabled__C                          
0000a6f0  xdc_runtime_Core_Module__diagsIncluded__C                         
0000a6f4  xdc_runtime_Core_Module__diagsMask__C                             
0000a6f8  xdc_runtime_Error_E_memory__C                                     
0000a6fc  xdc_runtime_Error_Module__diagsEnabled__C                         
0000a700  xdc_runtime_Error_Module__diagsIncluded__C                        
0000a704  xdc_runtime_Error_Module__diagsMask__C                            
0000a708  xdc_runtime_Error_Module__loggerFxn8__C                           
0000a70c  xdc_runtime_Error_Module__loggerObj__C                            
0000a710  xdc_runtime_Error_policyFxn__C                                    
0000a714  xdc_runtime_Error_raiseHook__C                                    
0000a718  xdc_runtime_IGateProvider_Interface__BASE__C                      
0000a71c  xdc_runtime_IHeap_Interface__BASE__C                              
0000a720  xdc_runtime_IModule_Interface__BASE__C                            
0000a724  xdc_runtime_Log_L_error__C                                        
0000a728  xdc_runtime_Memory_defaultHeapInstance__C                         
0000a72c  xdc_runtime_Startup_execImpl__C                                   
0000a730  xdc_runtime_Startup_maxPasses__C                                  
0000a734  xdc_runtime_Startup_sfxnRts__C                                    
0000a738  xdc_runtime_Startup_sfxnTab__C                                    
0000a73c  xdc_runtime_SysMin_bufSize__C                                     
0000a740  xdc_runtime_SysMin_outputFunc__C                                  
0000a744  xdc_runtime_System_Module__gateObj__C                             
0000a748  xdc_runtime_System_abortFxn__C                                    
0000a74c  xdc_runtime_System_exitFxn__C                                     
0000a750  xdc_runtime_System_extendFxn__C                                   
0000a754  xdc_runtime_System_maxAtexitHandlers__C                           
0000a758  xdc_runtime_Text_charTab__C                                       
0000a75c  xdc_runtime_Text_nameEmpty__C                                     
0000a760  xdc_runtime_Text_nameStatic__C                                    
0000a764  xdc_runtime_Text_nameUnknown__C                                   
0000a768  xdc_runtime_Text_nodeTab__C                                       
0000a76c  xdc_runtime_Text_visitRopeFxn__C                                  
0000a770  ti_sysbios_family_arm_m3_Hwi_Module__id__C                        
0000a772  ti_sysbios_gates_GateMutex_Module__id__C                          
0000a774  ti_sysbios_hal_Hwi_Module__id__C                                  
0000a776  ti_sysbios_heaps_HeapMem_Module__id__C                            
0000a778  ti_sysbios_knl_Semaphore_Module__id__C                            
0000a77a  ti_sysbios_knl_Task_Module__id__C                                 
0000a77c  xdc_runtime_Core_Module__id__C                                    
0000a77e  xdc_runtime_Error_Module__loggerDefined__C                        
0000a780  xdc_runtime_Error_maxDepth__C                                     
0000a782  xdc_runtime_Memory_Module__id__C                                  
0000a784  xdc_runtime_SysMin_flushAtExit__C                                 
0000a786  xdc_runtime_Text_charCnt__C                                       
0000a788  xdc_runtime_Text_isLoaded__C                                      
0000a78a  xdc_runtime_Text_registryModsLastId__C                            
0000a78c  xdc_runtime_Text_unnamedModsLastId__C                             
0000a790  __TI_static_base__                                                
0000ab8c  __TI_Handler_Table_Base                                           
0000ab94  __TI_CINIT_Base                                                   
0000ab94  __TI_Handler_Table_Limit                                          
0000abac  __TI_CINIT_Limit                                                  
20000000  ti_sysbios_family_arm_m3_Hwi_ramVectors                           
20000360  ti_sysbios_knl_Task_Instance_State_0_stack__A                     
20000560  ti_sysbios_knl_Task_Instance_State_1_stack__A                     
20000760  ti_sysbios_knl_Task_Instance_State_2_stack__A                     
20000b48  ti_sysbios_knl_Task_Instance_State_3_stack__A                     
20000f30  ti_sysbios_knl_Task_Instance_State_4_stack__A                     
20001130  ti_sysbios_heaps_HeapMem_Instance_State_0_buf__A                  
20001530  ti_sysbios_family_arm_m3_Hwi_dispatchTable                        
20001890  __CIOBUF_                                                         
200019b0  Buffer1                                                           
20001a50  Buffer2                                                           
20001af0  xdc_runtime_SysMin_Module_State_0_outbuf__A                       
20001b70  pidS                                                              
20001be0  ti_sysbios_knl_Task_Object__table__V                              
20001d5c  ti_sysbios_knl_Swi_Module_State_0_readyQ__A                       
20001ddc  ti_sysbios_knl_Task_Module_State_0_readyQ__A                      
20001e5c  ti_sysbios_knl_Semaphore_Object__table__V                         
20001eac  ti_sysbios_knl_Task_Module__state__V                              
20001ef0  ti_sysbios_family_arm_lm4_Timer_Object__table__V                  
20001f30  ti_sysbios_gates_GateMutex_Object__table__V                       
20001f68  ti_sysbios_family_arm_m3_Hwi_Module__state__V                     
20001f9c  ti_sysbios_family_arm_lm4_Timer_Module_State_0_device__A          
20001fcc  ti_sysbios_family_arm_m3_Hwi_Object__table__V                     
20001ffc  ti_sysbios_knl_Swi_Object__table__V                               
2000202c  ti_sysbios_knl_Clock_Module__state__V                             
20002058  pid                                                               
2000205c  rightState                                                        
20002060  delayStatus                                                       
20002061  overLine                                                          
20002062  colorLine                                                         
20002064  time                                                              
20002068  dataCollectStatus                                                 
2000206c  activeBuffer                                                      
20002070  backBuffer                                                        
20002074  bufferPtr                                                         
20002078  currentSample                                                     
2000207c  currentSample2                                                    
20002080  ti_sysbios_BIOS_Module__state__V                                  
200020a4  ti_sysbios_knl_Swi_Module__state__V                               
200020c0  ti_sysbios_family_arm_lm4_Timer_Module_State_0_handles__A         
200020d8  ti_sysbios_heaps_HeapMem_Object__table__V                         
200020f0  __TI_cleanup_ptr                                                  
200020f4  __TI_dtors_ptr                                                    
200020f8  __TI_enable_exit_profile_output                                   
200020fc  ti_sysbios_family_arm_lm4_Timer_Module__state__V                  
20002108  xdc_runtime_SysMin_Module__state__V                               
20002114  _lock                                                             
20002118  _unlock                                                           
2000211c  ti_sysbios_gates_GateHwi_Module__root__V                          
20002124  ti_sysbios_gates_GateMutex_Module__root__V                        
2000212c  ti_sysbios_heaps_HeapMem_Module__root__V                          
20002134  ti_sysbios_knl_Queue_Module__root__V                              
2000213c  ti_sysbios_knl_Semaphore_Module__root__V                          
20002144  xdc_runtime_Registry_Module__state__V                             
2000214c  xdc_runtime_Startup_Module__state__V                              
20002154  xdc_runtime_System_Module_State_0_atexitHandlers__A               
2000215c  xdc_runtime_System_Module__state__V                               
2000216a  ti_sysbios_family_arm_m3_Hwi_Module_State_0_excActive__A          
2000216c  errno                                                             
20002170  main_func_sp                                                      
20002174  ti_sysbios_family_arm_m3_Hwi_Module_State_0_excContext__A         
20002178  ti_sysbios_family_arm_m3_Hwi_Module_State_0_excStack__A           
2000217c  ti_sysbios_gates_GateHwi_Object__table__V                         
20002180  ti_sysbios_knl_Task_Module_State_0_idleTask__A                    
20002184  xdc_runtime_Memory_Module__state__V                               
20002188  xdc_runtime_Error_Module__state__V                                
2000218c  __stack                                                           
2000248c  __STACK_END                                                       
e000e000  ti_sysbios_family_arm_m3_Hwi_nvic                                 
ffffffff  __TI_pprof_out_hndl                                               
ffffffff  __TI_prof_data_size                                               
ffffffff  __TI_prof_data_start                                              
ffffffff  __binit__                                                         
ffffffff  __c_args__                                                        
ffffffff  binit                                                             
UNDEFED   SHT$$INIT_ARRAY$$Base                                             
UNDEFED   SHT$$INIT_ARRAY$$Limit                                            

[610 symbols]
