******************************************************************************
                  TI ARM Linker PC v15.12.3                    
******************************************************************************
>> Linked Mon Nov 02 23:32:58 2020

OUTPUT FILE NAME:   <Milestone7.out>
ENTRY POINT SYMBOL: "_c_int00"  address: 000052a1


MEMORY CONFIGURATION

         name            origin    length      used     unused   attr    fill
----------------------  --------  ---------  --------  --------  ----  --------
  FLASH                 00000000   00040000  00008fa2  0003705e  R  X
  SRAM                  20000000   00008000  0000184a  000067b6  RW X


SEGMENT ALLOCATION MAP

run origin  load origin   length   init length attrs members
----------  ----------- ---------- ----------- ----- -------
00000000    00000000    00008fac   00008fac    r-x
  00000000    00000000    0000003c   0000003c    r-- .resetVecs
  00000040    00000040    00006d7a   00006d7a    r-x .text
  00006dc0    00006dc0    00001e80   00001e80    r-- .const
  00008c40    00008c40    0000036c   0000036c    r-- .cinit
20000000    20000000    0000184c   00000000    rw-
  20000000    20000000    00000360   00000000    rw- .vecs
  20000360    20000360    00000d68   00000000    rw- .bss
  200010c8    200010c8    00000482   00000000    rw- .data
  2000154c    2000154c    00000300   00000000    rw- .stack


SECTION ALLOCATION MAP

 output                                  attributes/
section   page    origin      length       input sections
--------  ----  ----------  ----------   ----------------
.text      0    00000040    00006d7a     
                  00000040    000009ac     rtsv7M4_T_le_v4SPD16_eabi.lib : e_pow.obj (.text)
                  000009ec    00000004     driverlib.lib : timer.obj (.text:TimerIntClear)
                  000009f0    00000430     sysbios.aem4f : BIOS.obj (.text:ti_sysbios_family_arm_m3_Hwi_excDumpRegs__I)
                  00000e20    0000034c     ti.targets.arm.rtsarm.aem4f : System.oem4f (.text:xdc_runtime_System_doPrint__I)
                  0000116c    00000324     rtsv7M4_T_le_v4SPD16_eabi.lib : trgdrv.obj (.text)
                  00001490    0000030c     uartstdio.obj (.text:UARTvprintf)
                  0000179c    00000004     empty_pem4f.oem4f (.text:ti_sysbios_BIOS_RtsGateProxy_enter__E)
                  000017a0    000002c0     sysbios.aem4f : BIOS.obj (.text:ti_sysbios_knl_Semaphore_pend__E)
                  00001a60    00000254                   : BIOS.obj (.text:ti_sysbios_heaps_HeapMem_free__E)
                  00001cb4    00000004     empty_pem4f.oem4f (.text:ti_sysbios_BIOS_RtsGateProxy_leave__E)
                  00001cb8    00000248     sysbios.aem4f : BIOS.obj (.text:ti_sysbios_heaps_HeapMem_alloc__E)
                  00001f00    000001fc                   : BIOS.obj (.text:ti_sysbios_family_arm_m3_Hwi_excHandlerMax__I)
                  000020fc    000001f4     main.obj (.text:InitHardware)
                  000022f0    000001b6     rtsv7M4_T_le_v4SPD16_eabi.lib : fd_add_t2.obj (.text)
                  000024a6    00000002                                   : i_div0.obj (.text)
                  000024a8    00000184     main.obj (.text:PIDControllerUpdate)
                  0000262c    00000004     sysbios.aem4f : BIOS.obj (.text:ti_sysbios_family_arm_lm4_Timer_masterEnable__I)
                  00002630    00000174                   : BIOS.obj (.text:ti_sysbios_family_arm_m3_Hwi_excBusFault__I)
                  000027a4    00000170     rtsv7M4_T_le_v4SPD16_eabi.lib : e_sqrt.obj (.text)
                  00002914    00000004     empty_pem4f.oem4f (.text:ti_sysbios_family_arm_m3_TaskSupport_Module__startupDone__S)
                  00002918    00000164     sysbios.aem4f : BIOS.obj (.text:ti_sysbios_family_arm_m3_Hwi_excUsageFault__I)
                  00002a7c    00000004     empty_pem4f.oem4f (.text:ti_sysbios_heaps_HeapMem_Module_GateProxy_enter__E)
                  00002a80    00000148     sysbios.aem4f : BIOS.obj (.text:ti_sysbios_family_arm_m3_Hwi_excMemFault__I)
                  00002bc8    0000013c                   : BIOS.obj (.text:ti_sysbios_heaps_HeapMem_Instance_init__E)
                  00002d04    00000136     rtsv7M4_T_le_v4SPD16_eabi.lib : fd_div_t2.obj (.text)
                  00002e3a    00000130     driverlib.lib : gpio.obj (.text:GPIOPadConfigSet)
                  00002f6a    00000006                   : gpio.obj (.text:GPIOPinWrite)
                  00002f70    00000120     sysbios.aem4f : BIOS.obj (.text:ti_sysbios_family_arm_lm4_Timer_start__E)
                  00003090    00000118     ti.targets.arm.rtsarm.aem4f : Error.oem4f (.text:xdc_runtime_Error_policyDefault__E)
                  000031a8    0000010c     driverlib.lib : sysctl.obj (.text:SysCtlClockGet)
                  000032b4    00000100     Boot.aem4f : Boot_sysctl.oem4f (.text:ti_catalog_arm_cortexm4_tiva_ce_Boot_sysCtlClockSetI__I)
                  000033b4    00000100     ti.targets.arm.rtsarm.aem4f : Core-mem.oem4f (.text:xdc_runtime_Core_createObject__I)
                  000034b4    000000fc     rtsv7M4_T_le_v4SPD16_eabi.lib : fd_mul_t2.obj (.text)
                  000035b0    000000fc                                   : s_scalbn.obj (.text)
                  000036ac    000000f8     ti.targets.arm.rtsarm.aem4f : Startup.oem4f (.text:xdc_runtime_Startup_startMods__I)
                  000037a4    000000f8     empty_pem4f.oem4f (.text:xdc_runtime_System_printfExtend__I)
                  0000389c    000000f4     sysbios.aem4f : m3_Hwi_asm.obj (.text:ti_sysbios_family_arm_m3_Hwi_dispatch__I)
                  00003990    000000f0     driverlib.lib : sysctl.obj (.text:SysCtlClockSet)
                  00003a80    000000ec     sysbios.aem4f : BIOS.obj (.text:ti_sysbios_knl_Semaphore_post__E)
                  00003b6c    000000e0     main.obj (.text:PIDControllerLoop)
                  00003c4c    000000cc     ti.targets.arm.rtsarm.aem4f : Core-smem.oem4f (.text:xdc_runtime_Core_constructObject__I)
                  00003d18    000000bc     main.obj (.text:InitPIDController)
                  00003dd4    00000004     empty_pem4f.oem4f (.text:ti_sysbios_heaps_HeapMem_Module_GateProxy_leave__E)
                  00003dd8    000000bc     sysbios.aem4f : BIOS.obj (.text:ti_sysbios_family_arm_m3_Hwi_excDebugMon__I)
                  00003e94    00000004     empty_pem4f.oem4f (.text:ti_sysbios_knl_Clock_TimerProxy_getMaxTicks__E)
                  00003e98    000000bc     sysbios.aem4f : BIOS.obj (.text:ti_sysbios_family_arm_m3_Hwi_excHardFault__I)
                  00003f54    00000004     empty_pem4f.oem4f (.text:ti_sysbios_knl_Queue_destruct)
                  00003f58    000000b4     sysbios.aem4f : BIOS.obj (.text:ti_sysbios_gates_GateMutex_enter__E)
                  0000400c    00000004     empty_pem4f.oem4f (.text:ti_sysbios_knl_Semaphore_destruct)
                  00004010    000000b4     sysbios.aem4f : BIOS.obj (.text:ti_sysbios_knl_Task_checkStacks__E)
                  000040c4    00000004     ti.targets.arm.rtsarm.aem4f : Error.oem4f (.text:xdc_runtime_Error_getSite__E)
                  000040c8    000000ac     sysbios.aem4f : BIOS.obj (.text:ti_sysbios_family_arm_lm4_Timer_enableTiva__I)
                  00004174    00000004     empty_pem4f.oem4f (.text:xdc_runtime_System_Module_GateProxy_enter__E)
                  00004178    000000a8     sysbios.aem4f : BIOS.obj (.text:ti_sysbios_family_arm_lm4_Timer_enableTimers__I)
                  00004220    000000a0     auto_init.aem4f : auto_init.oem4f (.text)
                  000042c0    000000a0     ti.targets.arm.rtsarm.aem4f : Text.oem4f (.text:xdc_runtime_Text_putMod__E)
                  00004360    0000009c     rtsv7M4_T_le_v4SPD16_eabi.lib : memcpy_t2.obj (.text)
                  000043fc    00000004     empty_pem4f.oem4f (.text:xdc_runtime_System_Module_GateProxy_leave__E)
                  00004400    0000009c     sysbios.aem4f : BIOS.obj (.text:ti_sysbios_knl_Semaphore_Instance_init__E)
                  0000449c    00000004     ti.targets.arm.rtsarm.aem4f : System.oem4f (.text:xdc_runtime_System_aprintf_va__F)
                  000044a0    0000009c     sysbios.aem4f : BIOS.obj (.text:ti_sysbios_knl_Task_postInit__I)
                  0000453c    0000009a     ti.targets.arm.rtsarm.aem4f : Text.oem4f (.text:xdc_runtime_Text_putSite__E)
                  000045d6    00000002     empty_pem4f.oem4f (.text:ti_sysbios_BIOS_nullFunc__I)
                  000045d8    00000098     Boot.aem4f : Boot.oem4f (.text:ti_catalog_arm_cortexm4_tiva_ce_Boot_sysCtlClockSet__E)
                  00004670    00000094     sysbios.aem4f : BIOS.obj (.text:ti_sysbios_family_arm_m3_Hwi_initNVIC__E)
                  00004704    0000008c                   : m3_TaskSupport_asm.obj (.text:ti_sysbios_family_arm_m3_TaskSupport_buildTaskStack)
                  00004790    00000086     rtsv7M4_T_le_v4SPD16_eabi.lib : fd_cmp_t2.obj (.text:__aeabi_cdcmple)
                  00004816    00000086                                   : fd_cmp_t2.obj (.text:__aeabi_cdrcmple)
                  0000489c    00000004     ti.targets.arm.rtsarm.aem4f : System.oem4f (.text:xdc_runtime_System_printf_va__F)
                  000048a0    00000084     sysbios.aem4f : BIOS.obj (.text:ti_sysbios_family_arm_m3_Hwi_postInit__I)
                  00004924    0000007c     main.obj (.text:readFDistSensor)
                  000049a0    0000007a     driverlib.lib : adc.obj (.text:ADCSequenceStepConfigure)
                  00004a1a    0000007a     rtsv7M4_T_le_v4SPD16_eabi.lib : memset_t2.obj (.text)
                  00004a94    00000070     main.obj (.text:readRDistSensor)
                  00004b04    0000006d     ti.targets.arm.rtsarm.aem4f : System.oem4f (.text:xdc_runtime_System_formatNum__I)
                  00004b71    00000001     --HOLE-- [fill = 0]
                  00004b72    00000006     driverlib.lib : sysctl.obj (.text:SysCtlDelay)
                  00004b78    0000006c     sysbios.aem4f : BIOS.obj (.text:ti_sysbios_knl_Clock_workFunc__E)
                  00004be4    00000002     empty_pem4f.oem4f (.text:xdc_runtime_Startup_reset__I)
                  00004be6    00000002     --HOLE-- [fill = 0]
                  00004be8    0000006c     sysbios.aem4f : BIOS.obj (.text:ti_sysbios_knl_Swi_restoreHwi__E)
                  00004c54    00000004     --HOLE-- [fill = 0]
                  00004c58    0000006c                   : BIOS.obj (.text:ti_sysbios_knl_Task_exit__E)
                  00004cc4    0000006c     ti.targets.arm.rtsarm.aem4f : Error.oem4f (.text:xdc_runtime_Error_print__E)
                  00004d30    0000006c                                 : Memory.oem4f (.text:xdc_runtime_Memory_alloc__E)
                  00004d9c    0000006a     rtsv7M4_T_le_v4SPD16_eabi.lib : copy_decompress_rle.obj (.text)
                  00004e06    00000002     --HOLE-- [fill = 0]
                  00004e08    00000068                                   : trgmsg.obj (.text)
                  00004e70    00000066     ti.targets.arm.rtsarm.aem4f : Core-mem.oem4f (.text:xdc_runtime_Core_deleteObject__I)
                  00004ed6    00000002     --HOLE-- [fill = 0]
                  00004ed8    00000064     sysbios.aem4f : BIOS.obj (.text:ti_sysbios_family_arm_lm4_Timer_Module_startup__E)
                  00004f3c    00000004     --HOLE-- [fill = 0]
                  00004f40    00000064                   : BIOS.obj (.text:ti_sysbios_family_arm_m3_Hwi_dispatchC__I)
                  00004fa4    00000060     driverlib.lib : timer.obj (.text:TimerConfigure)
                  00005004    00000004     --HOLE-- [fill = 0]
                  00005008    00000060     sysbios.aem4f : BIOS.obj (.text:ti_sysbios_family_arm_lm4_Timer_isrStub__E)
                  00005068    00000060                   : BIOS.obj (.text:ti_sysbios_knl_Task_schedule__I)
                  000050c8    0000005c                   : BIOS.obj (.text:ti_sysbios_knl_Swi_run__I)
                  00005124    00000004     --HOLE-- [fill = 0]
                  00005128    0000005c                   : BIOS.obj (.text:ti_sysbios_knl_Swi_schedule__I)
                  00005184    00000004     --HOLE-- [fill = 0]
                  00005188    0000005c                   : BIOS.obj (.text:ti_sysbios_knl_Task_Module_startup__E)
                  000051e4    00000004     --HOLE-- [fill = 0]
                  000051e8    0000005c                   : BIOS.obj (.text:ti_sysbios_knl_Task_startCore__E)
                  00005244    0000005b     ti.targets.arm.rtsarm.aem4f : Text.oem4f (.text:xdc_runtime_Text_putLab__E)
                  0000529f    00000001     --HOLE-- [fill = 0]
                  000052a0    00000058     boot.aem4f : boot.oem4f (.text)
                  000052f8    00000058     main.obj (.text:TimerInt)
                  00005350    00000058     sysbios.aem4f : m3_Hwi_asm_switch.obj (.text:ti_sysbios_family_arm_m3_Hwi_initStacks__E)
                  000053a8    00000054     uartstdio.obj (.text:UARTStdioConfig)
                  000053fc    00000054     rtsv7M4_T_le_v4SPD16_eabi.lib : exit.obj (.text)
                  00005450    00000054     ti.targets.arm.rtsarm.aem4f : Assert.oem4f (.text:xdc_runtime_Assert_raise__I)
                  000054a4    00000004     --HOLE-- [fill = 0]
                  000054a8    00000050     sysbios.aem4f : BIOS.obj (.text:ti_sysbios_family_arm_m3_Hwi_Module_startup__E)
                  000054f8    00000050     ti.targets.arm.rtsarm.aem4f : Startup.oem4f (.text:xdc_runtime_Startup_exec__E)
                  00005548    00000050                                 : Text.oem4f (.text:xdc_runtime_Text_visitRope2__I)
                  00005598    0000004c     uartstdio.obj (.text:UARTwrite)
                  000055e4    0000004c     rtsv7M4_T_le_v4SPD16_eabi.lib : cpy_tbl.obj (.text)
                  00005630    0000004c     sysbios.aem4f : BIOS.obj (.text:ti_sysbios_heaps_HeapMem_getStats__E)
                  0000567c    00000004     --HOLE-- [fill = 0]
                  00005680    0000004c                   : BIOS.obj (.text:ti_sysbios_knl_Swi_runLoop__I)
                  000056cc    00000004     --HOLE-- [fill = 0]
                  000056d0    0000004c                   : BIOS.obj (.text:ti_sysbios_knl_Task_allBlockedFunction__I)
                  0000571c    00000048     driverlib.lib : gpio.obj (.text:GPIOPinConfigure)
                  00005764    00000048     rtsv7M4_T_le_v4SPD16_eabi.lib : fd_toi_t2.obj (.text)
                  000057ac    00000004     --HOLE-- [fill = 0]
                  000057b0    00000048     sysbios.aem4f : BIOS.obj (.text:ti_sysbios_family_arm_m3_Hwi_disableInterrupt__E)
                  000057f8    00000048                   : BIOS.obj (.text:ti_sysbios_family_arm_m3_Hwi_enableInterrupt__E)
                  00005840    00000048                   : BIOS.obj (.text:ti_sysbios_family_arm_m3_Hwi_excReserved__I)
                  00005888    00000046     ti.targets.arm.rtsarm.aem4f : Core-params.oem4f (.text:xdc_runtime_Core_assignParams__I)
                  000058ce    00000044     rtsv7M4_T_le_v4SPD16_eabi.lib : fd_tou_t2.obj (.text)
                  00005912    00000006                                   : copy_decompress_rle.obj (.text:decompress:rle24)
                  00005918    00000044     sysbios.aem4f : BIOS.obj (.text:ti_sysbios_family_arm_m3_Hwi_getStackInfo__E)
                  0000595c    00000004     --HOLE-- [fill = 0]
                  00005960    00000044                   : BIOS.obj (.text:ti_sysbios_knl_Swi_post__E)
                  000059a4    00000044     ti.targets.arm.rtsarm.aem4f : Error.oem4f (.text:xdc_runtime_Error_setX__E)
                  000059e8    00000044                                 : SysMin.oem4f (.text:xdc_runtime_SysMin_flush__E)
                  00005a2c    00000044                                 : Text.oem4f (.text:xdc_runtime_Text_xprintf__I)
                  00005a70    00000042     driverlib.lib : uart.obj (.text:UARTConfigSetExpClk)
                  00005ab2    00000040     rtsv7M4_T_le_v4SPD16_eabi.lib : u_divt2.obj (.text)
                  00005af2    00000006     Boot.aem4f : Boot_sysctl.oem4f (.text:ti_catalog_arm_cortexm4_tiva_ce_Boot_sysCtlDelayI__I)
                  00005af8    00000040     sysbios.aem4f : BIOS.obj (.text:ti_sysbios_family_arm_lm4_Timer_startup__E)
                  00005b38    0000003e     driverlib.lib : adc.obj (.text:ADCSequenceConfigure)
                  00005b76    00000002     --HOLE-- [fill = 0]
                  00005b78    0000003c     sysbios.aem4f : BIOS.obj (.text:ti_sysbios_family_arm_m3_Hwi_excSvCall__I)
                  00005bb4    00000004     --HOLE-- [fill = 0]
                  00005bb8    0000003c                   : BIOS.obj (.text:ti_sysbios_heaps_HeapMem_init__I)
                  00005bf4    00000004     --HOLE-- [fill = 0]
                  00005bf8    0000003c                   : BIOS.obj (.text:ti_sysbios_knl_Swi_restore__E)
                  00005c34    00000038     driverlib.lib : sysctl.obj (.text:SysCtlPeripheralPresent)
                  00005c6c    00000038                   : sysctl.obj (.text:SysCtlPeripheralReady)
                  00005ca4    00000004     --HOLE-- [fill = 0]
                  00005ca8    00000038     sysbios.aem4f : BIOS.obj (.text:ti_sysbios_family_arm_m3_Hwi_excNoIsr__I)
                  00005ce0    00000038                   : BIOS.obj (.text:ti_sysbios_knl_Task_processVitalTaskFlag__I)
                  00005d18    00000038     ti.targets.arm.rtsarm.aem4f : SysMin.oem4f (.text:xdc_runtime_SysMin_putch__E)
                  00005d50    00000038                                 : System.oem4f (.text:xdc_runtime_System_atexit__E)
                  00005d88    00000034     driverlib.lib : sysctl.obj (.text:SysCtlPeripheralEnable)
                  00005dbc    00000034     main.obj (.text:delay)
                  00005df0    00000034     main.obj (.text:setRDutyCycle)
                  00005e24    00000004     --HOLE-- [fill = 0]
                  00005e28    00000034     sysbios.aem4f : BIOS.obj (.text:ti_sysbios_family_arm_m3_Hwi_excNmi__I)
                  00005e5c    00000004     --HOLE-- [fill = 0]
                  00005e60    00000034                   : BIOS.obj (.text:ti_sysbios_hal_Hwi_checkStack)
                  00005e94    00000034     ti.targets.arm.rtsarm.aem4f : Core-label.oem4f (.text:xdc_runtime_Core_assignLabel__I)
                  00005ec8    00000033                                 : Text.oem4f (.text:xdc_runtime_Text_printVisFxn__I)
                  00005efb    00000005     --HOLE-- [fill = 0]
                  00005f00    00000032     sysbios.aem4f : BIOS.obj (.text:ti_sysbios_hal_Hwi_initStack)
                  00005f32    00000002     --HOLE-- [fill = 0]
                  00005f34    00000030     main.obj (.text:rWheelForward)
                  00005f64    00000030     main.obj (.text:rWheelReverse)
                  00005f94    00000030     empty_pem4f.oem4f (.text:ti_sysbios_BIOS_atExitFunc__I)
                  00005fc4    00000004     --HOLE-- [fill = 0]
                  00005fc8    00000030     sysbios.aem4f : BIOS.obj (.text:ti_sysbios_family_arm_lm4_Timer_stop__E)
                  00005ff8    00000030                   : BIOS.obj (.text:ti_sysbios_family_arm_m3_TaskSupport_start__E)
                  00006028    00000030     empty_pem4f.oem4f (.text:ti_sysbios_gates_GateHwi_Object__create__S)
                  00006058    00000030     empty_pem4f.oem4f (.text:ti_sysbios_gates_GateMutex_Object__create__S)
                  00006088    00000030     empty_pem4f.oem4f (.text:ti_sysbios_heaps_HeapMem_Object__create__S)
                  000060b8    00000030     empty_pem4f.oem4f (.text:ti_sysbios_knl_Semaphore_construct)
                  000060e8    00000030     sysbios.aem4f : BIOS.obj (.text:ti_sysbios_knl_Semaphore_pendTimeout__I)
                  00006118    00000030                   : BIOS.obj (.text:ti_sysbios_knl_Task_unblockI__E)
                  00006148    00000030     ti.targets.arm.rtsarm.aem4f : SysMin.oem4f (.text:xdc_runtime_SysMin_abort__E)
                  00006178    00000030                                 : System.oem4f (.text:xdc_runtime_System_processAtExit__E)
                  000061a8    0000002e     driverlib.lib : adc.obj (.text:ADCIntStatus)
                  000061d6    0000002e     rtsv7M4_T_le_v4SPD16_eabi.lib : i_tofd_t2.obj (.text)
                  00006204    0000002c     empty_pem4f.oem4f (.text:ti_sysbios_knl_Clock_doTick__I)
                  00006230    0000002c     empty_pem4f.oem4f (.text:ti_sysbios_knl_Queue_construct)
                  0000625c    00000004     --HOLE-- [fill = 0]
                  00006260    0000002c     sysbios.aem4f : BIOS.obj (.text:ti_sysbios_knl_Task_restore__E)
                  0000628c    0000002c     ti.targets.arm.rtsarm.aem4f : Text.oem4f (.text:xdc_runtime_Text_cordText__E)
                  000062b8    0000002a     driverlib.lib : gpio.obj (.text:GPIODirModeSet)
                  000062e2    0000002a     ti.targets.arm.rtsarm.aem4f : System.oem4f (.text:xdc_runtime_System_putchar__I)
                  0000630c    00000028     main.obj (.text:rightTurn)
                  00006334    00000004     --HOLE-- [fill = 0]
                  00006338    00000028     sysbios.aem4f : BIOS.obj (.text:ti_sysbios_knl_Swi_Module_startup__E)
                  00006360    00000028     main.obj (.text:uTurn)
                  00006388    00000026     sysbios.aem4f : m3_Hwi_asm.obj (.text:ti_sysbios_family_arm_m3_Hwi_pendSV__I)
                  000063ae    00000026     ti.targets.arm.rtsarm.aem4f : System.oem4f (.text:xdc_runtime_System_avprintf__E)
                  000063d4    00000024     uartstdio.obj (.text:UARTprintf)
                  000063f8    00000024     empty_pem4f.oem4f (.text:ti_sysbios_BIOS_errorRaiseHook__I)
                  0000641c    00000024     empty_pem4f.oem4f (.text:ti_sysbios_BIOS_registerRTSLock__I)
                  00006440    00000024     empty_pem4f.oem4f (.text:ti_sysbios_BIOS_removeRTSLock__I)
                  00006464    00000024     empty_pem4f.oem4f (.text:ti_sysbios_BIOS_startFunc__I)
                  00006488    00000024     empty_pem4f.oem4f (.text:ti_sysbios_gates_GateMutex_Object__delete__S)
                  000064ac    00000004     --HOLE-- [fill = 0]
                  000064b0    00000024     sysbios.aem4f : BIOS.obj (.text:ti_sysbios_knl_Clock_Module_startup__E)
                  000064d4    00000004     --HOLE-- [fill = 0]
                  000064d8    00000024                   : BIOS.obj (.text:ti_sysbios_knl_Task_restoreHwi__E)
                  000064fc    00000024     ti.targets.arm.rtsarm.aem4f : System.oem4f (.text:xdc_runtime_System_vprintf__E)
                  00006520    00000022     driverlib.lib : pwm.obj (.text:PWMGenConfigure)
                  00006542    00000006     ti.targets.arm.rtsarm.aem4f : System.oem4f (.text:xdc_runtime_System_Module_startup__E)
                  00006548    00000022     sysbios.aem4f : BIOS.obj (.text:ti_sysbios_family_arm_lm4_Timer_write__I)
                  0000656a    00000022     empty_pem4f.oem4f (.text:xdc_runtime_SysMin_output__I)
                  0000658c    00000020     rtsv7M4_T_le_v4SPD16_eabi.lib : u_tofd_t2.obj (.text)
                  000065ac    00000020     empty_pem4f.oem4f (.text:ti_sysbios_BIOS_rtsLock__I)
                  000065cc    00000020     sysbios.aem4f : m3_Hwi_asm.obj (.text:ti_sysbios_family_arm_m3_Hwi_excHandlerAsm__I)
                  000065ec    00000004     --HOLE-- [fill = 0]
                  000065f0    00000020                   : BIOS.obj (.text:ti_sysbios_family_arm_m3_Hwi_excHandler__I)
                  00006610    00000020     empty_pem4f.oem4f (.text:ti_sysbios_gates_GateHwi_Object__delete__S)
                  00006630    00000020     empty_pem4f.oem4f (.text:ti_sysbios_heaps_HeapMem_Object__delete__S)
                  00006650    00000020     sysbios.aem4f : BIOS.obj (.text:ti_sysbios_knl_Idle_run__E)
                  00006670    00000020     empty_pem4f.oem4f (.text:ti_sysbios_knl_Semaphore_Object__destruct__S)
                  00006690    00000020     ti.targets.arm.rtsarm.aem4f : Registry.oem4f (.text:xdc_runtime_Registry_findById__E)
                  000066b0    00000020                                 : SysMin.oem4f (.text:xdc_runtime_SysMin_Module_startup__E)
                  000066d0    0000001e     driverlib.lib : adc.obj (.text:ADCSequenceDataGet)
                  000066ee    0000001e                   : pwm.obj (.text:PWMPulseWidthSet)
                  0000670c    0000001e     sysbios.aem4f : m3_Hwi_asm_switch.obj (.text:ti_sysbios_family_xxx_Hwi_switchAndRunFunc)
                  0000672a    00000002     --HOLE-- [fill = 0]
                  0000672c    0000001c     driverlib.lib : uart.obj (.text:UARTDisable)
                  00006748    0000001c     sysbios.aem4f : BIOS.obj (.text:ti_sysbios_gates_GateMutex_Instance_init__E)
                  00006764    0000001c     empty_pem4f.oem4f (.text:ti_sysbios_knl_Queue_Object__destruct__S)
                  00006780    0000001c     sysbios.aem4f : BIOS.obj (.text:ti_sysbios_knl_Queue_put__E)
                  0000679c    00000004     --HOLE-- [fill = 0]
                  000067a0    0000001c                   : BIOS.obj (.text:ti_sysbios_knl_Task_enter__I)
                  000067bc    0000001c     ti.targets.arm.rtsarm.aem4f : Error.oem4f (.text:xdc_runtime_Error_raiseX__E)
                  000067d8    0000001c                                 : Memory.oem4f (.text:xdc_runtime_Memory_valloc__E)
                  000067f4    0000001c                                 : SysMin.oem4f (.text:xdc_runtime_SysMin_exit__E)
                  00006810    0000001c                                 : System.oem4f (.text:xdc_runtime_System_abort__E)
                  0000682c    0000001a     empty_pem4f.oem4f (.text:ti_sysbios_family_arm_m3_Hwi_Handle__label__S)
                  00006846    0000001a     empty_pem4f.oem4f (.text:ti_sysbios_gates_GateHwi_Handle__label__S)
                  00006860    0000001a     empty_pem4f.oem4f (.text:ti_sysbios_gates_GateMutex_Handle__label__S)
                  0000687a    0000001a     empty_pem4f.oem4f (.text:ti_sysbios_heaps_HeapMem_Handle__label__S)
                  00006894    0000001a     empty_pem4f.oem4f (.text:ti_sysbios_knl_Swi_Handle__label__S)
                  000068ae    0000001a     empty_pem4f.oem4f (.text:ti_sysbios_knl_Task_Handle__label__S)
                  000068c8    0000001a     empty_pem4f.oem4f (.text:xdc_runtime_System_aprintf__E)
                  000068e2    0000001a     empty_pem4f.oem4f (.text:xdc_runtime_System_printf__E)
                  000068fc    00000018     driverlib.lib : adc.obj (.text:ADCProcessorTrigger)
                  00006914    00000018                   : gpio.obj (.text:GPIOPinTypeGPIOOutput)
                  0000692c    00000018     main.obj (.text:main)
                  00006944    00000018     rtsv7M4_T_le_v4SPD16_eabi.lib : args_main.obj (.text)
                  0000695c    00000018     empty_pem4f.oem4f (.text:ti_sysbios_BIOS_rtsUnlock__I)
                  00006974    00000018     empty_pem4f.oem4f (.text:ti_sysbios_family_arm_lm4_Timer_Module__startupDone__F)
                  0000698c    00000018     empty_pem4f.oem4f (.text:ti_sysbios_family_arm_m3_Hwi_Module__startupDone__F)
                  000069a4    00000018     sysbios.aem4f : m3_TaskSupport_asm.obj (.text:ti_sysbios_family_arm_m3_TaskSupport_swap__E)
                  000069bc    00000004     --HOLE-- [fill = 0]
                  000069c0    00000018                   : BIOS.obj (.text:ti_sysbios_gates_GateMutex_leave__E)
                  000069d8    00000018     ti.targets.arm.rtsarm.aem4f : Error.oem4f (.text:xdc_runtime_Error_check__E)
                  000069f0    00000018                                 : System.oem4f (.text:xdc_runtime_System_exit__E)
                  00006a08    00000018                                 : Text.oem4f (.text:xdc_runtime_Text_ropeText__E)
                  00006a20    00000016     empty_pem4f.oem4f (.text:ti_sysbios_BIOS_exitFunc__I)
                  00006a36    00000014     driverlib.lib : uart.obj (.text:UARTEnable)
                  00006a4a    00000002     --HOLE-- [fill = 0]
                  00006a4c    00000014     rtsv7M4_T_le_v4SPD16_eabi.lib : _lock.obj (.text)
                  00006a60    00000014                                   : s_copysign.obj (.text)
                  00006a74    00000014                                   : strcpy.obj (.text)
                  00006a88    00000014                                   : strlen.obj (.text)
                  00006a9c    00000014     empty_pem4f.oem4f (.text:ti_sysbios_family_arm_m3_Hwi_Object__get__S)
                  00006ab0    00000014     sysbios.aem4f : BIOS.obj (.text:ti_sysbios_family_arm_m3_Hwi_switchFromBootStack__E)
                  00006ac4    00000014     empty_pem4f.oem4f (.text:ti_sysbios_heaps_HeapMem_Object__get__S)
                  00006ad8    00000014     empty_pem4f.oem4f (.text:ti_sysbios_knl_Swi_Object__get__S)
                  00006aec    00000012     driverlib.lib : gpio.obj (.text:GPIOPinTypeADC)
                  00006afe    00000012                   : gpio.obj (.text:GPIOPinTypePWM)
                  00006b10    00000012                   : gpio.obj (.text:GPIOPinTypeUART)
                  00006b22    00000012                   : pwm.obj (.text:PWMOutputState)
                  00006b34    00000012                   : timer.obj (.text:TimerLoadSet)
                  00006b46    00000002     --HOLE-- [fill = 0]
                  00006b48    00000012     sysbios.aem4f : BIOS.obj (.text:ti_sysbios_hal_Hwi_Module_startup__E)
                  00006b5a    00000012     empty_pem4f.oem4f (.text:xdc_runtime_Startup_exec__I)
                  00006b6c    00000010     driverlib.lib : pwm.obj (.text:PWMGenPeriodSet)
                  00006b7c    00000004     --HOLE-- [fill = 0]
                  00006b80    00000010     sysbios.aem4f : BIOS.obj (.text:ti_sysbios_BIOS_setThreadType__E)
                  00006b90    00000010                   : BIOS.obj (.text:ti_sysbios_BIOS_start__E)
                  00006ba0    00000010                   : m3_TaskSupport_asm.obj (.text:ti_sysbios_family_arm_m3_TaskSupport_glue)
                  00006bb0    00000010                   : BIOS.obj (.text:ti_sysbios_gates_GateMutex_Instance_finalize__E)
                  00006bc0    00000010                   : BIOS.obj (.text:ti_sysbios_knl_Semaphore_Instance_finalize__E)
                  00006bd0    00000010                   : BIOS.obj (.text:ti_sysbios_knl_Swi_disable__E)
                  00006be0    00000010     empty_pem4f.oem4f (.text:ti_sysbios_knl_Task_Object__get__S)
                  00006bf0    00000010     sysbios.aem4f : BIOS.obj (.text:ti_sysbios_knl_Task_disable__E)
                  00006c00    00000010     ti.targets.arm.rtsarm.aem4f : Gate.oem4f (.text:xdc_runtime_Gate_leaveSystem__E)
                  00006c10    00000010                                 : Memory.oem4f (.text:xdc_runtime_Memory_free__E)
                  00006c20    00000010                                 : SysMin.oem4f (.text:xdc_runtime_SysMin_ready__E)
                  00006c30    00000010                                 : System.oem4f (.text:xdc_runtime_System_vsnprintf__E)
                  00006c40    00000010     empty_pem4f.oem4f (.text:xdc_runtime_Text_visitRope__I)
                  00006c50    0000000e     driverlib.lib : adc.obj (.text:ADCSequenceDisable)
                  00006c5e    0000000e                   : adc.obj (.text:ADCSequenceEnable)
                  00006c6c    0000000e                   : timer.obj (.text:TimerEnable)
                  00006c7a    0000000e     rtsv7M4_T_le_v4SPD16_eabi.lib : copy_decompress_none.obj (.text:decompress:none)
                  00006c88    0000000e     sysbios.aem4f : BIOS.obj (.text:ti_sysbios_knl_Idle_loop__E)
                  00006c96    00000002     --HOLE-- [fill = 0]
                  00006c98    0000000e                   : BIOS.obj (.text:ti_sysbios_knl_Queue_empty__E)
                  00006ca6    00000002     --HOLE-- [fill = 0]
                  00006ca8    0000000c     empty_pem4f.oem4f (.text:.bootCodeSection:ti_catalog_arm_cortexm4_tiva_ce_Boot_init__I)
                  00006cb4    0000000c     driverlib.lib : pwm.obj (.text:PWMGenEnable)
                  00006cc0    0000000c     sysbios.aem4f : BIOS.obj (.text:ti_sysbios_family_arm_lm4_Timer_getMaxTicks__E)
                  00006ccc    00000004     --HOLE-- [fill = 0]
                  00006cd0    0000000c                   : BIOS.obj (.text:ti_sysbios_family_arm_m3_TaskSupport_checkStack__E)
                  00006cdc    00000004     --HOLE-- [fill = 0]
                  00006ce0    0000000c                   : BIOS.obj (.text:ti_sysbios_gates_GateHwi_enter__E)
                  00006cec    0000000c     empty_pem4f.oem4f (.text:ti_sysbios_knl_Queue_Object__get__S)
                  00006cf8    0000000c     ti.targets.arm.rtsarm.aem4f : Error.oem4f (.text:xdc_runtime_Error_init__E)
                  00006d04    0000000c                                 : Gate.oem4f (.text:xdc_runtime_Gate_enterSystem__E)
                  00006d10    0000000c                                 : Memory.oem4f (.text:xdc_runtime_Memory_calloc__E)
                  00006d1c    0000000c                                 : Memory.oem4f (.text:xdc_runtime_Memory_getMaxDefaultTypeAlign__E)
                  00006d28    0000000a     driverlib.lib : adc.obj (.text:ADCIntClear)
                  00006d32    0000000a                   : uart.obj (.text:UARTCharPut)
                  00006d3c    0000000a     empty_pem4f.oem4f (.text:xdc_runtime_IHeap_alloc)
                  00006d46    0000000a     empty_pem4f.oem4f (.text:xdc_runtime_IHeap_free)
                  00006d50    00000008     driverlib.lib : timer.obj (.text:TimerIntEnable)
                  00006d58    00000008     sysbios.aem4f : BIOS.obj (.text:ti_sysbios_family_arm_lm4_Timer_masterDisable__I)
                  00006d60    00000008                   : BIOS.obj (.text:ti_sysbios_family_arm_m3_Hwi_doSwiRestore__I)
                  00006d68    00000008                   : BIOS.obj (.text:ti_sysbios_family_arm_m3_Hwi_startup__E)
                  00006d70    00000006                   : BIOS.obj (.text:ti_sysbios_family_arm_m3_Hwi_doTaskRestore__I)
                  00006d76    00000002     --HOLE-- [fill = 0]
                  00006d78    00000006                   : BIOS.obj (.text:ti_sysbios_gates_GateHwi_leave__E)
                  00006d7e    00000002     --HOLE-- [fill = 0]
                  00006d80    00000006                   : BIOS.obj (.text:ti_sysbios_heaps_HeapMem_isBlocking__E)
                  00006d86    00000002     --HOLE-- [fill = 0]
                  00006d88    00000006                   : BIOS.obj (.text:ti_sysbios_knl_Queue_Instance_init__E)
                  00006d8e    00000002     --HOLE-- [fill = 0]
                  00006d90    00000006                   : BIOS.obj (.text:ti_sysbios_knl_Swi_startup__E)
                  00006d96    00000002     --HOLE-- [fill = 0]
                  00006d98    00000004                   : BIOS.obj (.text:ti_sysbios_gates_GateHwi_query__E)
                  00006d9c    00000004     --HOLE-- [fill = 0]
                  00006da0    00000004                   : BIOS.obj (.text:ti_sysbios_gates_GateMutex_query__E)
                  00006da4    00000004     --HOLE-- [fill = 0]
                  00006da8    00000004                   : BIOS.obj (.text:ti_sysbios_knl_Task_startup__E)
                  00006dac    00000004     --HOLE-- [fill = 0]
                  00006db0    00000002                   : BIOS.obj (.text:ti_sysbios_gates_GateHwi_Instance_init__E)
                  00006db2    00000006     --HOLE-- [fill = 0]
                  00006db8    00000002                   : BIOS.obj (.text:ti_sysbios_knl_Clock_logTick__E)

.const     0    00006dc0    00001e80     
                  00006dc0    00001881     empty_pem4f.oem4f (.const:xdc_runtime_Text_charTab__A)
                  00008641    00000001     empty_pem4f.oem4f (.const:xdc_runtime_Error_policy__C)
                  00008642    000000bc     empty_pem4f.oem4f (.const:xdc_runtime_Text_nodeTab__A)
                  000086fe    00000002     empty_pem4f.oem4f (.const:ti_catalog_arm_cortexm4_tiva_ce_Boot_Module__id__C)
                  00008700    00000090     driverlib.lib : gpio.obj (.const:g_pui32GPIOBaseAddrs)
                  00008790    0000006c                   : sysctl.obj (.const:g_pui32Xtals)
                  000087fc    00000048     empty_pem4f.oem4f (.const:.string)
                  00008844    00000004     empty_pem4f.oem4f (.const:ti_catalog_arm_cortexm4_tiva_ce_Boot_A_mustUseEnhancedClockMode__C)
                  00008848    00000030     rtsv7M4_T_le_v4SPD16_eabi.lib : e_pow.obj (.const:$O1$$)
                  00008878    00000028     empty_pem4f.oem4f (.const:ti_sysbios_heaps_HeapMem_Module__FXNS__C)
                  000088a0    00000024     empty_pem4f.oem4f (.const:ti_sysbios_gates_GateHwi_Module__FXNS__C)
                  000088c4    00000024     empty_pem4f.oem4f (.const:ti_sysbios_gates_GateMutex_Module__FXNS__C)
                  000088e8    00000024     empty_pem4f.oem4f (.const:ti_sysbios_heaps_HeapMem_Object__PARAMS__C)
                  0000890c    00000024     empty_pem4f.oem4f (.const:ti_sysbios_knl_Semaphore_Object__PARAMS__C)
                  00008930    00000020     empty_pem4f.oem4f (.const:ti_sysbios_gates_GateHwi_Object__DESC__C)
                  00008950    00000020     empty_pem4f.oem4f (.const:ti_sysbios_gates_GateMutex_Object__DESC__C)
                  00008970    00000020     empty_pem4f.oem4f (.const:ti_sysbios_heaps_HeapMem_Object__DESC__C)
                  00008990    00000020     empty_pem4f.oem4f (.const:ti_sysbios_knl_Queue_Object__DESC__C)
                  000089b0    00000020     empty_pem4f.oem4f (.const:ti_sysbios_knl_Semaphore_Object__DESC__C)
                  000089d0    00000020     empty_pem4f.oem4f (.const:xdc_runtime_Startup_sfxnTab__A)
                  000089f0    00000018     empty_pem4f.oem4f (.const:ti_sysbios_gates_GateHwi_Object__PARAMS__C)
                  00008a08    00000018     empty_pem4f.oem4f (.const:ti_sysbios_gates_GateMutex_Object__PARAMS__C)
                  00008a20    00000018     empty_pem4f.oem4f (.const:ti_sysbios_knl_Queue_Object__PARAMS__C)
                  00008a38    00000014     empty_pem4f.oem4f (.const:xdc_runtime_Startup_firstFxns__A)
                  00008a4c    00000012     uartstdio.obj (.const:.string)
                  00008a5e    00000010     empty_pem4f.oem4f (.const:xdc_runtime_Startup_sfxnRts__A)
                  00008a6e    00000002     empty_pem4f.oem4f (.const:ti_sysbios_family_arm_m3_Hwi_Module__id__C)
                  00008a70    0000000c     empty_pem4f.oem4f (.const)
                  00008a7c    0000000c     uartstdio.obj (.const:g_ui32UARTBase)
                  00008a88    0000000c     uartstdio.obj (.const:g_ui32UARTPeriph)
                  00008a94    00000008     empty_pem4f.oem4f (.const:ti_sysbios_family_arm_m3_Hwi_excHookFuncs__A)
                  00008a9c    00000008     empty_pem4f.oem4f (.const:ti_sysbios_knl_Idle_funcList__C)
                  00008aa4    00000008     empty_pem4f.oem4f (.const:xdc_runtime_Startup_firstFxns__C)
                  00008aac    00000008     empty_pem4f.oem4f (.const:xdc_runtime_Startup_lastFxns__C)
                  00008ab4    00000004     empty_pem4f.oem4f (.const:ti_catalog_arm_cortexm4_tiva_ce_Boot_Module__diagsEnabled__C)
                  00008ab8    00000004     empty_pem4f.oem4f (.const:ti_catalog_arm_cortexm4_tiva_ce_Boot_Module__diagsIncluded__C)
                  00008abc    00000004     empty_pem4f.oem4f (.const:ti_catalog_arm_cortexm4_tiva_ce_Boot_Module__diagsMask__C)
                  00008ac0    00000004     empty_pem4f.oem4f (.const:ti_sysbios_family_arm_lm4_Timer_enableFunc__C)
                  00008ac4    00000004     empty_pem4f.oem4f (.const:ti_sysbios_family_arm_lm4_Timer_numTimerDevices__C)
                  00008ac8    00000004     empty_pem4f.oem4f (.const:ti_sysbios_family_arm_lm4_Timer_startupNeeded__C)
                  00008acc    00000004     empty_pem4f.oem4f (.const:ti_sysbios_family_arm_m3_Hwi_E_NMI__C)
                  00008ad0    00000004     empty_pem4f.oem4f (.const:ti_sysbios_family_arm_m3_Hwi_E_busFault__C)
                  00008ad4    00000004     empty_pem4f.oem4f (.const:ti_sysbios_family_arm_m3_Hwi_E_debugMon__C)
                  00008ad8    00000004     empty_pem4f.oem4f (.const:ti_sysbios_family_arm_m3_Hwi_E_hardFault__C)
                  00008adc    00000004     empty_pem4f.oem4f (.const:ti_sysbios_family_arm_m3_Hwi_E_memFault__C)
                  00008ae0    00000004     empty_pem4f.oem4f (.const:ti_sysbios_family_arm_m3_Hwi_E_noIsr__C)
                  00008ae4    00000004     empty_pem4f.oem4f (.const:ti_sysbios_family_arm_m3_Hwi_E_reserved__C)
                  00008ae8    00000004     empty_pem4f.oem4f (.const:ti_sysbios_family_arm_m3_Hwi_E_svCall__C)
                  00008aec    00000004     empty_pem4f.oem4f (.const:ti_sysbios_family_arm_m3_Hwi_E_usageFault__C)
                  00008af0    00000004     empty_pem4f.oem4f (.const:ti_sysbios_family_arm_m3_Hwi_NUM_INTERRUPTS__C)
                  00008af4    00000004     empty_pem4f.oem4f (.const:ti_sysbios_family_arm_m3_Hwi_Object__count__C)
                  00008af8    00000004     empty_pem4f.oem4f (.const:ti_sysbios_family_arm_m3_Hwi_ccr__C)
                  00008afc    00000004     empty_pem4f.oem4f (.const:ti_sysbios_family_arm_m3_Hwi_excHandlerFunc__C)
                  00008b00    00000004     empty_pem4f.oem4f (.const:ti_sysbios_family_arm_m3_Hwi_excHookFuncs__C)
                  00008b04    00000004     empty_pem4f.oem4f (.const:ti_sysbios_family_arm_m3_Hwi_nullIsrFunc__C)
                  00008b08    00000004     empty_pem4f.oem4f (.const:ti_sysbios_family_arm_m3_Hwi_priGroup__C)
                  00008b0c    00000004     empty_pem4f.oem4f (.const:ti_sysbios_gates_GateMutex_A_badContext__C)
                  00008b10    00000004     empty_pem4f.oem4f (.const:ti_sysbios_gates_GateMutex_Instance_State_sem__O)
                  00008b14    00000004     empty_pem4f.oem4f (.const:ti_sysbios_gates_GateMutex_Module__diagsEnabled__C)
                  00008b18    00000004     empty_pem4f.oem4f (.const:ti_sysbios_gates_GateMutex_Module__diagsIncluded__C)
                  00008b1c    00000004     empty_pem4f.oem4f (.const:ti_sysbios_gates_GateMutex_Module__diagsMask__C)
                  00008b20    00000004     empty_pem4f.oem4f (.const:ti_sysbios_hal_Hwi_E_stackOverflow__C)
                  00008b24    00000004     empty_pem4f.oem4f (.const:ti_sysbios_heaps_HeapMem_A_align__C)
                  00008b28    00000004     empty_pem4f.oem4f (.const:ti_sysbios_heaps_HeapMem_A_heapSize__C)
                  00008b2c    00000004     empty_pem4f.oem4f (.const:ti_sysbios_heaps_HeapMem_A_invalidFree__C)
                  00008b30    00000004     empty_pem4f.oem4f (.const:ti_sysbios_heaps_HeapMem_A_zeroBlock__C)
                  00008b34    00000004     empty_pem4f.oem4f (.const:ti_sysbios_heaps_HeapMem_E_memory__C)
                  00008b38    00000004     empty_pem4f.oem4f (.const:ti_sysbios_heaps_HeapMem_Module__diagsEnabled__C)
                  00008b3c    00000004     empty_pem4f.oem4f (.const:ti_sysbios_heaps_HeapMem_Module__diagsIncluded__C)
                  00008b40    00000004     empty_pem4f.oem4f (.const:ti_sysbios_heaps_HeapMem_Module__diagsMask__C)
                  00008b44    00000004     empty_pem4f.oem4f (.const:ti_sysbios_heaps_HeapMem_Module__gateObj__C)
                  00008b48    00000004     empty_pem4f.oem4f (.const:ti_sysbios_heaps_HeapMem_Object__count__C)
                  00008b4c    00000004     empty_pem4f.oem4f (.const:ti_sysbios_heaps_HeapMem_reqAlign__C)
                  00008b50    00000004     empty_pem4f.oem4f (.const:ti_sysbios_knl_Clock_Module_State_clockQ__O)
                  00008b54    00000004     empty_pem4f.oem4f (.const:ti_sysbios_knl_Idle_funcList__A)
                  00008b58    00000004     empty_pem4f.oem4f (.const:ti_sysbios_knl_Semaphore_A_badContext__C)
                  00008b5c    00000004     empty_pem4f.oem4f (.const:ti_sysbios_knl_Semaphore_A_noEvents__C)
                  00008b60    00000004     empty_pem4f.oem4f (.const:ti_sysbios_knl_Semaphore_A_overflow__C)
                  00008b64    00000004     empty_pem4f.oem4f (.const:ti_sysbios_knl_Semaphore_A_pendTaskDisabled__C)
                  00008b68    00000004     empty_pem4f.oem4f (.const:ti_sysbios_knl_Semaphore_Instance_State_pendQ__O)
                  00008b6c    00000004     empty_pem4f.oem4f (.const:ti_sysbios_knl_Semaphore_Module__diagsEnabled__C)
                  00008b70    00000004     empty_pem4f.oem4f (.const:ti_sysbios_knl_Semaphore_Module__diagsIncluded__C)
                  00008b74    00000004     empty_pem4f.oem4f (.const:ti_sysbios_knl_Semaphore_Module__diagsMask__C)
                  00008b78    00000004     empty_pem4f.oem4f (.const:ti_sysbios_knl_Swi_Object__count__C)
                  00008b7c    00000004     empty_pem4f.oem4f (.const:ti_sysbios_knl_Task_E_spOutOfBounds__C)
                  00008b80    00000004     empty_pem4f.oem4f (.const:ti_sysbios_knl_Task_E_stackOverflow__C)
                  00008b84    00000004     empty_pem4f.oem4f (.const:ti_sysbios_knl_Task_Module_State_inactiveQ__O)
                  00008b88    00000004     empty_pem4f.oem4f (.const:ti_sysbios_knl_Task_Object__count__C)
                  00008b8c    00000004     empty_pem4f.oem4f (.const:ti_sysbios_knl_Task_allBlockedFunc__C)
                  00008b90    00000004     empty_pem4f.oem4f (.const:ti_sysbios_knl_Task_numConstructedTasks__C)
                  00008b94    00000004     uartstdio.obj (.const)
                  00008b98    00000004     empty_pem4f.oem4f (.const:xdc_runtime_Assert_E_assertFailed__C)
                  00008b9c    00000004     empty_pem4f.oem4f (.const:xdc_runtime_Core_A_initializedParams__C)
                  00008ba0    00000004     empty_pem4f.oem4f (.const:xdc_runtime_Core_Module__diagsEnabled__C)
                  00008ba4    00000004     empty_pem4f.oem4f (.const:xdc_runtime_Core_Module__diagsIncluded__C)
                  00008ba8    00000004     empty_pem4f.oem4f (.const:xdc_runtime_Core_Module__diagsMask__C)
                  00008bac    00000004     empty_pem4f.oem4f (.const:xdc_runtime_Error_E_memory__C)
                  00008bb0    00000004     empty_pem4f.oem4f (.const:xdc_runtime_Error_Module__diagsEnabled__C)
                  00008bb4    00000004     empty_pem4f.oem4f (.const:xdc_runtime_Error_Module__diagsIncluded__C)
                  00008bb8    00000004     empty_pem4f.oem4f (.const:xdc_runtime_Error_Module__diagsMask__C)
                  00008bbc    00000004     empty_pem4f.oem4f (.const:xdc_runtime_Error_Module__loggerFxn8__C)
                  00008bc0    00000004     empty_pem4f.oem4f (.const:xdc_runtime_Error_Module__loggerObj__C)
                  00008bc4    00000004     empty_pem4f.oem4f (.const:xdc_runtime_Error_policyFxn__C)
                  00008bc8    00000004     empty_pem4f.oem4f (.const:xdc_runtime_Error_raiseHook__C)
                  00008bcc    00000004     empty_pem4f.oem4f (.const:xdc_runtime_IGateProvider_Interface__BASE__C)
                  00008bd0    00000004     empty_pem4f.oem4f (.const:xdc_runtime_IHeap_Interface__BASE__C)
                  00008bd4    00000004     empty_pem4f.oem4f (.const:xdc_runtime_IModule_Interface__BASE__C)
                  00008bd8    00000004     empty_pem4f.oem4f (.const:xdc_runtime_Log_L_error__C)
                  00008bdc    00000004     empty_pem4f.oem4f (.const:xdc_runtime_Memory_defaultHeapInstance__C)
                  00008be0    00000004     empty_pem4f.oem4f (.const:xdc_runtime_Startup_execImpl__C)
                  00008be4    00000004     empty_pem4f.oem4f (.const:xdc_runtime_Startup_maxPasses__C)
                  00008be8    00000004     empty_pem4f.oem4f (.const:xdc_runtime_Startup_sfxnRts__C)
                  00008bec    00000004     empty_pem4f.oem4f (.const:xdc_runtime_Startup_sfxnTab__C)
                  00008bf0    00000004     empty_pem4f.oem4f (.const:xdc_runtime_SysMin_bufSize__C)
                  00008bf4    00000004     empty_pem4f.oem4f (.const:xdc_runtime_SysMin_outputFunc__C)
                  00008bf8    00000004     empty_pem4f.oem4f (.const:xdc_runtime_System_Module__gateObj__C)
                  00008bfc    00000004     empty_pem4f.oem4f (.const:xdc_runtime_System_abortFxn__C)
                  00008c00    00000004     empty_pem4f.oem4f (.const:xdc_runtime_System_exitFxn__C)
                  00008c04    00000004     empty_pem4f.oem4f (.const:xdc_runtime_System_extendFxn__C)
                  00008c08    00000004     empty_pem4f.oem4f (.const:xdc_runtime_System_maxAtexitHandlers__C)
                  00008c0c    00000004     empty_pem4f.oem4f (.const:xdc_runtime_Text_charTab__C)
                  00008c10    00000004     empty_pem4f.oem4f (.const:xdc_runtime_Text_nameEmpty__C)
                  00008c14    00000004     empty_pem4f.oem4f (.const:xdc_runtime_Text_nameStatic__C)
                  00008c18    00000004     empty_pem4f.oem4f (.const:xdc_runtime_Text_nameUnknown__C)
                  00008c1c    00000004     empty_pem4f.oem4f (.const:xdc_runtime_Text_nodeTab__C)
                  00008c20    00000004     empty_pem4f.oem4f (.const:xdc_runtime_Text_visitRopeFxn__C)
                  00008c24    00000002     empty_pem4f.oem4f (.const:ti_sysbios_gates_GateMutex_Module__id__C)
                  00008c26    00000002     empty_pem4f.oem4f (.const:ti_sysbios_hal_Hwi_Module__id__C)
                  00008c28    00000002     empty_pem4f.oem4f (.const:ti_sysbios_heaps_HeapMem_Module__id__C)
                  00008c2a    00000002     empty_pem4f.oem4f (.const:ti_sysbios_knl_Semaphore_Module__id__C)
                  00008c2c    00000002     empty_pem4f.oem4f (.const:ti_sysbios_knl_Task_Module__id__C)
                  00008c2e    00000002     empty_pem4f.oem4f (.const:xdc_runtime_Core_Module__id__C)
                  00008c30    00000002     empty_pem4f.oem4f (.const:xdc_runtime_Error_Module__loggerDefined__C)
                  00008c32    00000002     empty_pem4f.oem4f (.const:xdc_runtime_Error_maxDepth__C)
                  00008c34    00000002     empty_pem4f.oem4f (.const:xdc_runtime_Memory_Module__id__C)
                  00008c36    00000002     empty_pem4f.oem4f (.const:xdc_runtime_SysMin_flushAtExit__C)
                  00008c38    00000002     empty_pem4f.oem4f (.const:xdc_runtime_Text_charCnt__C)
                  00008c3a    00000002     empty_pem4f.oem4f (.const:xdc_runtime_Text_isLoaded__C)
                  00008c3c    00000002     empty_pem4f.oem4f (.const:xdc_runtime_Text_registryModsLastId__C)
                  00008c3e    00000002     empty_pem4f.oem4f (.const:xdc_runtime_Text_unnamedModsLastId__C)

.cinit     0    00008c40    0000036c     
                  00008c40    00000330     (.cinit..data.load) [load image, compression = rle]
                  00008f70    0000000b     (.cinit..bss.load) [load image, compression = rle]
                  00008f7b    00000005     --HOLE-- [fill = 0]
                  00008f80    0000000b     (.cinit..vecs.load) [load image, compression = rle]
                  00008f8b    00000001     --HOLE-- [fill = 0]
                  00008f8c    00000008     (__TI_handler_table)
                  00008f94    00000018     (__TI_cinit_table)

.init_array 
*          0    00000000    00000000     UNINITIALIZED

.resetVecs 
*          0    00000000    0000003c     
                  00000000    0000003c     empty_pem4f.oem4f (.resetVecs)

.vecs      0    20000000    00000360     UNINITIALIZED
                  20000000    00000360     empty_pem4f.oem4f (.vecs)

.bss       0    20000360    00000d68     UNINITIALIZED
                  20000360    00000400     empty_pem4f.oem4f (.bss:taskStackSection)
                  20000760    00000400     (.common:ti_sysbios_heaps_HeapMem_Instance_State_0_buf__A)
                  20000b60    00000360     (.common:ti_sysbios_family_arm_m3_Hwi_dispatchTable)
                  20000ec0    00000120     rtsv7M4_T_le_v4SPD16_eabi.lib : trgmsg.obj (.bss:_CIOBUF_)
                  20000fe0    00000080     (.common:xdc_runtime_SysMin_Module_State_0_outbuf__A)
                  20001060    00000060     (.common:pidS)
                  200010c0    00000008                                   : trgdrv.obj (.bss:parmbuf)

.data      0    200010c8    00000482     UNINITIALIZED
                  200010c8    00000098     empty_pem4f.oem4f (.data:ti_sysbios_knl_Task_Object__table__V)
                  20001160    00000080     empty_pem4f.oem4f (.data:ti_sysbios_knl_Swi_Module_State_0_readyQ__A)
                  200011e0    00000080     empty_pem4f.oem4f (.data:ti_sysbios_knl_Task_Module_State_0_readyQ__A)
                  20001260    00000044     empty_pem4f.oem4f (.data:ti_sysbios_knl_Task_Module__state__V)
                  200012a4    00000040     empty_pem4f.oem4f (.data:ti_sysbios_family_arm_lm4_Timer_Object__table__V)
                  200012e4    00000038     empty_pem4f.oem4f (.data:ti_sysbios_gates_GateMutex_Object__table__V)
                  2000131c    00000034     empty_pem4f.oem4f (.data:ti_sysbios_family_arm_m3_Hwi_Module__state__V)
                  20001350    00000030     empty_pem4f.oem4f (.data:ti_sysbios_family_arm_lm4_Timer_Module_State_0_device__A)
                  20001380    00000030     empty_pem4f.oem4f (.data:ti_sysbios_family_arm_m3_Hwi_Object__table__V)
                  200013b0    00000030     empty_pem4f.oem4f (.data:ti_sysbios_knl_Swi_Object__table__V)
                  200013e0    0000002c     empty_pem4f.oem4f (.data:ti_sysbios_knl_Clock_Module__state__V)
                  2000140c    00000024     empty_pem4f.oem4f (.data:ti_sysbios_BIOS_Module__state__V)
                  20001430    00000020     main.obj (.data)
                  20001450    0000001c     empty_pem4f.oem4f (.data:ti_sysbios_knl_Swi_Module__state__V)
                  2000146c    00000018     empty_pem4f.oem4f (.data:ti_sysbios_family_arm_lm4_Timer_Module_State_0_handles__A)
                  20001484    00000018     empty_pem4f.oem4f (.data:ti_sysbios_heaps_HeapMem_Object__table__V)
                  2000149c    00000014     empty_pem4f.oem4f (.data:ti_sysbios_knl_Semaphore_Object__table__V)
                  200014b0    0000000c     rtsv7M4_T_le_v4SPD16_eabi.lib : exit.obj (.data:$O1$$)
                  200014bc    0000000c     empty_pem4f.oem4f (.data:ti_sysbios_family_arm_lm4_Timer_Module__state__V)
                  200014c8    0000000c     empty_pem4f.oem4f (.data:xdc_runtime_SysMin_Module__state__V)
                  200014d4    00000008     rtsv7M4_T_le_v4SPD16_eabi.lib : _lock.obj (.data:$O1$$)
                  200014dc    00000008     empty_pem4f.oem4f (.data:ti_sysbios_gates_GateHwi_Module__root__V)
                  200014e4    00000008     empty_pem4f.oem4f (.data:ti_sysbios_gates_GateMutex_Module__root__V)
                  200014ec    00000008     empty_pem4f.oem4f (.data:ti_sysbios_heaps_HeapMem_Module__root__V)
                  200014f4    00000008     empty_pem4f.oem4f (.data:ti_sysbios_knl_Queue_Module__root__V)
                  200014fc    00000008     empty_pem4f.oem4f (.data:ti_sysbios_knl_Semaphore_Module__root__V)
                  20001504    00000008     empty_pem4f.oem4f (.data:xdc_runtime_Registry_Module__state__V)
                  2000150c    00000008     empty_pem4f.oem4f (.data:xdc_runtime_Startup_Module__state__V)
                  20001514    00000008     empty_pem4f.oem4f (.data:xdc_runtime_System_Module_State_0_atexitHandlers__A)
                  2000151c    00000008     empty_pem4f.oem4f (.data:xdc_runtime_System_Module__state__V)
                  20001524    00000005     uartstdio.obj (.data)
                  20001529    00000001     --HOLE--
                  2000152a    00000002     empty_pem4f.oem4f (.data:ti_sysbios_family_arm_m3_Hwi_Module_State_0_excActive__A)
                  2000152c    00000004     rtsv7M4_T_le_v4SPD16_eabi.lib : errno.obj (.data)
                  20001530    00000004                                   : stkdepth_vars.obj (.data)
                  20001534    00000004     empty_pem4f.oem4f (.data:ti_sysbios_family_arm_m3_Hwi_Module_State_0_excContext__A)
                  20001538    00000004     empty_pem4f.oem4f (.data:ti_sysbios_family_arm_m3_Hwi_Module_State_0_excStack__A)
                  2000153c    00000004     empty_pem4f.oem4f (.data:ti_sysbios_gates_GateHwi_Object__table__V)
                  20001540    00000004     empty_pem4f.oem4f (.data:ti_sysbios_knl_Task_Module_State_0_idleTask__A)
                  20001544    00000004     empty_pem4f.oem4f (.data:xdc_runtime_Memory_Module__state__V)
                  20001548    00000002     empty_pem4f.oem4f (.data:xdc_runtime_Error_Module__state__V)

.stack     0    2000154c    00000300     UNINITIALIZED
                  2000154c    00000300     --HOLE--

.bootVecs 
*          0    00000000    00000008     DSECT
                  00000000    00000008     boot.aem4f : boot.oem4f (.bootVecs)

xdc.meta   0    00000000    000000e3     COPY SECTION
                  00000000    000000e3     empty_pem4f.oem4f (xdc.meta)

MODULE SUMMARY

       Module                     code    ro data   rw data
       ------                     ----    -------   -------
    .\
       main.obj                   1928    0         128    
       uartstdio.obj              976     46        5      
    +--+--------------------------+-------+---------+---------+
       Total:                     2904    46        133    
                                                           
    C:\Users\Charles\workspace_v6_2\Milestone7\Debug\configPkg\package\cfg\
       empty_pem4f.oem4f          1446    7522      4992   
    +--+--------------------------+-------+---------+---------+
       Total:                     1446    7522      4992   
                                                           
    C:/ti/tirtos_tivac_2_16_01_14/products/TivaWare_C_Series-2.1.1.71b/driverlib/ccs/Debug/driverlib.lib
       sysctl.obj                 678     108       0      
       gpio.obj                   502     144       0      
       adc.obj                    322     0         0      
       timer.obj                  140     0         0      
       uart.obj                   124     0         0      
       pwm.obj                    110     0         0      
    +--+--------------------------+-------+---------+---------+
       Total:                     1876    252       0      
                                                           
    C:\Users\Charles\workspace_v6_2\Milestone7\src\sysbios\sysbios.aem4f
       BIOS.obj                   10108   0         0      
       m3_Hwi_asm.obj             314     0         0      
       m3_TaskSupport_asm.obj     180     0         0      
       m3_Hwi_asm_switch.obj      118     0         0      
    +--+--------------------------+-------+---------+---------+
       Total:                     10720   0         0      
                                                           
    C:\ti\ccsv6\tools\compiler\arm_15.12.3.LTS\lib\rtsv7M4_T_le_v4SPD16_eabi.lib
       e_pow.obj                  2476    48        0      
       trgdrv.obj                 804     0         8      
       fd_add_t2.obj              438     0         0      
       trgmsg.obj                 104     0         288    
       e_sqrt.obj                 368     0         0      
       fd_div_t2.obj              310     0         0      
       fd_cmp_t2.obj              268     0         0      
       fd_mul_t2.obj              252     0         0      
       s_scalbn.obj               252     0         0      
       memcpy_t2.obj              156     0         0      
       memset_t2.obj              122     0         0      
       copy_decompress_rle.obj    112     0         0      
       exit.obj                   84      0         12     
       cpy_tbl.obj                76      0         0      
       fd_toi_t2.obj              72      0         0      
       fd_tou_t2.obj              68      0         0      
       u_divt2.obj                64      0         0      
       i_tofd_t2.obj              46      0         0      
       u_tofd_t2.obj              32      0         0      
       _lock.obj                  20      0         8      
       args_main.obj              24      0         0      
       s_copysign.obj             20      0         0      
       strcpy.obj                 20      0         0      
       strlen.obj                 20      0         0      
       copy_decompress_none.obj   14      0         0      
       errno.obj                  0       0         4      
       stkdepth_vars.obj          0       0         4      
       i_div0.obj                 2       0         0      
    +--+--------------------------+-------+---------+---------+
       Total:                     6224    48        324    
                                                           
    C:\ti\tirtos_tivac_2_16_01_14\products\bios_6_45_02_31\packages\ti\catalog\arm\cortexm4\tiva\ce\lib\Boot.aem4f
       Boot_sysctl.oem4f          262     0         0      
       Boot.oem4f                 152     0         0      
    +--+--------------------------+-------+---------+---------+
       Total:                     414     0         0      
                                                           
    C:\ti\tirtos_tivac_2_16_01_14\products\bios_6_45_02_31\packages\ti\targets\arm\rtsarm\lib\auto_init.aem4f
       auto_init.oem4f            160     0         0      
    +--+--------------------------+-------+---------+---------+
       Total:                     160     0         0      
                                                           
    C:\ti\tirtos_tivac_2_16_01_14\products\bios_6_45_02_31\packages\ti\targets\arm\rtsarm\lib\boot.aem4f
       boot.oem4f                 88      0         0      
    +--+--------------------------+-------+---------+---------+
       Total:                     88      0         0      
                                                           
    C:\ti\tirtos_tivac_2_16_01_14\products\bios_6_45_02_31\packages\ti\targets\arm\rtsarm\lib\ti.targets.arm.rtsarm.aem4f
       System.oem4f               1255    0         0      
       Text.oem4f                 672     0         0      
       Error.oem4f                524     0         0      
       Core-mem.oem4f             358     0         0      
       Startup.oem4f              328     0         0      
       SysMin.oem4f               248     0         0      
       Core-smem.oem4f            204     0         0      
       Memory.oem4f               176     0         0      
       Assert.oem4f               84      0         0      
       Core-params.oem4f          70      0         0      
       Core-label.oem4f           52      0         0      
       Registry.oem4f             32      0         0      
       Gate.oem4f                 28      0         0      
    +--+--------------------------+-------+---------+---------+
       Total:                     4031    0         0      
                                                           
       Stack:                     0       0         768    
       Linker Generated:          0       870       0      
    +--+--------------------------+-------+---------+---------+
       Grand Total:               27863   8738      6217   


LINKER GENERATED COPY TABLES

__TI_cinit_table @ 00008f94 records: 3, size/record: 8, table size: 24
	.data: load addr=00008c40, load size=00000330 bytes, run addr=200010c8, run size=00000482 bytes, compression=rle
	.bss: load addr=00008f70, load size=0000000b bytes, run addr=20000360, run size=00000d68 bytes, compression=rle
	.vecs: load addr=00008f80, load size=0000000b bytes, run addr=20000000, run size=00000360 bytes, compression=rle


LINKER GENERATED HANDLER TABLE

__TI_handler_table @ 00008f8c records: 2, size/record: 4, table size: 8
	index: 0, handler: __TI_decompress_rle24
	index: 1, handler: __TI_decompress_none


GLOBAL SYMBOLS: SORTED ALPHABETICALLY BY Name 

address   name                                                              
-------   ----                                                              
00006d29  ADCIntClear                                                       
000061a9  ADCIntStatus                                                      
000068fd  ADCProcessorTrigger                                               
00005b39  ADCSequenceConfigure                                              
000066d1  ADCSequenceDataGet                                                
00006c51  ADCSequenceDisable                                                
00006c5f  ADCSequenceEnable                                                 
000049a1  ADCSequenceStepConfigure                                          
000053fd  C$$EXIT                                                           
00004e37  C$$IO$$                                                           
000062b9  GPIODirModeSet                                                    
00002e3b  GPIOPadConfigSet                                                  
0000571d  GPIOPinConfigure                                                  
00006aed  GPIOPinTypeADC                                                    
00006915  GPIOPinTypeGPIOOutput                                             
00006aff  GPIOPinTypePWM                                                    
00006b11  GPIOPinTypeUART                                                   
00002f6b  GPIOPinWrite                                                      
00001443  HOSTclock                                                         
0000140b  HOSTclose                                                         
000013cd  HOSTgetenv                                                        
00001371  HOSTlseek                                                         
0000131f  HOSTopen                                                          
000012d3  HOSTread                                                          
00001275  HOSTrename                                                        
0000123b  HOSTtime                                                          
000011f1  HOSTtime64                                                        
000011b9  HOSTunlink                                                        
0000116d  HOSTwrite                                                         
000020fd  InitHardware                                                      
00003d19  InitPIDController                                                 
00003b6d  PIDControllerLoop                                                 
000024a9  PIDControllerUpdate                                               
00008a78  PIDHandle                                                         
00008a74  PIDSem                                                            
00006521  PWMGenConfigure                                                   
00006cb5  PWMGenEnable                                                      
00006b6d  PWMGenPeriodSet                                                   
00006b23  PWMOutputState                                                    
000066ef  PWMPulseWidthSet                                                  
UNDEFED   SHT$$INIT_ARRAY$$Base                                             
UNDEFED   SHT$$INIT_ARRAY$$Limit                                            
000031a9  SysCtlClockGet                                                    
00003991  SysCtlClockSet                                                    
00004b73  SysCtlDelay                                                       
00005d89  SysCtlPeripheralEnable                                            
00005c35  SysCtlPeripheralPresent                                           
00005c6d  SysCtlPeripheralReady                                             
00004fa5  TimerConfigure                                                    
00006c6d  TimerEnable                                                       
000052f9  TimerInt                                                          
000009ed  TimerIntClear                                                     
00006d51  TimerIntEnable                                                    
00008a70  TimerIntHandle                                                    
00006b35  TimerLoadSet                                                      
00006d33  UARTCharPut                                                       
00005a71  UARTConfigSetExpClk                                               
0000672d  UARTDisable                                                       
00006a37  UARTEnable                                                        
000053a9  UARTStdioConfig                                                   
000063d5  UARTprintf                                                        
00001491  UARTvprintf                                                       
00005599  UARTwrite                                                         
00000000  __ASM__                                                           
20000ec0  __CIOBUF_                                                         
00000061  __ISA__                                                           
00000074  __PLAT__                                                          
2000184c  __STACK_END                                                       
00000300  __STACK_SIZE                                                      
00000095  __TARG__                                                          
00008f94  __TI_CINIT_Base                                                   
00008fac  __TI_CINIT_Limit                                                  
00008f8c  __TI_Handler_Table_Base                                           
00008f94  __TI_Handler_Table_Limit                                          
00004221  __TI_auto_init                                                    
200014b0  __TI_cleanup_ptr                                                  
00006c7b  __TI_decompress_none                                              
00005913  __TI_decompress_rle24                                             
200014b4  __TI_dtors_ptr                                                    
200014b8  __TI_enable_exit_profile_output                                   
ffffffff  __TI_pprof_out_hndl                                               
ffffffff  __TI_prof_data_size                                               
ffffffff  __TI_prof_data_start                                              
00004e3b  __TI_readmsg                                                      
00008c40  __TI_static_base__                                                
00004e09  __TI_writemsg                                                     
000000bb  __TRDR__                                                          
00004791  __aeabi_cdcmpeq                                                   
00004791  __aeabi_cdcmple                                                   
00004817  __aeabi_cdrcmple                                                  
00005765  __aeabi_d2iz                                                      
000058cf  __aeabi_d2uiz                                                     
000022fb  __aeabi_dadd                                                      
00002d05  __aeabi_ddiv                                                      
000034b5  __aeabi_dmul                                                      
000022f1  __aeabi_dsub                                                      
000061d7  __aeabi_i2d                                                       
000024a7  __aeabi_idiv0                                                     
00004a1b  __aeabi_memclr                                                    
00004a1b  __aeabi_memclr4                                                   
00004a1b  __aeabi_memclr8                                                   
00004361  __aeabi_memcpy                                                    
00004361  __aeabi_memcpy4                                                   
00004361  __aeabi_memcpy8                                                   
00004a1d  __aeabi_memset                                                    
00004a1d  __aeabi_memset4                                                   
00004a1d  __aeabi_memset8                                                   
0000658d  __aeabi_ui2d                                                      
00005ab3  __aeabi_uidiv                                                     
00005ab3  __aeabi_uidivmod                                                  
ffffffff  __binit__                                                         
ffffffff  __c_args__                                                        
2000154c  __stack                                                           
00006945  _args_main                                                        
000052a1  _c_int00                                                          
200014d4  _lock                                                             
00006a5b  _nop                                                              
00006a53  _register_lock                                                    
00006a4d  _register_unlock                                                  
200014d8  _unlock                                                           
00005401  abort                                                             
ffffffff  binit                                                             
000055e5  copy_in                                                           
00006a61  copysign                                                          
00006a61  copysignl                                                         
20001438  currentWidthL                                                     
20001440  currentWidthR                                                     
00005dbd  delay                                                             
20001448  delayStatus                                                       
2000152c  errno                                                             
00005409  exit                                                              
000035b1  ldexp                                                             
000035b1  ldexpl                                                            
0000692d  main                                                              
20001530  main_func_sp                                                      
00004361  memcpy                                                            
00004a23  memset                                                            
20001430  pid                                                               
20001060  pidS                                                              
00000041  pow                                                               
00000041  powl                                                              
00005f35  rWheelForward                                                     
00005f65  rWheelReverse                                                     
00004925  readFDistSensor                                                   
00004a95  readRDistSensor                                                   
0000630d  rightTurn                                                         
000035b1  scalbn                                                            
000035b1  scalbnl                                                           
00005df1  setRDutyCycle                                                     
000027a5  sqrt                                                              
000027a5  sqrtl                                                             
00006a75  strcpy                                                            
00006a89  strlen                                                            
00008844  ti_catalog_arm_cortexm4_tiva_ce_Boot_A_mustUseEnhancedClockMode__C
00008ab4  ti_catalog_arm_cortexm4_tiva_ce_Boot_Module__diagsEnabled__C      
00008ab8  ti_catalog_arm_cortexm4_tiva_ce_Boot_Module__diagsIncluded__C     
00008abc  ti_catalog_arm_cortexm4_tiva_ce_Boot_Module__diagsMask__C         
000086fe  ti_catalog_arm_cortexm4_tiva_ce_Boot_Module__id__C                
00006ca9  ti_catalog_arm_cortexm4_tiva_ce_Boot_init__I                      
000032b5  ti_catalog_arm_cortexm4_tiva_ce_Boot_sysCtlClockSetI__I           
000045d9  ti_catalog_arm_cortexm4_tiva_ce_Boot_sysCtlClockSet__E            
00005af3  ti_catalog_arm_cortexm4_tiva_ce_Boot_sysCtlDelayI__I              
2000140c  ti_sysbios_BIOS_Module__state__V                                  
00006861  ti_sysbios_BIOS_RtsGateProxy_Handle__label__S                     
00006489  ti_sysbios_BIOS_RtsGateProxy_Object__delete__S                    
0000179d  ti_sysbios_BIOS_RtsGateProxy_enter__E                             
00001cb5  ti_sysbios_BIOS_RtsGateProxy_leave__E                             
00006da1  ti_sysbios_BIOS_RtsGateProxy_query__E                             
00005f95  ti_sysbios_BIOS_atExitFunc__I                                     
000063f9  ti_sysbios_BIOS_errorRaiseHook__I                                 
00006a21  ti_sysbios_BIOS_exitFunc__I                                       
000045d7  ti_sysbios_BIOS_nullFunc__I                                       
0000641d  ti_sysbios_BIOS_registerRTSLock__I                                
00006441  ti_sysbios_BIOS_removeRTSLock__I                                  
000065ad  ti_sysbios_BIOS_rtsLock__I                                        
0000695d  ti_sysbios_BIOS_rtsUnlock__I                                      
00006b81  ti_sysbios_BIOS_setThreadType__E                                  
00006465  ti_sysbios_BIOS_startFunc__I                                      
00006b91  ti_sysbios_BIOS_start__E                                          
20001350  ti_sysbios_family_arm_lm4_Timer_Module_State_0_device__A          
2000146c  ti_sysbios_family_arm_lm4_Timer_Module_State_0_handles__A         
00006975  ti_sysbios_family_arm_lm4_Timer_Module__startupDone__F            
00006975  ti_sysbios_family_arm_lm4_Timer_Module__startupDone__S            
200014bc  ti_sysbios_family_arm_lm4_Timer_Module__state__V                  
00004ed9  ti_sysbios_family_arm_lm4_Timer_Module_startup__E                 
200012a4  ti_sysbios_family_arm_lm4_Timer_Object__table__V                  
00008ac0  ti_sysbios_family_arm_lm4_Timer_enableFunc__C                     
00004179  ti_sysbios_family_arm_lm4_Timer_enableTimers__I                   
000040c9  ti_sysbios_family_arm_lm4_Timer_enableTiva__I                     
00006cc1  ti_sysbios_family_arm_lm4_Timer_getMaxTicks__E                    
00005009  ti_sysbios_family_arm_lm4_Timer_isrStub__E                        
00006d59  ti_sysbios_family_arm_lm4_Timer_masterDisable__I                  
0000262d  ti_sysbios_family_arm_lm4_Timer_masterEnable__I                   
00008ac4  ti_sysbios_family_arm_lm4_Timer_numTimerDevices__C                
00002f71  ti_sysbios_family_arm_lm4_Timer_start__E                          
00008ac8  ti_sysbios_family_arm_lm4_Timer_startupNeeded__C                  
[...]
00006b6d  PWMGenPeriodSet                                                   
00006b81  ti_sysbios_BIOS_setThreadType__E                                  
00006b91  ti_sysbios_BIOS_start__E                                          
00006ba1  ti_sysbios_family_arm_m3_TaskSupport_glue                         
00006bb1  ti_sysbios_gates_GateMutex_Instance_finalize__E                   
00006bc1  ti_sysbios_knl_Semaphore_Instance_finalize__E                     
00006bd1  ti_sysbios_knl_Swi_disable__E                                     
00006be1  ti_sysbios_knl_Task_Object__get__S                                
00006bf1  ti_sysbios_knl_Task_disable__E                                    
00006c01  xdc_runtime_Gate_leaveSystem__E                                   
00006c11  xdc_runtime_Memory_free__E                                        
00006c21  xdc_runtime_SysMin_ready__E                                       
00006c21  xdc_runtime_System_SupportProxy_ready__E                          
00006c31  xdc_runtime_System_vsnprintf__E                                   
00006c41  xdc_runtime_Text_visitRope__I                                     
00006c51  ADCSequenceDisable                                                
00006c5f  ADCSequenceEnable                                                 
00006c6d  TimerEnable                                                       
00006c7b  __TI_decompress_none                                              
00006c89  ti_sysbios_knl_Idle_loop__E                                       
00006c99  ti_sysbios_knl_Queue_empty__E                                     
00006ca9  ti_catalog_arm_cortexm4_tiva_ce_Boot_init__I                      
00006cb5  PWMGenEnable                                                      
00006cc1  ti_sysbios_family_arm_lm4_Timer_getMaxTicks__E                    
00006cd1  ti_sysbios_family_arm_m3_TaskSupport_checkStack__E                
00006cd1  ti_sysbios_knl_Task_SupportProxy_checkStack__E                    
00006ce1  ti_sysbios_gates_GateHwi_enter__E                                 
00006ced  ti_sysbios_knl_Queue_Object__get__S                               
00006cf9  xdc_runtime_Error_init__E                                         
00006d05  xdc_runtime_Gate_enterSystem__E                                   
00006d11  xdc_runtime_Memory_calloc__E                                      
00006d1d  xdc_runtime_Memory_getMaxDefaultTypeAlign__E                      
00006d29  ADCIntClear                                                       
00006d33  UARTCharPut                                                       
00006d3d  xdc_runtime_Memory_HeapProxy_alloc__E                             
00006d47  xdc_runtime_Memory_HeapProxy_free__E                              
00006d51  TimerIntEnable                                                    
00006d59  ti_sysbios_family_arm_lm4_Timer_masterDisable__I                  
00006d61  ti_sysbios_family_arm_m3_Hwi_doSwiRestore__I                      
00006d69  ti_sysbios_family_arm_m3_Hwi_startup__E                           
00006d69  ti_sysbios_hal_Hwi_HwiProxy_startup__E                            
00006d71  ti_sysbios_family_arm_m3_Hwi_doTaskRestore__I                     
00006d79  ti_sysbios_gates_GateHwi_leave__E                                 
00006d81  ti_sysbios_heaps_HeapMem_isBlocking__E                            
00006d89  ti_sysbios_knl_Queue_Instance_init__E                             
00006d91  ti_sysbios_knl_Swi_startup__E                                     
00006d99  ti_sysbios_gates_GateHwi_query__E                                 
00006d99  xdc_runtime_Main_Module_GateProxy_query__E                        
00006d99  xdc_runtime_System_Module_GateProxy_query__E                      
00006da1  ti_sysbios_BIOS_RtsGateProxy_query__E                             
00006da1  ti_sysbios_gates_GateMutex_query__E                               
00006da1  ti_sysbios_heaps_HeapMem_Module_GateProxy_query__E                
00006da9  ti_sysbios_knl_Task_startup__E                                    
00006db1  ti_sysbios_gates_GateHwi_Instance_init__E                         
00006db9  ti_sysbios_knl_Clock_logTick__E                                   
00006dc0  xdc_runtime_Text_charTab__A                                       
00008641  xdc_runtime_Error_policy__C                                       
00008642  xdc_runtime_Text_nodeTab__A                                       
000086fe  ti_catalog_arm_cortexm4_tiva_ce_Boot_Module__id__C                
00008844  ti_catalog_arm_cortexm4_tiva_ce_Boot_A_mustUseEnhancedClockMode__C
00008878  ti_sysbios_heaps_HeapMem_Module__FXNS__C                          
000088a0  ti_sysbios_gates_GateHwi_Module__FXNS__C                          
000088c4  ti_sysbios_gates_GateMutex_Module__FXNS__C                        
000088e8  ti_sysbios_heaps_HeapMem_Object__PARAMS__C                        
0000890c  ti_sysbios_knl_Semaphore_Object__PARAMS__C                        
00008930  ti_sysbios_gates_GateHwi_Object__DESC__C                          
00008950  ti_sysbios_gates_GateMutex_Object__DESC__C                        
00008970  ti_sysbios_heaps_HeapMem_Object__DESC__C                          
00008990  ti_sysbios_knl_Queue_Object__DESC__C                              
000089b0  ti_sysbios_knl_Semaphore_Object__DESC__C                          
000089d0  xdc_runtime_Startup_sfxnTab__A                                    
000089f0  ti_sysbios_gates_GateHwi_Object__PARAMS__C                        
00008a08  ti_sysbios_gates_GateMutex_Object__PARAMS__C                      
00008a20  ti_sysbios_knl_Queue_Object__PARAMS__C                            
00008a38  xdc_runtime_Startup_firstFxns__A                                  
00008a5e  xdc_runtime_Startup_sfxnRts__A                                    
00008a6e  ti_sysbios_family_arm_m3_Hwi_Module__id__C                        
00008a70  TimerIntHandle                                                    
00008a74  PIDSem                                                            
00008a78  PIDHandle                                                         
00008a94  ti_sysbios_family_arm_m3_Hwi_excHookFuncs__A                      
00008a9c  ti_sysbios_knl_Idle_funcList__C                                   
00008aa4  xdc_runtime_Startup_firstFxns__C                                  
00008aac  xdc_runtime_Startup_lastFxns__C                                   
00008ab4  ti_catalog_arm_cortexm4_tiva_ce_Boot_Module__diagsEnabled__C      
00008ab8  ti_catalog_arm_cortexm4_tiva_ce_Boot_Module__diagsIncluded__C     
00008abc  ti_catalog_arm_cortexm4_tiva_ce_Boot_Module__diagsMask__C         
00008ac0  ti_sysbios_family_arm_lm4_Timer_enableFunc__C                     
00008ac4  ti_sysbios_family_arm_lm4_Timer_numTimerDevices__C                
00008ac8  ti_sysbios_family_arm_lm4_Timer_startupNeeded__C                  
00008acc  ti_sysbios_family_arm_m3_Hwi_E_NMI__C                             
00008ad0  ti_sysbios_family_arm_m3_Hwi_E_busFault__C                        
00008ad4  ti_sysbios_family_arm_m3_Hwi_E_debugMon__C                        
00008ad8  ti_sysbios_family_arm_m3_Hwi_E_hardFault__C                       
00008adc  ti_sysbios_family_arm_m3_Hwi_E_memFault__C                        
00008ae0  ti_sysbios_family_arm_m3_Hwi_E_noIsr__C                           
00008ae4  ti_sysbios_family_arm_m3_Hwi_E_reserved__C                        
00008ae8  ti_sysbios_family_arm_m3_Hwi_E_svCall__C                          
00008aec  ti_sysbios_family_arm_m3_Hwi_E_usageFault__C                      
00008af0  ti_sysbios_family_arm_m3_Hwi_NUM_INTERRUPTS__C                    
00008af4  ti_sysbios_family_arm_m3_Hwi_Object__count__C                     
00008af8  ti_sysbios_family_arm_m3_Hwi_ccr__C                               
00008afc  ti_sysbios_family_arm_m3_Hwi_excHandlerFunc__C                    
00008b00  ti_sysbios_family_arm_m3_Hwi_excHookFuncs__C                      
00008b04  ti_sysbios_family_arm_m3_Hwi_nullIsrFunc__C                       
00008b08  ti_sysbios_family_arm_m3_Hwi_priGroup__C                          
00008b0c  ti_sysbios_gates_GateMutex_A_badContext__C                        
00008b10  ti_sysbios_gates_GateMutex_Instance_State_sem__O                  
00008b14  ti_sysbios_gates_GateMutex_Module__diagsEnabled__C                
00008b18  ti_sysbios_gates_GateMutex_Module__diagsIncluded__C               
00008b1c  ti_sysbios_gates_GateMutex_Module__diagsMask__C                   
00008b20  ti_sysbios_hal_Hwi_E_stackOverflow__C                             
00008b24  ti_sysbios_heaps_HeapMem_A_align__C                               
00008b28  ti_sysbios_heaps_HeapMem_A_heapSize__C                            
00008b2c  ti_sysbios_heaps_HeapMem_A_invalidFree__C                         
00008b30  ti_sysbios_heaps_HeapMem_A_zeroBlock__C                           
00008b34  ti_sysbios_heaps_HeapMem_E_memory__C                              
00008b38  ti_sysbios_heaps_HeapMem_Module__diagsEnabled__C                  
00008b3c  ti_sysbios_heaps_HeapMem_Module__diagsIncluded__C                 
00008b40  ti_sysbios_heaps_HeapMem_Module__diagsMask__C                     
00008b44  ti_sysbios_heaps_HeapMem_Module__gateObj__C                       
00008b48  ti_sysbios_heaps_HeapMem_Object__count__C                         
00008b4c  ti_sysbios_heaps_HeapMem_reqAlign__C                              
00008b50  ti_sysbios_knl_Clock_Module_State_clockQ__O                       
00008b54  ti_sysbios_knl_Idle_funcList__A                                   
00008b58  ti_sysbios_knl_Semaphore_A_badContext__C                          
00008b5c  ti_sysbios_knl_Semaphore_A_noEvents__C                            
00008b60  ti_sysbios_knl_Semaphore_A_overflow__C                            
00008b64  ti_sysbios_knl_Semaphore_A_pendTaskDisabled__C                    
00008b68  ti_sysbios_knl_Semaphore_Instance_State_pendQ__O                  
00008b6c  ti_sysbios_knl_Semaphore_Module__diagsEnabled__C                  
00008b70  ti_sysbios_knl_Semaphore_Module__diagsIncluded__C                 
00008b74  ti_sysbios_knl_Semaphore_Module__diagsMask__C                     
00008b78  ti_sysbios_knl_Swi_Object__count__C                               
00008b7c  ti_sysbios_knl_Task_E_spOutOfBounds__C                            
00008b80  ti_sysbios_knl_Task_E_stackOverflow__C                            
00008b84  ti_sysbios_knl_Task_Module_State_inactiveQ__O                     
00008b88  ti_sysbios_knl_Task_Object__count__C                              
00008b8c  ti_sysbios_knl_Task_allBlockedFunc__C                             
00008b90  ti_sysbios_knl_Task_numConstructedTasks__C                        
00008b98  xdc_runtime_Assert_E_assertFailed__C                              
00008b9c  xdc_runtime_Core_A_initializedParams__C                           
00008ba0  xdc_runtime_Core_Module__diagsEnabled__C                          
00008ba4  xdc_runtime_Core_Module__diagsIncluded__C                         
00008ba8  xdc_runtime_Core_Module__diagsMask__C                             
00008bac  xdc_runtime_Error_E_memory__C                                     
00008bb0  xdc_runtime_Error_Module__diagsEnabled__C                         
00008bb4  xdc_runtime_Error_Module__diagsIncluded__C                        
00008bb8  xdc_runtime_Error_Module__diagsMask__C                            
00008bbc  xdc_runtime_Error_Module__loggerFxn8__C                           
00008bc0  xdc_runtime_Error_Module__loggerObj__C                            
00008bc4  xdc_runtime_Error_policyFxn__C                                    
00008bc8  xdc_runtime_Error_raiseHook__C                                    
00008bcc  xdc_runtime_IGateProvider_Interface__BASE__C                      
00008bd0  xdc_runtime_IHeap_Interface__BASE__C                              
00008bd4  xdc_runtime_IModule_Interface__BASE__C                            
00008bd8  xdc_runtime_Log_L_error__C                                        
00008bdc  xdc_runtime_Memory_defaultHeapInstance__C                         
00008be0  xdc_runtime_Startup_execImpl__C                                   
00008be4  xdc_runtime_Startup_maxPasses__C                                  
00008be8  xdc_runtime_Startup_sfxnRts__C                                    
00008bec  xdc_runtime_Startup_sfxnTab__C                                    
00008bf0  xdc_runtime_SysMin_bufSize__C                                     
00008bf4  xdc_runtime_SysMin_outputFunc__C                                  
00008bf8  xdc_runtime_System_Module__gateObj__C                             
00008bfc  xdc_runtime_System_abortFxn__C                                    
00008c00  xdc_runtime_System_exitFxn__C                                     
00008c04  xdc_runtime_System_extendFxn__C                                   
00008c08  xdc_runtime_System_maxAtexitHandlers__C                           
00008c0c  xdc_runtime_Text_charTab__C                                       
00008c10  xdc_runtime_Text_nameEmpty__C                                     
00008c14  xdc_runtime_Text_nameStatic__C                                    
00008c18  xdc_runtime_Text_nameUnknown__C                                   
00008c1c  xdc_runtime_Text_nodeTab__C                                       
00008c20  xdc_runtime_Text_visitRopeFxn__C                                  
00008c24  ti_sysbios_gates_GateMutex_Module__id__C                          
00008c26  ti_sysbios_hal_Hwi_Module__id__C                                  
00008c28  ti_sysbios_heaps_HeapMem_Module__id__C                            
00008c2a  ti_sysbios_knl_Semaphore_Module__id__C                            
00008c2c  ti_sysbios_knl_Task_Module__id__C                                 
00008c2e  xdc_runtime_Core_Module__id__C                                    
00008c30  xdc_runtime_Error_Module__loggerDefined__C                        
00008c32  xdc_runtime_Error_maxDepth__C                                     
00008c34  xdc_runtime_Memory_Module__id__C                                  
00008c36  xdc_runtime_SysMin_flushAtExit__C                                 
00008c38  xdc_runtime_Text_charCnt__C                                       
00008c3a  xdc_runtime_Text_isLoaded__C                                      
00008c3c  xdc_runtime_Text_registryModsLastId__C                            
00008c3e  xdc_runtime_Text_unnamedModsLastId__C                             
00008c40  __TI_static_base__                                                
00008f8c  __TI_Handler_Table_Base                                           
00008f94  __TI_CINIT_Base                                                   
00008f94  __TI_Handler_Table_Limit                                          
00008fac  __TI_CINIT_Limit                                                  
20000000  ti_sysbios_family_arm_m3_Hwi_ramVectors                           
20000360  ti_sysbios_knl_Task_Instance_State_0_stack__A                     
20000560  ti_sysbios_knl_Task_Instance_State_1_stack__A                     
20000760  ti_sysbios_heaps_HeapMem_Instance_State_0_buf__A                  
20000b60  ti_sysbios_family_arm_m3_Hwi_dispatchTable                        
20000ec0  __CIOBUF_                                                         
20000fe0  xdc_runtime_SysMin_Module_State_0_outbuf__A                       
20001060  pidS                                                              
200010c8  ti_sysbios_knl_Task_Object__table__V                              
20001160  ti_sysbios_knl_Swi_Module_State_0_readyQ__A                       
200011e0  ti_sysbios_knl_Task_Module_State_0_readyQ__A                      
20001260  ti_sysbios_knl_Task_Module__state__V                              
200012a4  ti_sysbios_family_arm_lm4_Timer_Object__table__V                  
200012e4  ti_sysbios_gates_GateMutex_Object__table__V                       
2000131c  ti_sysbios_family_arm_m3_Hwi_Module__state__V                     
20001350  ti_sysbios_family_arm_lm4_Timer_Module_State_0_device__A          
20001380  ti_sysbios_family_arm_m3_Hwi_Object__table__V                     
200013b0  ti_sysbios_knl_Swi_Object__table__V                               
200013e0  ti_sysbios_knl_Clock_Module__state__V                             
2000140c  ti_sysbios_BIOS_Module__state__V                                  
20001430  pid                                                               
20001438  currentWidthL                                                     
20001440  currentWidthR                                                     
20001448  delayStatus                                                       
2000144c  time                                                              
20001450  ti_sysbios_knl_Swi_Module__state__V                               
2000146c  ti_sysbios_family_arm_lm4_Timer_Module_State_0_handles__A         
20001484  ti_sysbios_heaps_HeapMem_Object__table__V                         
2000149c  ti_sysbios_knl_Semaphore_Object__table__V                         
200014b0  __TI_cleanup_ptr                                                  
200014b4  __TI_dtors_ptr                                                    
200014b8  __TI_enable_exit_profile_output                                   
200014bc  ti_sysbios_family_arm_lm4_Timer_Module__state__V                  
200014c8  xdc_runtime_SysMin_Module__state__V                               
200014d4  _lock                                                             
200014d8  _unlock                                                           
200014dc  ti_sysbios_gates_GateHwi_Module__root__V                          
200014e4  ti_sysbios_gates_GateMutex_Module__root__V                        
200014ec  ti_sysbios_heaps_HeapMem_Module__root__V                          
200014f4  ti_sysbios_knl_Queue_Module__root__V                              
200014fc  ti_sysbios_knl_Semaphore_Module__root__V                          
20001504  xdc_runtime_Registry_Module__state__V                             
2000150c  xdc_runtime_Startup_Module__state__V                              
20001514  xdc_runtime_System_Module_State_0_atexitHandlers__A               
2000151c  xdc_runtime_System_Module__state__V                               
2000152a  ti_sysbios_family_arm_m3_Hwi_Module_State_0_excActive__A          
2000152c  errno                                                             
20001530  main_func_sp                                                      
20001534  ti_sysbios_family_arm_m3_Hwi_Module_State_0_excContext__A         
20001538  ti_sysbios_family_arm_m3_Hwi_Module_State_0_excStack__A           
2000153c  ti_sysbios_gates_GateHwi_Object__table__V                         
20001540  ti_sysbios_knl_Task_Module_State_0_idleTask__A                    
20001544  xdc_runtime_Memory_Module__state__V                               
20001548  xdc_runtime_Error_Module__state__V                                
2000154c  __stack                                                           
2000184c  __STACK_END                                                       
e000e000  ti_sysbios_family_arm_m3_Hwi_nvic                                 
ffffffff  __TI_pprof_out_hndl                                               
ffffffff  __TI_prof_data_size                                               
ffffffff  __TI_prof_data_start                                              
ffffffff  __binit__                                                         
ffffffff  __c_args__                                                        
ffffffff  binit                                                             
UNDEFED   SHT$$INIT_ARRAY$$Base                                             
UNDEFED   SHT$$INIT_ARRAY$$Limit                                            

[574 symbols]
