******************************************************************************
                  TI ARM Linker PC v15.12.3                    
******************************************************************************
>> Linked Tue Nov 03 17:10:36 2020

OUTPUT FILE NAME:   <Milestone7.out>
ENTRY POINT SYMBOL: "_c_int00"  address: 00005311


MEMORY CONFIGURATION

         name            origin    length      used     unused   attr    fill
----------------------  --------  ---------  --------  --------  ----  --------
  FLASH                 00000000   00040000  0000909a  00036f66  R  X
  SRAM                  20000000   00008000  0000184e  000067b2  RW X


SEGMENT ALLOCATION MAP

run origin  load origin   length   init length attrs members
----------  ----------- ---------- ----------- ----- -------
00000000    00000000    000090a4   000090a4    r-x
  00000000    00000000    0000003c   0000003c    r-- .resetVecs
  00000040    00000040    00006e72   00006e72    r-x .text
  00006eb8    00006eb8    00001e80   00001e80    r-- .const
  00008d38    00008d38    0000036c   0000036c    r-- .cinit
20000000    20000000    00001850   00000000    rw-
  20000000    20000000    00000360   00000000    rw- .vecs
  20000360    20000360    00000d68   00000000    rw- .bss
  200010c8    200010c8    00000486   00000000    rw- .data
  20001550    20001550    00000300   00000000    rw- .stack


SECTION ALLOCATION MAP

 output                                  attributes/
section   page    origin      length       input sections
--------  ----  ----------  ----------   ----------------
.text      0    00000040    00006e72     
                  00000040    000009ac     rtsv7M4_T_le_v4SPD16_eabi.lib : e_pow.obj (.text)
                  000009ec    00000004     driverlib.lib : timer.obj (.text:TimerIntClear)
                  000009f0    00000430     sysbios.aem4f : BIOS.obj (.text:ti_sysbios_family_arm_m3_Hwi_excDumpRegs__I)
                  00000e20    0000034c     ti.targets.arm.rtsarm.aem4f : System.oem4f (.text:xdc_runtime_System_doPrint__I)
                  0000116c    00000324     rtsv7M4_T_le_v4SPD16_eabi.lib : trgdrv.obj (.text)
                  00001490    0000030c     uartstdio.obj (.text:UARTvprintf)
                  0000179c    00000004     empty_pem4f.oem4f (.text:ti_sysbios_BIOS_RtsGateProxy_enter__E)
                  000017a0    000002c0     sysbios.aem4f : BIOS.obj (.text:ti_sysbios_knl_Semaphore_pend__E)
                  00001a60    00000254                   : BIOS.obj (.text:ti_sysbios_heaps_HeapMem_free__E)
                  00001cb4    00000004     empty_pem4f.oem4f (.text:ti_sysbios_BIOS_RtsGateProxy_leave__E)
                  00001cb8    00000248     sysbios.aem4f : BIOS.obj (.text:ti_sysbios_heaps_HeapMem_alloc__E)
                  00001f00    000001fc                   : BIOS.obj (.text:ti_sysbios_family_arm_m3_Hwi_excHandlerMax__I)
                  000020fc    000001f4     main.obj (.text:InitHardware)
                  000022f0    000001b6     rtsv7M4_T_le_v4SPD16_eabi.lib : fd_add_t2.obj (.text)
                  000024a6    00000002                                   : i_div0.obj (.text)
                  000024a8    00000184     main.obj (.text:PIDControllerUpdate)
                  0000262c    00000004     sysbios.aem4f : BIOS.obj (.text:ti_sysbios_family_arm_lm4_Timer_masterEnable__I)
                  00002630    00000174                   : BIOS.obj (.text:ti_sysbios_family_arm_m3_Hwi_excBusFault__I)
                  000027a4    00000170     rtsv7M4_T_le_v4SPD16_eabi.lib : e_sqrt.obj (.text)
                  00002914    00000004     empty_pem4f.oem4f (.text:ti_sysbios_family_arm_m3_TaskSupport_Module__startupDone__S)
                  00002918    00000164     sysbios.aem4f : BIOS.obj (.text:ti_sysbios_family_arm_m3_Hwi_excUsageFault__I)
                  00002a7c    00000154     main.obj (.text:PIDControllerLoop)
                  00002bd0    00000148     sysbios.aem4f : BIOS.obj (.text:ti_sysbios_family_arm_m3_Hwi_excMemFault__I)
                  00002d18    0000013c                   : BIOS.obj (.text:ti_sysbios_heaps_HeapMem_Instance_init__E)
                  00002e54    00000136     rtsv7M4_T_le_v4SPD16_eabi.lib : fd_div_t2.obj (.text)
                  00002f8a    00000130     driverlib.lib : gpio.obj (.text:GPIOPadConfigSet)
                  000030ba    00000006                   : gpio.obj (.text:GPIOPinWrite)
                  000030c0    00000120     sysbios.aem4f : BIOS.obj (.text:ti_sysbios_family_arm_lm4_Timer_start__E)
                  000031e0    00000118     ti.targets.arm.rtsarm.aem4f : Error.oem4f (.text:xdc_runtime_Error_policyDefault__E)
                  000032f8    0000010c     driverlib.lib : sysctl.obj (.text:SysCtlClockGet)
                  00003404    00000100     Boot.aem4f : Boot_sysctl.oem4f (.text:ti_catalog_arm_cortexm4_tiva_ce_Boot_sysCtlClockSetI__I)
                  00003504    00000100     ti.targets.arm.rtsarm.aem4f : Core-mem.oem4f (.text:xdc_runtime_Core_createObject__I)
                  00003604    000000fc     rtsv7M4_T_le_v4SPD16_eabi.lib : fd_mul_t2.obj (.text)
                  00003700    000000fc                                   : s_scalbn.obj (.text)
                  000037fc    000000f8     ti.targets.arm.rtsarm.aem4f : Startup.oem4f (.text:xdc_runtime_Startup_startMods__I)
                  000038f4    000000f8     empty_pem4f.oem4f (.text:xdc_runtime_System_printfExtend__I)
                  000039ec    000000f4     sysbios.aem4f : m3_Hwi_asm.obj (.text:ti_sysbios_family_arm_m3_Hwi_dispatch__I)
                  00003ae0    000000f0     driverlib.lib : sysctl.obj (.text:SysCtlClockSet)
                  00003bd0    000000ec     sysbios.aem4f : BIOS.obj (.text:ti_sysbios_knl_Semaphore_post__E)
                  00003cbc    000000cc     ti.targets.arm.rtsarm.aem4f : Core-smem.oem4f (.text:xdc_runtime_Core_constructObject__I)
                  00003d88    000000bc     main.obj (.text:InitPIDController)
                  00003e44    00000004     empty_pem4f.oem4f (.text:ti_sysbios_heaps_HeapMem_Module_GateProxy_enter__E)
                  00003e48    000000bc     sysbios.aem4f : BIOS.obj (.text:ti_sysbios_family_arm_m3_Hwi_excDebugMon__I)
                  00003f04    00000004     empty_pem4f.oem4f (.text:ti_sysbios_heaps_HeapMem_Module_GateProxy_leave__E)
                  00003f08    000000bc     sysbios.aem4f : BIOS.obj (.text:ti_sysbios_family_arm_m3_Hwi_excHardFault__I)
                  00003fc4    00000004     empty_pem4f.oem4f (.text:ti_sysbios_knl_Clock_TimerProxy_getMaxTicks__E)
                  00003fc8    000000b4     sysbios.aem4f : BIOS.obj (.text:ti_sysbios_gates_GateMutex_enter__E)
                  0000407c    00000004     empty_pem4f.oem4f (.text:ti_sysbios_knl_Queue_destruct)
                  00004080    000000b4     sysbios.aem4f : BIOS.obj (.text:ti_sysbios_knl_Task_checkStacks__E)
                  00004134    00000004     empty_pem4f.oem4f (.text:ti_sysbios_knl_Semaphore_destruct)
                  00004138    000000ac     sysbios.aem4f : BIOS.obj (.text:ti_sysbios_family_arm_lm4_Timer_enableTiva__I)
                  000041e4    00000004     ti.targets.arm.rtsarm.aem4f : Error.oem4f (.text:xdc_runtime_Error_getSite__E)
                  000041e8    000000a8     sysbios.aem4f : BIOS.obj (.text:ti_sysbios_family_arm_lm4_Timer_enableTimers__I)
                  00004290    000000a0     auto_init.aem4f : auto_init.oem4f (.text)
                  00004330    000000a0     ti.targets.arm.rtsarm.aem4f : Text.oem4f (.text:xdc_runtime_Text_putMod__E)
                  000043d0    0000009c     rtsv7M4_T_le_v4SPD16_eabi.lib : memcpy_t2.obj (.text)
                  0000446c    00000004     empty_pem4f.oem4f (.text:xdc_runtime_System_Module_GateProxy_enter__E)
                  00004470    0000009c     sysbios.aem4f : BIOS.obj (.text:ti_sysbios_knl_Semaphore_Instance_init__E)
                  0000450c    00000004     empty_pem4f.oem4f (.text:xdc_runtime_System_Module_GateProxy_leave__E)
                  00004510    0000009c     sysbios.aem4f : BIOS.obj (.text:ti_sysbios_knl_Task_postInit__I)
                  000045ac    0000009a     ti.targets.arm.rtsarm.aem4f : Text.oem4f (.text:xdc_runtime_Text_putSite__E)
                  00004646    00000002     empty_pem4f.oem4f (.text:ti_sysbios_BIOS_nullFunc__I)
                  00004648    00000098     Boot.aem4f : Boot.oem4f (.text:ti_catalog_arm_cortexm4_tiva_ce_Boot_sysCtlClockSet__E)
                  000046e0    00000094     sysbios.aem4f : BIOS.obj (.text:ti_sysbios_family_arm_m3_Hwi_initNVIC__E)
                  00004774    0000008c                   : m3_TaskSupport_asm.obj (.text:ti_sysbios_family_arm_m3_TaskSupport_buildTaskStack)
                  00004800    00000086     rtsv7M4_T_le_v4SPD16_eabi.lib : fd_cmp_t2.obj (.text:__aeabi_cdcmple)
                  00004886    00000086                                   : fd_cmp_t2.obj (.text:__aeabi_cdrcmple)
                  0000490c    00000004     ti.targets.arm.rtsarm.aem4f : System.oem4f (.text:xdc_runtime_System_aprintf_va__F)
                  00004910    00000084     sysbios.aem4f : BIOS.obj (.text:ti_sysbios_family_arm_m3_Hwi_postInit__I)
                  00004994    0000007c     main.obj (.text:readFDistSensor)
                  00004a10    0000007a     driverlib.lib : adc.obj (.text:ADCSequenceStepConfigure)
                  00004a8a    0000007a     rtsv7M4_T_le_v4SPD16_eabi.lib : memset_t2.obj (.text)
                  00004b04    00000070     main.obj (.text:readRDistSensor)
                  00004b74    0000006d     ti.targets.arm.rtsarm.aem4f : System.oem4f (.text:xdc_runtime_System_formatNum__I)
                  00004be1    00000001     --HOLE-- [fill = 0]
                  00004be2    00000006     driverlib.lib : sysctl.obj (.text:SysCtlDelay)
                  00004be8    0000006c     sysbios.aem4f : BIOS.obj (.text:ti_sysbios_knl_Clock_workFunc__E)
                  00004c54    00000004     ti.targets.arm.rtsarm.aem4f : System.oem4f (.text:xdc_runtime_System_printf_va__F)
                  00004c58    0000006c     sysbios.aem4f : BIOS.obj (.text:ti_sysbios_knl_Swi_restoreHwi__E)
                  00004cc4    00000002     empty_pem4f.oem4f (.text:xdc_runtime_Startup_reset__I)
                  00004cc6    00000002     --HOLE-- [fill = 0]
                  00004cc8    0000006c     sysbios.aem4f : BIOS.obj (.text:ti_sysbios_knl_Task_exit__E)
                  00004d34    0000006c     ti.targets.arm.rtsarm.aem4f : Error.oem4f (.text:xdc_runtime_Error_print__E)
                  00004da0    0000006c                                 : Memory.oem4f (.text:xdc_runtime_Memory_alloc__E)
                  00004e0c    0000006a     rtsv7M4_T_le_v4SPD16_eabi.lib : copy_decompress_rle.obj (.text)
                  00004e76    00000002     --HOLE-- [fill = 0]
                  00004e78    00000068                                   : trgmsg.obj (.text)
                  00004ee0    00000066     ti.targets.arm.rtsarm.aem4f : Core-mem.oem4f (.text:xdc_runtime_Core_deleteObject__I)
                  00004f46    00000002     --HOLE-- [fill = 0]
                  00004f48    00000064     sysbios.aem4f : BIOS.obj (.text:ti_sysbios_family_arm_lm4_Timer_Module_startup__E)
                  00004fac    00000004     --HOLE-- [fill = 0]
                  00004fb0    00000064                   : BIOS.obj (.text:ti_sysbios_family_arm_m3_Hwi_dispatchC__I)
                  00005014    00000060     driverlib.lib : timer.obj (.text:TimerConfigure)
                  00005074    00000004     --HOLE-- [fill = 0]
                  00005078    00000060     sysbios.aem4f : BIOS.obj (.text:ti_sysbios_family_arm_lm4_Timer_isrStub__E)
                  000050d8    00000060                   : BIOS.obj (.text:ti_sysbios_knl_Task_schedule__I)
                  00005138    0000005c                   : BIOS.obj (.text:ti_sysbios_knl_Swi_run__I)
                  00005194    00000004     --HOLE-- [fill = 0]
                  00005198    0000005c                   : BIOS.obj (.text:ti_sysbios_knl_Swi_schedule__I)
                  000051f4    00000004     --HOLE-- [fill = 0]
                  000051f8    0000005c                   : BIOS.obj (.text:ti_sysbios_knl_Task_Module_startup__E)
                  00005254    00000004     --HOLE-- [fill = 0]
                  00005258    0000005c                   : BIOS.obj (.text:ti_sysbios_knl_Task_startCore__E)
                  000052b4    0000005b     ti.targets.arm.rtsarm.aem4f : Text.oem4f (.text:xdc_runtime_Text_putLab__E)
                  0000530f    00000001     --HOLE-- [fill = 0]
                  00005310    00000058     boot.aem4f : boot.oem4f (.text)
                  00005368    00000058     main.obj (.text:TimerInt)
                  000053c0    00000058     sysbios.aem4f : m3_Hwi_asm_switch.obj (.text:ti_sysbios_family_arm_m3_Hwi_initStacks__E)
                  00005418    00000054     uartstdio.obj (.text:UARTStdioConfig)
                  0000546c    00000054     rtsv7M4_T_le_v4SPD16_eabi.lib : exit.obj (.text)
                  000054c0    00000054     ti.targets.arm.rtsarm.aem4f : Assert.oem4f (.text:xdc_runtime_Assert_raise__I)
                  00005514    00000004     --HOLE-- [fill = 0]
                  00005518    00000050     sysbios.aem4f : BIOS.obj (.text:ti_sysbios_family_arm_m3_Hwi_Module_startup__E)
                  00005568    00000050     ti.targets.arm.rtsarm.aem4f : Startup.oem4f (.text:xdc_runtime_Startup_exec__E)
                  000055b8    00000050                                 : Text.oem4f (.text:xdc_runtime_Text_visitRope2__I)
                  00005608    0000004c     uartstdio.obj (.text:UARTwrite)
                  00005654    0000004c     rtsv7M4_T_le_v4SPD16_eabi.lib : cpy_tbl.obj (.text)
                  000056a0    0000004c     sysbios.aem4f : BIOS.obj (.text:ti_sysbios_heaps_HeapMem_getStats__E)
                  000056ec    00000004     --HOLE-- [fill = 0]
                  000056f0    0000004c                   : BIOS.obj (.text:ti_sysbios_knl_Swi_runLoop__I)
                  0000573c    00000004     --HOLE-- [fill = 0]
                  00005740    0000004c                   : BIOS.obj (.text:ti_sysbios_knl_Task_allBlockedFunction__I)
                  0000578c    00000048     driverlib.lib : gpio.obj (.text:GPIOPinConfigure)
                  000057d4    00000048     rtsv7M4_T_le_v4SPD16_eabi.lib : fd_toi_t2.obj (.text)
                  0000581c    00000004     --HOLE-- [fill = 0]
                  00005820    00000048     sysbios.aem4f : BIOS.obj (.text:ti_sysbios_family_arm_m3_Hwi_disableInterrupt__E)
                  00005868    00000048                   : BIOS.obj (.text:ti_sysbios_family_arm_m3_Hwi_enableInterrupt__E)
                  000058b0    00000048                   : BIOS.obj (.text:ti_sysbios_family_arm_m3_Hwi_excReserved__I)
                  000058f8    00000046     ti.targets.arm.rtsarm.aem4f : Core-params.oem4f (.text:xdc_runtime_Core_assignParams__I)
                  0000593e    00000044     rtsv7M4_T_le_v4SPD16_eabi.lib : fd_tou_t2.obj (.text)
                  00005982    00000006                                   : copy_decompress_rle.obj (.text:decompress:rle24)
                  00005988    00000044     sysbios.aem4f : BIOS.obj (.text:ti_sysbios_family_arm_m3_Hwi_getStackInfo__E)
                  000059cc    00000004     --HOLE-- [fill = 0]
                  000059d0    00000044                   : BIOS.obj (.text:ti_sysbios_knl_Swi_post__E)
                  00005a14    00000044     ti.targets.arm.rtsarm.aem4f : Error.oem4f (.text:xdc_runtime_Error_setX__E)
                  00005a58    00000044                                 : SysMin.oem4f (.text:xdc_runtime_SysMin_flush__E)
                  00005a9c    00000044                                 : Text.oem4f (.text:xdc_runtime_Text_xprintf__I)
                  00005ae0    00000042     driverlib.lib : uart.obj (.text:UARTConfigSetExpClk)
                  00005b22    00000002     --HOLE-- [fill = 0]
                  00005b24    00000040     main.obj (.text:rightTurn)
                  00005b64    00000040     rtsv7M4_T_le_v4SPD16_eabi.lib : u_divt2.obj (.text)
                  00005ba4    00000004     --HOLE-- [fill = 0]
                  00005ba8    00000040     sysbios.aem4f : BIOS.obj (.text:ti_sysbios_family_arm_lm4_Timer_startup__E)
                  00005be8    0000003e     driverlib.lib : adc.obj (.text:ADCSequenceConfigure)
                  00005c26    00000002     --HOLE-- [fill = 0]
                  00005c28    0000003c     sysbios.aem4f : BIOS.obj (.text:ti_sysbios_family_arm_m3_Hwi_excSvCall__I)
                  00005c64    00000004     --HOLE-- [fill = 0]
                  00005c68    0000003c                   : BIOS.obj (.text:ti_sysbios_heaps_HeapMem_init__I)
                  00005ca4    00000004     --HOLE-- [fill = 0]
                  00005ca8    0000003c                   : BIOS.obj (.text:ti_sysbios_knl_Swi_restore__E)
                  00005ce4    00000038     driverlib.lib : sysctl.obj (.text:SysCtlPeripheralPresent)
                  00005d1c    00000038                   : sysctl.obj (.text:SysCtlPeripheralReady)
                  00005d54    00000004     --HOLE-- [fill = 0]
                  00005d58    00000038     sysbios.aem4f : BIOS.obj (.text:ti_sysbios_family_arm_m3_Hwi_excNoIsr__I)
                  00005d90    00000038                   : BIOS.obj (.text:ti_sysbios_knl_Task_processVitalTaskFlag__I)
                  00005dc8    00000038     ti.targets.arm.rtsarm.aem4f : SysMin.oem4f (.text:xdc_runtime_SysMin_putch__E)
                  00005e00    00000038                                 : System.oem4f (.text:xdc_runtime_System_atexit__E)
                  00005e38    00000034     driverlib.lib : sysctl.obj (.text:SysCtlPeripheralEnable)
                  00005e6c    00000034     main.obj (.text:delay)
                  00005ea0    00000034     main.obj (.text:setRDutyCycle)
                  00005ed4    00000004     --HOLE-- [fill = 0]
                  00005ed8    00000034     sysbios.aem4f : BIOS.obj (.text:ti_sysbios_family_arm_m3_Hwi_excNmi__I)
                  00005f0c    00000004     --HOLE-- [fill = 0]
                  00005f10    00000034                   : BIOS.obj (.text:ti_sysbios_hal_Hwi_checkStack)
                  00005f44    00000034     main.obj (.text:uTurn)
                  00005f78    00000034     ti.targets.arm.rtsarm.aem4f : Core-label.oem4f (.text:xdc_runtime_Core_assignLabel__I)
                  00005fac    00000033                                 : Text.oem4f (.text:xdc_runtime_Text_printVisFxn__I)
                  00005fdf    00000001     --HOLE-- [fill = 0]
                  00005fe0    00000032     sysbios.aem4f : BIOS.obj (.text:ti_sysbios_hal_Hwi_initStack)
                  00006012    00000002     --HOLE-- [fill = 0]
                  00006014    00000030     main.obj (.text:lWheelForward)
                  00006044    00000030     main.obj (.text:lWheelReverse)
                  00006074    00000030     main.obj (.text:rWheelForward)
                  000060a4    00000030     main.obj (.text:rWheelReverse)
                  000060d4    00000030     empty_pem4f.oem4f (.text:ti_sysbios_BIOS_atExitFunc__I)
                  00006104    00000004     --HOLE-- [fill = 0]
                  00006108    00000030     sysbios.aem4f : BIOS.obj (.text:ti_sysbios_family_arm_lm4_Timer_stop__E)
                  00006138    00000030                   : BIOS.obj (.text:ti_sysbios_family_arm_m3_TaskSupport_start__E)
                  00006168    00000030     empty_pem4f.oem4f (.text:ti_sysbios_gates_GateHwi_Object__create__S)
                  00006198    00000030     empty_pem4f.oem4f (.text:ti_sysbios_gates_GateMutex_Object__create__S)
                  000061c8    00000030     empty_pem4f.oem4f (.text:ti_sysbios_heaps_HeapMem_Object__create__S)
                  000061f8    00000030     empty_pem4f.oem4f (.text:ti_sysbios_knl_Semaphore_construct)
                  00006228    00000030     sysbios.aem4f : BIOS.obj (.text:ti_sysbios_knl_Semaphore_pendTimeout__I)
                  00006258    00000030                   : BIOS.obj (.text:ti_sysbios_knl_Task_unblockI__E)
                  00006288    00000030     ti.targets.arm.rtsarm.aem4f : SysMin.oem4f (.text:xdc_runtime_SysMin_abort__E)
                  000062b8    00000030                                 : System.oem4f (.text:xdc_runtime_System_processAtExit__E)
                  000062e8    0000002e     driverlib.lib : adc.obj (.text:ADCIntStatus)
                  00006316    0000002e     rtsv7M4_T_le_v4SPD16_eabi.lib : i_tofd_t2.obj (.text)
                  00006344    0000002c     empty_pem4f.oem4f (.text:ti_sysbios_knl_Clock_doTick__I)
                  00006370    0000002c     empty_pem4f.oem4f (.text:ti_sysbios_knl_Queue_construct)
                  0000639c    00000004     --HOLE-- [fill = 0]
                  000063a0    0000002c     sysbios.aem4f : BIOS.obj (.text:ti_sysbios_knl_Task_restore__E)
                  000063cc    0000002c     ti.targets.arm.rtsarm.aem4f : Text.oem4f (.text:xdc_runtime_Text_cordText__E)
                  000063f8    0000002a     driverlib.lib : gpio.obj (.text:GPIODirModeSet)
                  00006422    0000002a     ti.targets.arm.rtsarm.aem4f : System.oem4f (.text:xdc_runtime_System_putchar__I)
                  0000644c    00000004     --HOLE-- [fill = 0]
                  00006450    00000028     sysbios.aem4f : BIOS.obj (.text:ti_sysbios_knl_Swi_Module_startup__E)
                  00006478    00000026                   : m3_Hwi_asm.obj (.text:ti_sysbios_family_arm_m3_Hwi_pendSV__I)
                  0000649e    00000026     ti.targets.arm.rtsarm.aem4f : System.oem4f (.text:xdc_runtime_System_avprintf__E)
                  000064c4    00000024     uartstdio.obj (.text:UARTprintf)
                  000064e8    00000024     empty_pem4f.oem4f (.text:ti_sysbios_BIOS_errorRaiseHook__I)
                  0000650c    00000024     empty_pem4f.oem4f (.text:ti_sysbios_BIOS_registerRTSLock__I)
                  00006530    00000024     empty_pem4f.oem4f (.text:ti_sysbios_BIOS_removeRTSLock__I)
                  00006554    00000024     empty_pem4f.oem4f (.text:ti_sysbios_BIOS_startFunc__I)
                  00006578    00000024     empty_pem4f.oem4f (.text:ti_sysbios_gates_GateMutex_Object__delete__S)
                  0000659c    00000004     --HOLE-- [fill = 0]
                  000065a0    00000024     sysbios.aem4f : BIOS.obj (.text:ti_sysbios_knl_Clock_Module_startup__E)
                  000065c4    00000004     --HOLE-- [fill = 0]
                  000065c8    00000024                   : BIOS.obj (.text:ti_sysbios_knl_Task_restoreHwi__E)
                  000065ec    00000024     ti.targets.arm.rtsarm.aem4f : System.oem4f (.text:xdc_runtime_System_vprintf__E)
                  00006610    00000022     driverlib.lib : pwm.obj (.text:PWMGenConfigure)
                  00006632    00000006     Boot.aem4f : Boot_sysctl.oem4f (.text:ti_catalog_arm_cortexm4_tiva_ce_Boot_sysCtlDelayI__I)
                  00006638    00000022     sysbios.aem4f : BIOS.obj (.text:ti_sysbios_family_arm_lm4_Timer_write__I)
                  0000665a    00000022     empty_pem4f.oem4f (.text:xdc_runtime_SysMin_output__I)
                  0000667c    00000020     rtsv7M4_T_le_v4SPD16_eabi.lib : u_tofd_t2.obj (.text)
                  0000669c    00000020     empty_pem4f.oem4f (.text:ti_sysbios_BIOS_rtsLock__I)
                  000066bc    00000020     sysbios.aem4f : m3_Hwi_asm.obj (.text:ti_sysbios_family_arm_m3_Hwi_excHandlerAsm__I)
                  000066dc    00000004     --HOLE-- [fill = 0]
                  000066e0    00000020                   : BIOS.obj (.text:ti_sysbios_family_arm_m3_Hwi_excHandler__I)
                  00006700    00000020     empty_pem4f.oem4f (.text:ti_sysbios_gates_GateHwi_Object__delete__S)
                  00006720    00000020     empty_pem4f.oem4f (.text:ti_sysbios_heaps_HeapMem_Object__delete__S)
                  00006740    00000020     sysbios.aem4f : BIOS.obj (.text:ti_sysbios_knl_Idle_run__E)
                  00006760    00000020     empty_pem4f.oem4f (.text:ti_sysbios_knl_Semaphore_Object__destruct__S)
                  00006780    00000020     ti.targets.arm.rtsarm.aem4f : Registry.oem4f (.text:xdc_runtime_Registry_findById__E)
                  000067a0    00000020                                 : SysMin.oem4f (.text:xdc_runtime_SysMin_Module_startup__E)
                  000067c0    0000001e     driverlib.lib : adc.obj (.text:ADCSequenceDataGet)
                  000067de    0000001e                   : pwm.obj (.text:PWMPulseWidthSet)
                  000067fc    0000001e     sysbios.aem4f : m3_Hwi_asm_switch.obj (.text:ti_sysbios_family_xxx_Hwi_switchAndRunFunc)
                  0000681a    00000002     --HOLE-- [fill = 0]
                  0000681c    0000001c     driverlib.lib : uart.obj (.text:UARTDisable)
                  00006838    0000001c     sysbios.aem4f : BIOS.obj (.text:ti_sysbios_gates_GateMutex_Instance_init__E)
                  00006854    0000001c     empty_pem4f.oem4f (.text:ti_sysbios_knl_Queue_Object__destruct__S)
                  00006870    0000001c     sysbios.aem4f : BIOS.obj (.text:ti_sysbios_knl_Queue_put__E)
                  0000688c    00000004     --HOLE-- [fill = 0]
                  00006890    0000001c                   : BIOS.obj (.text:ti_sysbios_knl_Task_enter__I)
                  000068ac    0000001c     ti.targets.arm.rtsarm.aem4f : Error.oem4f (.text:xdc_runtime_Error_raiseX__E)
                  000068c8    0000001c                                 : Memory.oem4f (.text:xdc_runtime_Memory_valloc__E)
                  000068e4    0000001c                                 : SysMin.oem4f (.text:xdc_runtime_SysMin_exit__E)
                  00006900    0000001c                                 : System.oem4f (.text:xdc_runtime_System_abort__E)
                  0000691c    0000001a     empty_pem4f.oem4f (.text:ti_sysbios_family_arm_m3_Hwi_Handle__label__S)
                  00006936    0000001a     empty_pem4f.oem4f (.text:ti_sysbios_gates_GateHwi_Handle__label__S)
                  00006950    0000001a     empty_pem4f.oem4f (.text:ti_sysbios_gates_GateMutex_Handle__label__S)
                  0000696a    0000001a     empty_pem4f.oem4f (.text:ti_sysbios_heaps_HeapMem_Handle__label__S)
                  00006984    0000001a     empty_pem4f.oem4f (.text:ti_sysbios_knl_Swi_Handle__label__S)
                  0000699e    0000001a     empty_pem4f.oem4f (.text:ti_sysbios_knl_Task_Handle__label__S)
                  000069b8    0000001a     empty_pem4f.oem4f (.text:xdc_runtime_System_aprintf__E)
                  000069d2    0000001a     empty_pem4f.oem4f (.text:xdc_runtime_System_printf__E)
                  000069ec    00000018     driverlib.lib : adc.obj (.text:ADCProcessorTrigger)
                  00006a04    00000018                   : gpio.obj (.text:GPIOPinTypeGPIOOutput)
                  00006a1c    00000018     main.obj (.text:main)
                  00006a34    00000018     rtsv7M4_T_le_v4SPD16_eabi.lib : args_main.obj (.text)
                  00006a4c    00000018     empty_pem4f.oem4f (.text:ti_sysbios_BIOS_rtsUnlock__I)
                  00006a64    00000018     empty_pem4f.oem4f (.text:ti_sysbios_family_arm_lm4_Timer_Module__startupDone__F)
                  00006a7c    00000018     empty_pem4f.oem4f (.text:ti_sysbios_family_arm_m3_Hwi_Module__startupDone__F)
                  00006a94    00000018     sysbios.aem4f : m3_TaskSupport_asm.obj (.text:ti_sysbios_family_arm_m3_TaskSupport_swap__E)
                  00006aac    00000004     --HOLE-- [fill = 0]
                  00006ab0    00000018                   : BIOS.obj (.text:ti_sysbios_gates_GateMutex_leave__E)
                  00006ac8    00000018     ti.targets.arm.rtsarm.aem4f : Error.oem4f (.text:xdc_runtime_Error_check__E)
                  00006ae0    00000018                                 : System.oem4f (.text:xdc_runtime_System_exit__E)
                  00006af8    00000018                                 : Text.oem4f (.text:xdc_runtime_Text_ropeText__E)
                  00006b10    00000016     empty_pem4f.oem4f (.text:ti_sysbios_BIOS_exitFunc__I)
                  00006b26    00000014     driverlib.lib : uart.obj (.text:UARTEnable)
                  00006b3a    00000002     --HOLE-- [fill = 0]
                  00006b3c    00000014     rtsv7M4_T_le_v4SPD16_eabi.lib : _lock.obj (.text)
                  00006b50    00000014                                   : s_copysign.obj (.text)
                  00006b64    00000014                                   : strcpy.obj (.text)
                  00006b78    00000014                                   : strlen.obj (.text)
                  00006b8c    00000014     empty_pem4f.oem4f (.text:ti_sysbios_family_arm_m3_Hwi_Object__get__S)
                  00006ba0    00000014     sysbios.aem4f : BIOS.obj (.text:ti_sysbios_family_arm_m3_Hwi_switchFromBootStack__E)
                  00006bb4    00000014     empty_pem4f.oem4f (.text:ti_sysbios_heaps_HeapMem_Object__get__S)
                  00006bc8    00000014     empty_pem4f.oem4f (.text:ti_sysbios_knl_Swi_Object__get__S)
                  00006bdc    00000012     driverlib.lib : gpio.obj (.text:GPIOPinTypeADC)
                  00006bee    00000012                   : gpio.obj (.text:GPIOPinTypePWM)
                  00006c00    00000012                   : gpio.obj (.text:GPIOPinTypeUART)
                  00006c12    00000012                   : pwm.obj (.text:PWMOutputState)
                  00006c24    00000012                   : timer.obj (.text:TimerLoadSet)
                  00006c36    00000002     --HOLE-- [fill = 0]
                  00006c38    00000012     sysbios.aem4f : BIOS.obj (.text:ti_sysbios_hal_Hwi_Module_startup__E)
                  00006c4a    00000012     empty_pem4f.oem4f (.text:xdc_runtime_Startup_exec__I)
                  00006c5c    00000010     driverlib.lib : pwm.obj (.text:PWMGenPeriodSet)
                  00006c6c    00000004     --HOLE-- [fill = 0]
                  00006c70    00000010     sysbios.aem4f : BIOS.obj (.text:ti_sysbios_BIOS_setThreadType__E)
                  00006c80    00000010                   : BIOS.obj (.text:ti_sysbios_BIOS_start__E)
                  00006c90    00000010                   : m3_TaskSupport_asm.obj (.text:ti_sysbios_family_arm_m3_TaskSupport_glue)
                  00006ca0    00000010                   : BIOS.obj (.text:ti_sysbios_gates_GateMutex_Instance_finalize__E)
                  00006cb0    00000010                   : BIOS.obj (.text:ti_sysbios_knl_Semaphore_Instance_finalize__E)
                  00006cc0    00000010                   : BIOS.obj (.text:ti_sysbios_knl_Swi_disable__E)
                  00006cd0    00000010     empty_pem4f.oem4f (.text:ti_sysbios_knl_Task_Object__get__S)
                  00006ce0    00000010     sysbios.aem4f : BIOS.obj (.text:ti_sysbios_knl_Task_disable__E)
                  00006cf0    00000010     ti.targets.arm.rtsarm.aem4f : Gate.oem4f (.text:xdc_runtime_Gate_leaveSystem__E)
                  00006d00    00000010                                 : Memory.oem4f (.text:xdc_runtime_Memory_free__E)
                  00006d10    00000010                                 : SysMin.oem4f (.text:xdc_runtime_SysMin_ready__E)
                  00006d20    00000010                                 : System.oem4f (.text:xdc_runtime_System_vsnprintf__E)
                  00006d30    00000010     empty_pem4f.oem4f (.text:xdc_runtime_Text_visitRope__I)
                  00006d40    0000000e     driverlib.lib : adc.obj (.text:ADCSequenceDisable)
                  00006d4e    0000000e                   : adc.obj (.text:ADCSequenceEnable)
                  00006d5c    0000000e                   : timer.obj (.text:TimerEnable)
                  00006d6a    0000000e     rtsv7M4_T_le_v4SPD16_eabi.lib : copy_decompress_none.obj (.text:decompress:none)
                  00006d78    0000000e     sysbios.aem4f : BIOS.obj (.text:ti_sysbios_knl_Idle_loop__E)
                  00006d86    00000002     --HOLE-- [fill = 0]
                  00006d88    0000000e                   : BIOS.obj (.text:ti_sysbios_knl_Queue_empty__E)
                  00006d96    00000002     --HOLE-- [fill = 0]
                  00006d98    0000000c     empty_pem4f.oem4f (.text:.bootCodeSection:ti_catalog_arm_cortexm4_tiva_ce_Boot_init__I)
                  00006da4    0000000c     driverlib.lib : pwm.obj (.text:PWMGenEnable)
                  00006db0    0000000c     sysbios.aem4f : BIOS.obj (.text:ti_sysbios_family_arm_lm4_Timer_getMaxTicks__E)
                  00006dbc    00000004     --HOLE-- [fill = 0]
                  00006dc0    0000000c                   : BIOS.obj (.text:ti_sysbios_family_arm_m3_TaskSupport_checkStack__E)
                  00006dcc    00000004     --HOLE-- [fill = 0]
                  00006dd0    0000000c                   : BIOS.obj (.text:ti_sysbios_gates_GateHwi_enter__E)
                  00006ddc    0000000c     empty_pem4f.oem4f (.text:ti_sysbios_knl_Queue_Object__get__S)
                  00006de8    0000000c     ti.targets.arm.rtsarm.aem4f : Error.oem4f (.text:xdc_runtime_Error_init__E)
                  00006df4    0000000c                                 : Gate.oem4f (.text:xdc_runtime_Gate_enterSystem__E)
                  00006e00    0000000c                                 : Memory.oem4f (.text:xdc_runtime_Memory_calloc__E)
                  00006e0c    0000000c                                 : Memory.oem4f (.text:xdc_runtime_Memory_getMaxDefaultTypeAlign__E)
                  00006e18    0000000a     driverlib.lib : adc.obj (.text:ADCIntClear)
                  00006e22    0000000a                   : uart.obj (.text:UARTCharPut)
                  00006e2c    0000000a     empty_pem4f.oem4f (.text:xdc_runtime_IHeap_alloc)
                  00006e36    0000000a     empty_pem4f.oem4f (.text:xdc_runtime_IHeap_free)
                  00006e40    00000008     driverlib.lib : timer.obj (.text:TimerIntEnable)
                  00006e48    00000008     sysbios.aem4f : BIOS.obj (.text:ti_sysbios_family_arm_lm4_Timer_masterDisable__I)
                  00006e50    00000008                   : BIOS.obj (.text:ti_sysbios_family_arm_m3_Hwi_doSwiRestore__I)
                  00006e58    00000008                   : BIOS.obj (.text:ti_sysbios_family_arm_m3_Hwi_startup__E)
                  00006e60    00000006                   : BIOS.obj (.text:ti_sysbios_family_arm_m3_Hwi_doTaskRestore__I)
                  00006e66    00000002     --HOLE-- [fill = 0]
                  00006e68    00000006                   : BIOS.obj (.text:ti_sysbios_gates_GateHwi_leave__E)
                  00006e6e    00000002     --HOLE-- [fill = 0]
                  00006e70    00000006                   : BIOS.obj (.text:ti_sysbios_heaps_HeapMem_isBlocking__E)
                  00006e76    00000002     --HOLE-- [fill = 0]
                  00006e78    00000006                   : BIOS.obj (.text:ti_sysbios_knl_Queue_Instance_init__E)
                  00006e7e    00000002     --HOLE-- [fill = 0]
                  00006e80    00000006                   : BIOS.obj (.text:ti_sysbios_knl_Swi_startup__E)
                  00006e86    00000006     ti.targets.arm.rtsarm.aem4f : System.oem4f (.text:xdc_runtime_System_Module_startup__E)
                  00006e8c    00000004     --HOLE-- [fill = 0]
                  00006e90    00000004     sysbios.aem4f : BIOS.obj (.text:ti_sysbios_gates_GateHwi_query__E)
                  00006e94    00000004     --HOLE-- [fill = 0]
                  00006e98    00000004                   : BIOS.obj (.text:ti_sysbios_gates_GateMutex_query__E)
                  00006e9c    00000004     --HOLE-- [fill = 0]
                  00006ea0    00000004                   : BIOS.obj (.text:ti_sysbios_knl_Task_startup__E)
                  00006ea4    00000004     --HOLE-- [fill = 0]
                  00006ea8    00000002                   : BIOS.obj (.text:ti_sysbios_gates_GateHwi_Instance_init__E)
                  00006eaa    00000006     --HOLE-- [fill = 0]
                  00006eb0    00000002                   : BIOS.obj (.text:ti_sysbios_knl_Clock_logTick__E)

.const     0    00006eb8    00001e80     
                  00006eb8    00001881     empty_pem4f.oem4f (.const:xdc_runtime_Text_charTab__A)
                  00008739    00000001     empty_pem4f.oem4f (.const:xdc_runtime_Error_policy__C)
                  0000873a    000000bc     empty_pem4f.oem4f (.const:xdc_runtime_Text_nodeTab__A)
                  000087f6    00000002     empty_pem4f.oem4f (.const:ti_catalog_arm_cortexm4_tiva_ce_Boot_Module__id__C)
                  000087f8    00000090     driverlib.lib : gpio.obj (.const:g_pui32GPIOBaseAddrs)
                  00008888    0000006c                   : sysctl.obj (.const:g_pui32Xtals)
                  000088f4    00000048     empty_pem4f.oem4f (.const:.string)
                  0000893c    00000004     empty_pem4f.oem4f (.const:ti_catalog_arm_cortexm4_tiva_ce_Boot_A_mustUseEnhancedClockMode__C)
                  00008940    00000030     rtsv7M4_T_le_v4SPD16_eabi.lib : e_pow.obj (.const:$O1$$)
                  00008970    00000028     empty_pem4f.oem4f (.const:ti_sysbios_heaps_HeapMem_Module__FXNS__C)
                  00008998    00000024     empty_pem4f.oem4f (.const:ti_sysbios_gates_GateHwi_Module__FXNS__C)
                  000089bc    00000024     empty_pem4f.oem4f (.const:ti_sysbios_gates_GateMutex_Module__FXNS__C)
                  000089e0    00000024     empty_pem4f.oem4f (.const:ti_sysbios_heaps_HeapMem_Object__PARAMS__C)
                  00008a04    00000024     empty_pem4f.oem4f (.const:ti_sysbios_knl_Semaphore_Object__PARAMS__C)
                  00008a28    00000020     empty_pem4f.oem4f (.const:ti_sysbios_gates_GateHwi_Object__DESC__C)
                  00008a48    00000020     empty_pem4f.oem4f (.const:ti_sysbios_gates_GateMutex_Object__DESC__C)
                  00008a68    00000020     empty_pem4f.oem4f (.const:ti_sysbios_heaps_HeapMem_Object__DESC__C)
                  00008a88    00000020     empty_pem4f.oem4f (.const:ti_sysbios_knl_Queue_Object__DESC__C)
                  00008aa8    00000020     empty_pem4f.oem4f (.const:ti_sysbios_knl_Semaphore_Object__DESC__C)
                  00008ac8    00000020     empty_pem4f.oem4f (.const:xdc_runtime_Startup_sfxnTab__A)
                  00008ae8    00000018     empty_pem4f.oem4f (.const:ti_sysbios_gates_GateHwi_Object__PARAMS__C)
                  00008b00    00000018     empty_pem4f.oem4f (.const:ti_sysbios_gates_GateMutex_Object__PARAMS__C)
                  00008b18    00000018     empty_pem4f.oem4f (.const:ti_sysbios_knl_Queue_Object__PARAMS__C)
                  00008b30    00000014     empty_pem4f.oem4f (.const:xdc_runtime_Startup_firstFxns__A)
                  00008b44    00000012     uartstdio.obj (.const:.string)
                  00008b56    00000010     empty_pem4f.oem4f (.const:xdc_runtime_Startup_sfxnRts__A)
                  00008b66    00000002     empty_pem4f.oem4f (.const:ti_sysbios_family_arm_m3_Hwi_Module__id__C)
                  00008b68    0000000c     empty_pem4f.oem4f (.const)
                  00008b74    0000000c     uartstdio.obj (.const:g_ui32UARTBase)
                  00008b80    0000000c     uartstdio.obj (.const:g_ui32UARTPeriph)
                  00008b8c    00000008     empty_pem4f.oem4f (.const:ti_sysbios_family_arm_m3_Hwi_excHookFuncs__A)
                  00008b94    00000008     empty_pem4f.oem4f (.const:ti_sysbios_knl_Idle_funcList__C)
                  00008b9c    00000008     empty_pem4f.oem4f (.const:xdc_runtime_Startup_firstFxns__C)
                  00008ba4    00000008     empty_pem4f.oem4f (.const:xdc_runtime_Startup_lastFxns__C)
                  00008bac    00000004     empty_pem4f.oem4f (.const:ti_catalog_arm_cortexm4_tiva_ce_Boot_Module__diagsEnabled__C)
                  00008bb0    00000004     empty_pem4f.oem4f (.const:ti_catalog_arm_cortexm4_tiva_ce_Boot_Module__diagsIncluded__C)
                  00008bb4    00000004     empty_pem4f.oem4f (.const:ti_catalog_arm_cortexm4_tiva_ce_Boot_Module__diagsMask__C)
                  00008bb8    00000004     empty_pem4f.oem4f (.const:ti_sysbios_family_arm_lm4_Timer_enableFunc__C)
                  00008bbc    00000004     empty_pem4f.oem4f (.const:ti_sysbios_family_arm_lm4_Timer_numTimerDevices__C)
                  00008bc0    00000004     empty_pem4f.oem4f (.const:ti_sysbios_family_arm_lm4_Timer_startupNeeded__C)
                  00008bc4    00000004     empty_pem4f.oem4f (.const:ti_sysbios_family_arm_m3_Hwi_E_NMI__C)
                  00008bc8    00000004     empty_pem4f.oem4f (.const:ti_sysbios_family_arm_m3_Hwi_E_busFault__C)
                  00008bcc    00000004     empty_pem4f.oem4f (.const:ti_sysbios_family_arm_m3_Hwi_E_debugMon__C)
                  00008bd0    00000004     empty_pem4f.oem4f (.const:ti_sysbios_family_arm_m3_Hwi_E_hardFault__C)
                  00008bd4    00000004     empty_pem4f.oem4f (.const:ti_sysbios_family_arm_m3_Hwi_E_memFault__C)
                  00008bd8    00000004     empty_pem4f.oem4f (.const:ti_sysbios_family_arm_m3_Hwi_E_noIsr__C)
                  00008bdc    00000004     empty_pem4f.oem4f (.const:ti_sysbios_family_arm_m3_Hwi_E_reserved__C)
                  00008be0    00000004     empty_pem4f.oem4f (.const:ti_sysbios_family_arm_m3_Hwi_E_svCall__C)
                  00008be4    00000004     empty_pem4f.oem4f (.const:ti_sysbios_family_arm_m3_Hwi_E_usageFault__C)
                  00008be8    00000004     empty_pem4f.oem4f (.const:ti_sysbios_family_arm_m3_Hwi_NUM_INTERRUPTS__C)
                  00008bec    00000004     empty_pem4f.oem4f (.const:ti_sysbios_family_arm_m3_Hwi_Object__count__C)
                  00008bf0    00000004     empty_pem4f.oem4f (.const:ti_sysbios_family_arm_m3_Hwi_ccr__C)
                  00008bf4    00000004     empty_pem4f.oem4f (.const:ti_sysbios_family_arm_m3_Hwi_excHandlerFunc__C)
                  00008bf8    00000004     empty_pem4f.oem4f (.const:ti_sysbios_family_arm_m3_Hwi_excHookFuncs__C)
                  00008bfc    00000004     empty_pem4f.oem4f (.const:ti_sysbios_family_arm_m3_Hwi_nullIsrFunc__C)
                  00008c00    00000004     empty_pem4f.oem4f (.const:ti_sysbios_family_arm_m3_Hwi_priGroup__C)
                  00008c04    00000004     empty_pem4f.oem4f (.const:ti_sysbios_gates_GateMutex_A_badContext__C)
                  00008c08    00000004     empty_pem4f.oem4f (.const:ti_sysbios_gates_GateMutex_Instance_State_sem__O)
                  00008c0c    00000004     empty_pem4f.oem4f (.const:ti_sysbios_gates_GateMutex_Module__diagsEnabled__C)
                  00008c10    00000004     empty_pem4f.oem4f (.const:ti_sysbios_gates_GateMutex_Module__diagsIncluded__C)
                  00008c14    00000004     empty_pem4f.oem4f (.const:ti_sysbios_gates_GateMutex_Module__diagsMask__C)
                  00008c18    00000004     empty_pem4f.oem4f (.const:ti_sysbios_hal_Hwi_E_stackOverflow__C)
                  00008c1c    00000004     empty_pem4f.oem4f (.const:ti_sysbios_heaps_HeapMem_A_align__C)
                  00008c20    00000004     empty_pem4f.oem4f (.const:ti_sysbios_heaps_HeapMem_A_heapSize__C)
                  00008c24    00000004     empty_pem4f.oem4f (.const:ti_sysbios_heaps_HeapMem_A_invalidFree__C)
                  00008c28    00000004     empty_pem4f.oem4f (.const:ti_sysbios_heaps_HeapMem_A_zeroBlock__C)
                  00008c2c    00000004     empty_pem4f.oem4f (.const:ti_sysbios_heaps_HeapMem_E_memory__C)
                  00008c30    00000004     empty_pem4f.oem4f (.const:ti_sysbios_heaps_HeapMem_Module__diagsEnabled__C)
                  00008c34    00000004     empty_pem4f.oem4f (.const:ti_sysbios_heaps_HeapMem_Module__diagsIncluded__C)
                  00008c38    00000004     empty_pem4f.oem4f (.const:ti_sysbios_heaps_HeapMem_Module__diagsMask__C)
                  00008c3c    00000004     empty_pem4f.oem4f (.const:ti_sysbios_heaps_HeapMem_Module__gateObj__C)
                  00008c40    00000004     empty_pem4f.oem4f (.const:ti_sysbios_heaps_HeapMem_Object__count__C)
                  00008c44    00000004     empty_pem4f.oem4f (.const:ti_sysbios_heaps_HeapMem_reqAlign__C)
                  00008c48    00000004     empty_pem4f.oem4f (.const:ti_sysbios_knl_Clock_Module_State_clockQ__O)
                  00008c4c    00000004     empty_pem4f.oem4f (.const:ti_sysbios_knl_Idle_funcList__A)
                  00008c50    00000004     empty_pem4f.oem4f (.const:ti_sysbios_knl_Semaphore_A_badContext__C)
                  00008c54    00000004     empty_pem4f.oem4f (.const:ti_sysbios_knl_Semaphore_A_noEvents__C)
                  00008c58    00000004     empty_pem4f.oem4f (.const:ti_sysbios_knl_Semaphore_A_overflow__C)
                  00008c5c    00000004     empty_pem4f.oem4f (.const:ti_sysbios_knl_Semaphore_A_pendTaskDisabled__C)
                  00008c60    00000004     empty_pem4f.oem4f (.const:ti_sysbios_knl_Semaphore_Instance_State_pendQ__O)
                  00008c64    00000004     empty_pem4f.oem4f (.const:ti_sysbios_knl_Semaphore_Module__diagsEnabled__C)
                  00008c68    00000004     empty_pem4f.oem4f (.const:ti_sysbios_knl_Semaphore_Module__diagsIncluded__C)
                  00008c6c    00000004     empty_pem4f.oem4f (.const:ti_sysbios_knl_Semaphore_Module__diagsMask__C)
                  00008c70    00000004     empty_pem4f.oem4f (.const:ti_sysbios_knl_Swi_Object__count__C)
                  00008c74    00000004     empty_pem4f.oem4f (.const:ti_sysbios_knl_Task_E_spOutOfBounds__C)
                  00008c78    00000004     empty_pem4f.oem4f (.const:ti_sysbios_knl_Task_E_stackOverflow__C)
                  00008c7c    00000004     empty_pem4f.oem4f (.const:ti_sysbios_knl_Task_Module_State_inactiveQ__O)
                  00008c80    00000004     empty_pem4f.oem4f (.const:ti_sysbios_knl_Task_Object__count__C)
                  00008c84    00000004     empty_pem4f.oem4f (.const:ti_sysbios_knl_Task_allBlockedFunc__C)
                  00008c88    00000004     empty_pem4f.oem4f (.const:ti_sysbios_knl_Task_numConstructedTasks__C)
                  00008c8c    00000004     uartstdio.obj (.const)
                  00008c90    00000004     empty_pem4f.oem4f (.const:xdc_runtime_Assert_E_assertFailed__C)
                  00008c94    00000004     empty_pem4f.oem4f (.const:xdc_runtime_Core_A_initializedParams__C)
                  00008c98    00000004     empty_pem4f.oem4f (.const:xdc_runtime_Core_Module__diagsEnabled__C)
                  00008c9c    00000004     empty_pem4f.oem4f (.const:xdc_runtime_Core_Module__diagsIncluded__C)
                  00008ca0    00000004     empty_pem4f.oem4f (.const:xdc_runtime_Core_Module__diagsMask__C)
                  00008ca4    00000004     empty_pem4f.oem4f (.const:xdc_runtime_Error_E_memory__C)
                  00008ca8    00000004     empty_pem4f.oem4f (.const:xdc_runtime_Error_Module__diagsEnabled__C)
                  00008cac    00000004     empty_pem4f.oem4f (.const:xdc_runtime_Error_Module__diagsIncluded__C)
                  00008cb0    00000004     empty_pem4f.oem4f (.const:xdc_runtime_Error_Module__diagsMask__C)
                  00008cb4    00000004     empty_pem4f.oem4f (.const:xdc_runtime_Error_Module__loggerFxn8__C)
                  00008cb8    00000004     empty_pem4f.oem4f (.const:xdc_runtime_Error_Module__loggerObj__C)
                  00008cbc    00000004     empty_pem4f.oem4f (.const:xdc_runtime_Error_policyFxn__C)
                  00008cc0    00000004     empty_pem4f.oem4f (.const:xdc_runtime_Error_raiseHook__C)
                  00008cc4    00000004     empty_pem4f.oem4f (.const:xdc_runtime_IGateProvider_Interface__BASE__C)
                  00008cc8    00000004     empty_pem4f.oem4f (.const:xdc_runtime_IHeap_Interface__BASE__C)
                  00008ccc    00000004     empty_pem4f.oem4f (.const:xdc_runtime_IModule_Interface__BASE__C)
                  00008cd0    00000004     empty_pem4f.oem4f (.const:xdc_runtime_Log_L_error__C)
                  00008cd4    00000004     empty_pem4f.oem4f (.const:xdc_runtime_Memory_defaultHeapInstance__C)
                  00008cd8    00000004     empty_pem4f.oem4f (.const:xdc_runtime_Startup_execImpl__C)
                  00008cdc    00000004     empty_pem4f.oem4f (.const:xdc_runtime_Startup_maxPasses__C)
                  00008ce0    00000004     empty_pem4f.oem4f (.const:xdc_runtime_Startup_sfxnRts__C)
                  00008ce4    00000004     empty_pem4f.oem4f (.const:xdc_runtime_Startup_sfxnTab__C)
                  00008ce8    00000004     empty_pem4f.oem4f (.const:xdc_runtime_SysMin_bufSize__C)
                  00008cec    00000004     empty_pem4f.oem4f (.const:xdc_runtime_SysMin_outputFunc__C)
                  00008cf0    00000004     empty_pem4f.oem4f (.const:xdc_runtime_System_Module__gateObj__C)
                  00008cf4    00000004     empty_pem4f.oem4f (.const:xdc_runtime_System_abortFxn__C)
                  00008cf8    00000004     empty_pem4f.oem4f (.const:xdc_runtime_System_exitFxn__C)
                  00008cfc    00000004     empty_pem4f.oem4f (.const:xdc_runtime_System_extendFxn__C)
                  00008d00    00000004     empty_pem4f.oem4f (.const:xdc_runtime_System_maxAtexitHandlers__C)
                  00008d04    00000004     empty_pem4f.oem4f (.const:xdc_runtime_Text_charTab__C)
                  00008d08    00000004     empty_pem4f.oem4f (.const:xdc_runtime_Text_nameEmpty__C)
                  00008d0c    00000004     empty_pem4f.oem4f (.const:xdc_runtime_Text_nameStatic__C)
                  00008d10    00000004     empty_pem4f.oem4f (.const:xdc_runtime_Text_nameUnknown__C)
                  00008d14    00000004     empty_pem4f.oem4f (.const:xdc_runtime_Text_nodeTab__C)
                  00008d18    00000004     empty_pem4f.oem4f (.const:xdc_runtime_Text_visitRopeFxn__C)
                  00008d1c    00000002     empty_pem4f.oem4f (.const:ti_sysbios_gates_GateMutex_Module__id__C)
                  00008d1e    00000002     empty_pem4f.oem4f (.const:ti_sysbios_hal_Hwi_Module__id__C)
                  00008d20    00000002     empty_pem4f.oem4f (.const:ti_sysbios_heaps_HeapMem_Module__id__C)
                  00008d22    00000002     empty_pem4f.oem4f (.const:ti_sysbios_knl_Semaphore_Module__id__C)
                  00008d24    00000002     empty_pem4f.oem4f (.const:ti_sysbios_knl_Task_Module__id__C)
                  00008d26    00000002     empty_pem4f.oem4f (.const:xdc_runtime_Core_Module__id__C)
                  00008d28    00000002     empty_pem4f.oem4f (.const:xdc_runtime_Error_Module__loggerDefined__C)
                  00008d2a    00000002     empty_pem4f.oem4f (.const:xdc_runtime_Error_maxDepth__C)
                  00008d2c    00000002     empty_pem4f.oem4f (.const:xdc_runtime_Memory_Module__id__C)
                  00008d2e    00000002     empty_pem4f.oem4f (.const:xdc_runtime_SysMin_flushAtExit__C)
                  00008d30    00000002     empty_pem4f.oem4f (.const:xdc_runtime_Text_charCnt__C)
                  00008d32    00000002     empty_pem4f.oem4f (.const:xdc_runtime_Text_isLoaded__C)
                  00008d34    00000002     empty_pem4f.oem4f (.const:xdc_runtime_Text_registryModsLastId__C)
                  00008d36    00000002     empty_pem4f.oem4f (.const:xdc_runtime_Text_unnamedModsLastId__C)

.cinit     0    00008d38    0000036c     
                  00008d38    00000330     (.cinit..data.load) [load image, compression = rle]
                  00009068    0000000b     (.cinit..bss.load) [load image, compression = rle]
                  00009073    00000005     --HOLE-- [fill = 0]
                  00009078    0000000b     (.cinit..vecs.load) [load image, compression = rle]
                  00009083    00000001     --HOLE-- [fill = 0]
                  00009084    00000008     (__TI_handler_table)
                  0000908c    00000018     (__TI_cinit_table)

.init_array 
*          0    00000000    00000000     UNINITIALIZED

.resetVecs 
*          0    00000000    0000003c     
                  00000000    0000003c     empty_pem4f.oem4f (.resetVecs)

.vecs      0    20000000    00000360     UNINITIALIZED
                  20000000    00000360     empty_pem4f.oem4f (.vecs)

.bss       0    20000360    00000d68     UNINITIALIZED
                  20000360    00000400     empty_pem4f.oem4f (.bss:taskStackSection)
                  20000760    00000400     (.common:ti_sysbios_heaps_HeapMem_Instance_State_0_buf__A)
                  20000b60    00000360     (.common:ti_sysbios_family_arm_m3_Hwi_dispatchTable)
                  20000ec0    00000120     rtsv7M4_T_le_v4SPD16_eabi.lib : trgmsg.obj (.bss:_CIOBUF_)
                  20000fe0    00000080     (.common:xdc_runtime_SysMin_Module_State_0_outbuf__A)
                  20001060    00000060     (.common:pidS)
                  200010c0    00000008                                   : trgdrv.obj (.bss:parmbuf)

.data      0    200010c8    00000486     UNINITIALIZED
                  200010c8    00000098     empty_pem4f.oem4f (.data:ti_sysbios_knl_Task_Object__table__V)
                  20001160    00000080     empty_pem4f.oem4f (.data:ti_sysbios_knl_Swi_Module_State_0_readyQ__A)
                  200011e0    00000080     empty_pem4f.oem4f (.data:ti_sysbios_knl_Task_Module_State_0_readyQ__A)
                  20001260    00000044     empty_pem4f.oem4f (.data:ti_sysbios_knl_Task_Module__state__V)
                  200012a4    00000040     empty_pem4f.oem4f (.data:ti_sysbios_family_arm_lm4_Timer_Object__table__V)
                  200012e4    00000038     empty_pem4f.oem4f (.data:ti_sysbios_gates_GateMutex_Object__table__V)
                  2000131c    00000034     empty_pem4f.oem4f (.data:ti_sysbios_family_arm_m3_Hwi_Module__state__V)
                  20001350    00000030     empty_pem4f.oem4f (.data:ti_sysbios_family_arm_lm4_Timer_Module_State_0_device__A)
                  20001380    00000030     empty_pem4f.oem4f (.data:ti_sysbios_family_arm_m3_Hwi_Object__table__V)
                  200013b0    00000030     empty_pem4f.oem4f (.data:ti_sysbios_knl_Swi_Object__table__V)
                  200013e0    0000002c     empty_pem4f.oem4f (.data:ti_sysbios_knl_Clock_Module__state__V)
                  2000140c    00000004     rtsv7M4_T_le_v4SPD16_eabi.lib : errno.obj (.data)
                  20001410    00000024     main.obj (.data)
                  20001434    00000024     empty_pem4f.oem4f (.data:ti_sysbios_BIOS_Module__state__V)
                  20001458    0000001c     empty_pem4f.oem4f (.data:ti_sysbios_knl_Swi_Module__state__V)
                  20001474    00000018     empty_pem4f.oem4f (.data:ti_sysbios_family_arm_lm4_Timer_Module_State_0_handles__A)
                  2000148c    00000018     empty_pem4f.oem4f (.data:ti_sysbios_heaps_HeapMem_Object__table__V)
                  200014a4    00000014     empty_pem4f.oem4f (.data:ti_sysbios_knl_Semaphore_Object__table__V)
                  200014b8    0000000c     rtsv7M4_T_le_v4SPD16_eabi.lib : exit.obj (.data:$O1$$)
                  200014c4    0000000c     empty_pem4f.oem4f (.data:ti_sysbios_family_arm_lm4_Timer_Module__state__V)
                  200014d0    0000000c     empty_pem4f.oem4f (.data:xdc_runtime_SysMin_Module__state__V)
                  200014dc    00000008     rtsv7M4_T_le_v4SPD16_eabi.lib : _lock.obj (.data:$O1$$)
                  200014e4    00000008     empty_pem4f.oem4f (.data:ti_sysbios_gates_GateHwi_Module__root__V)
                  200014ec    00000008     empty_pem4f.oem4f (.data:ti_sysbios_gates_GateMutex_Module__root__V)
                  200014f4    00000008     empty_pem4f.oem4f (.data:ti_sysbios_heaps_HeapMem_Module__root__V)
                  200014fc    00000008     empty_pem4f.oem4f (.data:ti_sysbios_knl_Queue_Module__root__V)
                  20001504    00000008     empty_pem4f.oem4f (.data:ti_sysbios_knl_Semaphore_Module__root__V)
                  2000150c    00000008     empty_pem4f.oem4f (.data:xdc_runtime_Registry_Module__state__V)
                  20001514    00000008     empty_pem4f.oem4f (.data:xdc_runtime_Startup_Module__state__V)
                  2000151c    00000008     empty_pem4f.oem4f (.data:xdc_runtime_System_Module_State_0_atexitHandlers__A)
                  20001524    00000008     empty_pem4f.oem4f (.data:xdc_runtime_System_Module__state__V)
                  2000152c    00000005     uartstdio.obj (.data)
                  20001531    00000001     --HOLE--
                  20001532    00000002     empty_pem4f.oem4f (.data:ti_sysbios_family_arm_m3_Hwi_Module_State_0_excActive__A)
                  20001534    00000004     rtsv7M4_T_le_v4SPD16_eabi.lib : stkdepth_vars.obj (.data)
                  20001538    00000004     empty_pem4f.oem4f (.data:ti_sysbios_family_arm_m3_Hwi_Module_State_0_excContext__A)
                  2000153c    00000004     empty_pem4f.oem4f (.data:ti_sysbios_family_arm_m3_Hwi_Module_State_0_excStack__A)
                  20001540    00000004     empty_pem4f.oem4f (.data:ti_sysbios_gates_GateHwi_Object__table__V)
                  20001544    00000004     empty_pem4f.oem4f (.data:ti_sysbios_knl_Task_Module_State_0_idleTask__A)
                  20001548    00000004     empty_pem4f.oem4f (.data:xdc_runtime_Memory_Module__state__V)
                  2000154c    00000002     empty_pem4f.oem4f (.data:xdc_runtime_Error_Module__state__V)

.stack     0    20001550    00000300     UNINITIALIZED
                  20001550    00000300     --HOLE--

.bootVecs 
*          0    00000000    00000008     DSECT
                  00000000    00000008     boot.aem4f : boot.oem4f (.bootVecs)

xdc.meta   0    00000000    000000e3     COPY SECTION
                  00000000    000000e3     empty_pem4f.oem4f (xdc.meta)

MODULE SUMMARY

       Module                     code    ro data   rw data
       ------                     ----    -------   -------
    .\
       main.obj                   2176    0         132    
       uartstdio.obj              976     46        5      
    +--+--------------------------+-------+---------+---------+
       Total:                     3152    46        137    
                                                           
    C:\Users\Charles\workspace_v6_2\Milestone7\Debug\configPkg\package\cfg\
       empty_pem4f.oem4f          1446    7522      4992   
    +--+--------------------------+-------+---------+---------+
       Total:                     1446    7522      4992   
                                                           
    C:/ti/tirtos_tivac_2_16_01_14/products/TivaWare_C_Series-2.1.1.71b/driverlib/ccs/Debug/driverlib.lib
       sysctl.obj                 678     108       0      
       gpio.obj                   502     144       0      
       adc.obj                    322     0         0      
       timer.obj                  140     0         0      
       uart.obj                   124     0         0      
       pwm.obj                    110     0         0      
    +--+--------------------------+-------+---------+---------+
       Total:                     1876    252       0      
                                                           
    C:\Users\Charles\workspace_v6_2\Milestone7\src\sysbios\sysbios.aem4f
       BIOS.obj                   10108   0         0      
       m3_Hwi_asm.obj             314     0         0      
       m3_TaskSupport_asm.obj     180     0         0      
       m3_Hwi_asm_switch.obj      118     0         0      
    +--+--------------------------+-------+---------+---------+
       Total:                     10720   0         0      
                                                           
    C:\ti\ccsv6\tools\compiler\arm_15.12.3.LTS\lib\rtsv7M4_T_le_v4SPD16_eabi.lib
       e_pow.obj                  2476    48        0      
       trgdrv.obj                 804     0         8      
       fd_add_t2.obj              438     0         0      
       trgmsg.obj                 104     0         288    
       e_sqrt.obj                 368     0         0      
       fd_div_t2.obj              310     0         0      
       fd_cmp_t2.obj              268     0         0      
       fd_mul_t2.obj              252     0         0      
       s_scalbn.obj               252     0         0      
       memcpy_t2.obj              156     0         0      
       memset_t2.obj              122     0         0      
       copy_decompress_rle.obj    112     0         0      
       exit.obj                   84      0         12     
       cpy_tbl.obj                76      0         0      
       fd_toi_t2.obj              72      0         0      
       fd_tou_t2.obj              68      0         0      
       u_divt2.obj                64      0         0      
       i_tofd_t2.obj              46      0         0      
       u_tofd_t2.obj              32      0         0      
       _lock.obj                  20      0         8      
       args_main.obj              24      0         0      
       s_copysign.obj             20      0         0      
       strcpy.obj                 20      0         0      
       strlen.obj                 20      0         0      
       copy_decompress_none.obj   14      0         0      
       errno.obj                  0       0         4      
       stkdepth_vars.obj          0       0         4      
       i_div0.obj                 2       0         0      
    +--+--------------------------+-------+---------+---------+
       Total:                     6224    48        324    
                                                           
    C:\ti\tirtos_tivac_2_16_01_14\products\bios_6_45_02_31\packages\ti\catalog\arm\cortexm4\tiva\ce\lib\Boot.aem4f
       Boot_sysctl.oem4f          262     0         0      
       Boot.oem4f                 152     0         0      
    +--+--------------------------+-------+---------+---------+
       Total:                     414     0         0      
                                                           
    C:\ti\tirtos_tivac_2_16_01_14\products\bios_6_45_02_31\packages\ti\targets\arm\rtsarm\lib\auto_init.aem4f
       auto_init.oem4f            160     0         0      
    +--+--------------------------+-------+---------+---------+
       Total:                     160     0         0      
                                                           
    C:\ti\tirtos_tivac_2_16_01_14\products\bios_6_45_02_31\packages\ti\targets\arm\rtsarm\lib\boot.aem4f
       boot.oem4f                 88      0         0      
    +--+--------------------------+-------+---------+---------+
       Total:                     88      0         0      
                                                           
    C:\ti\tirtos_tivac_2_16_01_14\products\bios_6_45_02_31\packages\ti\targets\arm\rtsarm\lib\ti.targets.arm.rtsarm.aem4f
       System.oem4f               1255    0         0      
       Text.oem4f                 672     0         0      
       Error.oem4f                524     0         0      
       Core-mem.oem4f             358     0         0      
       Startup.oem4f              328     0         0      
       SysMin.oem4f               248     0         0      
       Core-smem.oem4f            204     0         0      
       Memory.oem4f               176     0         0      
       Assert.oem4f               84      0         0      
       Core-params.oem4f          70      0         0      
       Core-label.oem4f           52      0         0      
       Registry.oem4f             32      0         0      
       Gate.oem4f                 28      0         0      
    +--+--------------------------+-------+---------+---------+
       Total:                     4031    0         0      
                                                           
       Stack:                     0       0         768    
       Linker Generated:          0       870       0      
    +--+--------------------------+-------+---------+---------+
       Grand Total:               28111   8738      6221   


LINKER GENERATED COPY TABLES

__TI_cinit_table @ 0000908c records: 3, size/record: 8, table size: 24
	.data: load addr=00008d38, load size=00000330 bytes, run addr=200010c8, run size=00000486 bytes, compression=rle
	.bss: load addr=00009068, load size=0000000b bytes, run addr=20000360, run size=00000d68 bytes, compression=rle
	.vecs: load addr=00009078, load size=0000000b bytes, run addr=20000000, run size=00000360 bytes, compression=rle


LINKER GENERATED HANDLER TABLE

__TI_handler_table @ 00009084 records: 2, size/record: 4, table size: 8
	index: 0, handler: __TI_decompress_rle24
	index: 1, handler: __TI_decompress_none


GLOBAL SYMBOLS: SORTED ALPHABETICALLY BY Name 

address   name                                                              
-------   ----                                                              
00006e19  ADCIntClear                                                       
000062e9  ADCIntStatus                                                      
000069ed  ADCProcessorTrigger                                               
00005be9  ADCSequenceConfigure                                              
000067c1  ADCSequenceDataGet                                                
00006d41  ADCSequenceDisable                                                
00006d4f  ADCSequenceEnable                                                 
00004a11  ADCSequenceStepConfigure                                          
0000546d  C$$EXIT                                                           
00004ea7  C$$IO$$                                                           
000063f9  GPIODirModeSet                                                    
00002f8b  GPIOPadConfigSet                                                  
0000578d  GPIOPinConfigure                                                  
00006bdd  GPIOPinTypeADC                                                    
00006a05  GPIOPinTypeGPIOOutput                                             
00006bef  GPIOPinTypePWM                                                    
00006c01  GPIOPinTypeUART                                                   
000030bb  GPIOPinWrite                                                      
00001443  HOSTclock                                                         
0000140b  HOSTclose                                                         
000013cd  HOSTgetenv                                                        
00001371  HOSTlseek                                                         
0000131f  HOSTopen                                                          
000012d3  HOSTread                                                          
00001275  HOSTrename                                                        
0000123b  HOSTtime                                                          
000011f1  HOSTtime64                                                        
000011b9  HOSTunlink                                                        
0000116d  HOSTwrite                                                         
000020fd  InitHardware                                                      
00003d89  InitPIDController                                                 
00002a7d  PIDControllerLoop                                                 
000024a9  PIDControllerUpdate                                               
00008b70  PIDHandle                                                         
00008b6c  PIDSem                                                            
00006611  PWMGenConfigure                                                   
00006da5  PWMGenEnable                                                      
00006c5d  PWMGenPeriodSet                                                   
00006c13  PWMOutputState                                                    
000067df  PWMPulseWidthSet                                                  
UNDEFED   SHT$$INIT_ARRAY$$Base                                             
UNDEFED   SHT$$INIT_ARRAY$$Limit                                            
000032f9  SysCtlClockGet                                                    
00003ae1  SysCtlClockSet                                                    
00004be3  SysCtlDelay                                                       
00005e39  SysCtlPeripheralEnable                                            
00005ce5  SysCtlPeripheralPresent                                           
00005d1d  SysCtlPeripheralReady                                             
00005015  TimerConfigure                                                    
00006d5d  TimerEnable                                                       
00005369  TimerInt                                                          
000009ed  TimerIntClear                                                     
00006e41  TimerIntEnable                                                    
00008b68  TimerIntHandle                                                    
00006c25  TimerLoadSet                                                      
00006e23  UARTCharPut                                                       
00005ae1  UARTConfigSetExpClk                                               
0000681d  UARTDisable                                                       
00006b27  UARTEnable                                                        
00005419  UARTStdioConfig                                                   
000064c5  UARTprintf                                                        
00001491  UARTvprintf                                                       
00005609  UARTwrite                                                         
00000000  __ASM__                                                           
20000ec0  __CIOBUF_                                                         
00000061  __ISA__                                                           
00000074  __PLAT__                                                          
20001850  __STACK_END                                                       
00000300  __STACK_SIZE                                                      
00000095  __TARG__                                                          
0000908c  __TI_CINIT_Base                                                   
000090a4  __TI_CINIT_Limit                                                  
00009084  __TI_Handler_Table_Base                                           
0000908c  __TI_Handler_Table_Limit                                          
00004291  __TI_auto_init                                                    
200014b8  __TI_cleanup_ptr                                                  
00006d6b  __TI_decompress_none                                              
00005983  __TI_decompress_rle24                                             
200014bc  __TI_dtors_ptr                                                    
200014c0  __TI_enable_exit_profile_output                                   
ffffffff  __TI_pprof_out_hndl                                               
ffffffff  __TI_prof_data_size                                               
ffffffff  __TI_prof_data_start                                              
00004eab  __TI_readmsg                                                      
00008d38  __TI_static_base__                                                
00004e79  __TI_writemsg                                                     
000000bb  __TRDR__                                                          
00004801  __aeabi_cdcmpeq                                                   
00004801  __aeabi_cdcmple                                                   
00004887  __aeabi_cdrcmple                                                  
000057d5  __aeabi_d2iz                                                      
0000593f  __aeabi_d2uiz                                                     
000022fb  __aeabi_dadd                                                      
00002e55  __aeabi_ddiv                                                      
00003605  __aeabi_dmul                                                      
000022f1  __aeabi_dsub                                                      
00006317  __aeabi_i2d                                                       
000024a7  __aeabi_idiv0                                                     
00004a8b  __aeabi_memclr                                                    
00004a8b  __aeabi_memclr4                                                   
00004a8b  __aeabi_memclr8                                                   
000043d1  __aeabi_memcpy                                                    
000043d1  __aeabi_memcpy4                                                   
000043d1  __aeabi_memcpy8                                                   
00004a8d  __aeabi_memset                                                    
00004a8d  __aeabi_memset4                                                   
00004a8d  __aeabi_memset8                                                   
0000667d  __aeabi_ui2d                                                      
00005b65  __aeabi_uidiv                                                     
00005b65  __aeabi_uidivmod                                                  
ffffffff  __binit__                                                         
ffffffff  __c_args__                                                        
20001550  __stack                                                           
00006a35  _args_main                                                        
00005311  _c_int00                                                          
200014dc  _lock                                                             
00006b4b  _nop                                                              
00006b43  _register_lock                                                    
00006b3d  _register_unlock                                                  
200014e0  _unlock                                                           
00005471  abort                                                             
ffffffff  binit                                                             
00005655  copy_in                                                           
00006b51  copysign                                                          
00006b51  copysignl                                                         
20001418  currentWidthL                                                     
20001420  currentWidthR                                                     
00005e6d  delay                                                             
2000142c  delayStatus                                                       
2000140c  errno                                                             
00005479  exit                                                              
00006015  lWheelForward                                                     
00006045  lWheelReverse                                                     
00003701  ldexp                                                             
00003701  ldexpl                                                            
00006a1d  main                                                              
20001534  main_func_sp                                                      
000043d1  memcpy                                                            
00004a93  memset                                                            
20001410  pid                                                               
20001060  pidS                                                              
00000041  pow                                                               
00000041  powl                                                              
00006075  rWheelForward                                                     
000060a5  rWheelReverse                                                     
00004995  readFDistSensor                                                   
00004b05  readRDistSensor                                                   
20001428  rightState                                                        
00005b25  rightTurn                                                         
00003701  scalbn                                                            
00003701  scalbnl                                                           
00005ea1  setRDutyCycle                                                     
000027a5  sqrt                                                              
000027a5  sqrtl                                                             
00006b65  strcpy                                                            
00006b79  strlen                                                            
0000893c  ti_catalog_arm_cortexm4_tiva_ce_Boot_A_mustUseEnhancedClockMode__C
00008bac  ti_catalog_arm_cortexm4_tiva_ce_Boot_Module__diagsEnabled__C      
00008bb0  ti_catalog_arm_cortexm4_tiva_ce_Boot_Module__diagsIncluded__C     
00008bb4  ti_catalog_arm_cortexm4_tiva_ce_Boot_Module__diagsMask__C         
000087f6  ti_catalog_arm_cortexm4_tiva_ce_Boot_Module__id__C                
00006d99  ti_catalog_arm_cortexm4_tiva_ce_Boot_init__I                      
00003405  ti_catalog_arm_cortexm4_tiva_ce_Boot_sysCtlClockSetI__I           
00004649  ti_catalog_arm_cortexm4_tiva_ce_Boot_sysCtlClockSet__E            
00006633  ti_catalog_arm_cortexm4_tiva_ce_Boot_sysCtlDelayI__I              
20001434  ti_sysbios_BIOS_Module__state__V                                  
00006951  ti_sysbios_BIOS_RtsGateProxy_Handle__label__S                     
00006579  ti_sysbios_BIOS_RtsGateProxy_Object__delete__S                    
0000179d  ti_sysbios_BIOS_RtsGateProxy_enter__E                             
00001cb5  ti_sysbios_BIOS_RtsGateProxy_leave__E                             
00006e99  ti_sysbios_BIOS_RtsGateProxy_query__E                             
000060d5  ti_sysbios_BIOS_atExitFunc__I                                     
000064e9  ti_sysbios_BIOS_errorRaiseHook__I                                 
00006b11  ti_sysbios_BIOS_exitFunc__I                                       
00004647  ti_sysbios_BIOS_nullFunc__I                                       
0000650d  ti_sysbios_BIOS_registerRTSLock__I                                
00006531  ti_sysbios_BIOS_removeRTSLock__I                                  
0000669d  ti_sysbios_BIOS_rtsLock__I                                        
00006a4d  ti_sysbios_BIOS_rtsUnlock__I                                      
00006c71  ti_sysbios_BIOS_setThreadType__E                                  
00006555  ti_sysbios_BIOS_startFunc__I                                      
00006c81  ti_sysbios_BIOS_start__E                                          
20001350  ti_sysbios_family_arm_lm4_Timer_Module_State_0_device__A          
20001474  ti_sysbios_family_arm_lm4_Timer_Module_State_0_handles__A         
00006a65  ti_sysbios_family_arm_lm4_Timer_Module__startupDone__F            
00006a65  ti_sysbios_family_arm_lm4_Timer_Module__startupDone__S            
200014c4  ti_sysbios_family_arm_lm4_Timer_Module__state__V                  
00004f49  ti_sysbios_family_arm_lm4_Timer_Module_startup__E                 
200012a4  ti_sysbios_family_arm_lm4_Timer_Object__table__V                  
00008bb8  ti_sysbios_family_arm_lm4_Timer_enableFunc__C                     
000041e9  ti_sysbios_family_arm_lm4_Timer_enableTimers__I                   
00004139  ti_sysbios_family_arm_lm4_Timer_enableTiva__I                     
00006db1  ti_sysbios_family_arm_lm4_Timer_getMaxTicks__E                    
[...]
00006c81  ti_sysbios_BIOS_start__E                                          
00006c91  ti_sysbios_family_arm_m3_TaskSupport_glue                         
00006ca1  ti_sysbios_gates_GateMutex_Instance_finalize__E                   
00006cb1  ti_sysbios_knl_Semaphore_Instance_finalize__E                     
00006cc1  ti_sysbios_knl_Swi_disable__E                                     
00006cd1  ti_sysbios_knl_Task_Object__get__S                                
00006ce1  ti_sysbios_knl_Task_disable__E                                    
00006cf1  xdc_runtime_Gate_leaveSystem__E                                   
00006d01  xdc_runtime_Memory_free__E                                        
00006d11  xdc_runtime_SysMin_ready__E                                       
00006d11  xdc_runtime_System_SupportProxy_ready__E                          
00006d21  xdc_runtime_System_vsnprintf__E                                   
00006d31  xdc_runtime_Text_visitRope__I                                     
00006d41  ADCSequenceDisable                                                
00006d4f  ADCSequenceEnable                                                 
00006d5d  TimerEnable                                                       
00006d6b  __TI_decompress_none                                              
00006d79  ti_sysbios_knl_Idle_loop__E                                       
00006d89  ti_sysbios_knl_Queue_empty__E                                     
00006d99  ti_catalog_arm_cortexm4_tiva_ce_Boot_init__I                      
00006da5  PWMGenEnable                                                      
00006db1  ti_sysbios_family_arm_lm4_Timer_getMaxTicks__E                    
00006dc1  ti_sysbios_family_arm_m3_TaskSupport_checkStack__E                
00006dc1  ti_sysbios_knl_Task_SupportProxy_checkStack__E                    
00006dd1  ti_sysbios_gates_GateHwi_enter__E                                 
00006ddd  ti_sysbios_knl_Queue_Object__get__S                               
00006de9  xdc_runtime_Error_init__E                                         
00006df5  xdc_runtime_Gate_enterSystem__E                                   
00006e01  xdc_runtime_Memory_calloc__E                                      
00006e0d  xdc_runtime_Memory_getMaxDefaultTypeAlign__E                      
00006e19  ADCIntClear                                                       
00006e23  UARTCharPut                                                       
00006e2d  xdc_runtime_Memory_HeapProxy_alloc__E                             
00006e37  xdc_runtime_Memory_HeapProxy_free__E                              
00006e41  TimerIntEnable                                                    
00006e49  ti_sysbios_family_arm_lm4_Timer_masterDisable__I                  
00006e51  ti_sysbios_family_arm_m3_Hwi_doSwiRestore__I                      
00006e59  ti_sysbios_family_arm_m3_Hwi_startup__E                           
00006e59  ti_sysbios_hal_Hwi_HwiProxy_startup__E                            
00006e61  ti_sysbios_family_arm_m3_Hwi_doTaskRestore__I                     
00006e69  ti_sysbios_gates_GateHwi_leave__E                                 
00006e71  ti_sysbios_heaps_HeapMem_isBlocking__E                            
00006e79  ti_sysbios_knl_Queue_Instance_init__E                             
00006e81  ti_sysbios_knl_Swi_startup__E                                     
00006e87  xdc_runtime_System_Module_startup__E                              
00006e91  ti_sysbios_gates_GateHwi_query__E                                 
00006e91  xdc_runtime_Main_Module_GateProxy_query__E                        
00006e91  xdc_runtime_System_Module_GateProxy_query__E                      
00006e99  ti_sysbios_BIOS_RtsGateProxy_query__E                             
00006e99  ti_sysbios_gates_GateMutex_query__E                               
00006e99  ti_sysbios_heaps_HeapMem_Module_GateProxy_query__E                
00006ea1  ti_sysbios_knl_Task_startup__E                                    
00006ea9  ti_sysbios_gates_GateHwi_Instance_init__E                         
00006eb1  ti_sysbios_knl_Clock_logTick__E                                   
00006eb8  xdc_runtime_Text_charTab__A                                       
00008739  xdc_runtime_Error_policy__C                                       
0000873a  xdc_runtime_Text_nodeTab__A                                       
000087f6  ti_catalog_arm_cortexm4_tiva_ce_Boot_Module__id__C                
0000893c  ti_catalog_arm_cortexm4_tiva_ce_Boot_A_mustUseEnhancedClockMode__C
00008970  ti_sysbios_heaps_HeapMem_Module__FXNS__C                          
00008998  ti_sysbios_gates_GateHwi_Module__FXNS__C                          
000089bc  ti_sysbios_gates_GateMutex_Module__FXNS__C                        
000089e0  ti_sysbios_heaps_HeapMem_Object__PARAMS__C                        
00008a04  ti_sysbios_knl_Semaphore_Object__PARAMS__C                        
00008a28  ti_sysbios_gates_GateHwi_Object__DESC__C                          
00008a48  ti_sysbios_gates_GateMutex_Object__DESC__C                        
00008a68  ti_sysbios_heaps_HeapMem_Object__DESC__C                          
00008a88  ti_sysbios_knl_Queue_Object__DESC__C                              
00008aa8  ti_sysbios_knl_Semaphore_Object__DESC__C                          
00008ac8  xdc_runtime_Startup_sfxnTab__A                                    
00008ae8  ti_sysbios_gates_GateHwi_Object__PARAMS__C                        
00008b00  ti_sysbios_gates_GateMutex_Object__PARAMS__C                      
00008b18  ti_sysbios_knl_Queue_Object__PARAMS__C                            
00008b30  xdc_runtime_Startup_firstFxns__A                                  
00008b56  xdc_runtime_Startup_sfxnRts__A                                    
00008b66  ti_sysbios_family_arm_m3_Hwi_Module__id__C                        
00008b68  TimerIntHandle                                                    
00008b6c  PIDSem                                                            
00008b70  PIDHandle                                                         
00008b8c  ti_sysbios_family_arm_m3_Hwi_excHookFuncs__A                      
00008b94  ti_sysbios_knl_Idle_funcList__C                                   
00008b9c  xdc_runtime_Startup_firstFxns__C                                  
00008ba4  xdc_runtime_Startup_lastFxns__C                                   
00008bac  ti_catalog_arm_cortexm4_tiva_ce_Boot_Module__diagsEnabled__C      
00008bb0  ti_catalog_arm_cortexm4_tiva_ce_Boot_Module__diagsIncluded__C     
00008bb4  ti_catalog_arm_cortexm4_tiva_ce_Boot_Module__diagsMask__C         
00008bb8  ti_sysbios_family_arm_lm4_Timer_enableFunc__C                     
00008bbc  ti_sysbios_family_arm_lm4_Timer_numTimerDevices__C                
00008bc0  ti_sysbios_family_arm_lm4_Timer_startupNeeded__C                  
00008bc4  ti_sysbios_family_arm_m3_Hwi_E_NMI__C                             
00008bc8  ti_sysbios_family_arm_m3_Hwi_E_busFault__C                        
00008bcc  ti_sysbios_family_arm_m3_Hwi_E_debugMon__C                        
00008bd0  ti_sysbios_family_arm_m3_Hwi_E_hardFault__C                       
00008bd4  ti_sysbios_family_arm_m3_Hwi_E_memFault__C                        
00008bd8  ti_sysbios_family_arm_m3_Hwi_E_noIsr__C                           
00008bdc  ti_sysbios_family_arm_m3_Hwi_E_reserved__C                        
00008be0  ti_sysbios_family_arm_m3_Hwi_E_svCall__C                          
00008be4  ti_sysbios_family_arm_m3_Hwi_E_usageFault__C                      
00008be8  ti_sysbios_family_arm_m3_Hwi_NUM_INTERRUPTS__C                    
00008bec  ti_sysbios_family_arm_m3_Hwi_Object__count__C                     
00008bf0  ti_sysbios_family_arm_m3_Hwi_ccr__C                               
00008bf4  ti_sysbios_family_arm_m3_Hwi_excHandlerFunc__C                    
00008bf8  ti_sysbios_family_arm_m3_Hwi_excHookFuncs__C                      
00008bfc  ti_sysbios_family_arm_m3_Hwi_nullIsrFunc__C                       
00008c00  ti_sysbios_family_arm_m3_Hwi_priGroup__C                          
00008c04  ti_sysbios_gates_GateMutex_A_badContext__C                        
00008c08  ti_sysbios_gates_GateMutex_Instance_State_sem__O                  
00008c0c  ti_sysbios_gates_GateMutex_Module__diagsEnabled__C                
00008c10  ti_sysbios_gates_GateMutex_Module__diagsIncluded__C               
00008c14  ti_sysbios_gates_GateMutex_Module__diagsMask__C                   
00008c18  ti_sysbios_hal_Hwi_E_stackOverflow__C                             
00008c1c  ti_sysbios_heaps_HeapMem_A_align__C                               
00008c20  ti_sysbios_heaps_HeapMem_A_heapSize__C                            
00008c24  ti_sysbios_heaps_HeapMem_A_invalidFree__C                         
00008c28  ti_sysbios_heaps_HeapMem_A_zeroBlock__C                           
00008c2c  ti_sysbios_heaps_HeapMem_E_memory__C                              
00008c30  ti_sysbios_heaps_HeapMem_Module__diagsEnabled__C                  
00008c34  ti_sysbios_heaps_HeapMem_Module__diagsIncluded__C                 
00008c38  ti_sysbios_heaps_HeapMem_Module__diagsMask__C                     
00008c3c  ti_sysbios_heaps_HeapMem_Module__gateObj__C                       
00008c40  ti_sysbios_heaps_HeapMem_Object__count__C                         
00008c44  ti_sysbios_heaps_HeapMem_reqAlign__C                              
00008c48  ti_sysbios_knl_Clock_Module_State_clockQ__O                       
00008c4c  ti_sysbios_knl_Idle_funcList__A                                   
00008c50  ti_sysbios_knl_Semaphore_A_badContext__C                          
00008c54  ti_sysbios_knl_Semaphore_A_noEvents__C                            
00008c58  ti_sysbios_knl_Semaphore_A_overflow__C                            
00008c5c  ti_sysbios_knl_Semaphore_A_pendTaskDisabled__C                    
00008c60  ti_sysbios_knl_Semaphore_Instance_State_pendQ__O                  
00008c64  ti_sysbios_knl_Semaphore_Module__diagsEnabled__C                  
00008c68  ti_sysbios_knl_Semaphore_Module__diagsIncluded__C                 
00008c6c  ti_sysbios_knl_Semaphore_Module__diagsMask__C                     
00008c70  ti_sysbios_knl_Swi_Object__count__C                               
00008c74  ti_sysbios_knl_Task_E_spOutOfBounds__C                            
00008c78  ti_sysbios_knl_Task_E_stackOverflow__C                            
00008c7c  ti_sysbios_knl_Task_Module_State_inactiveQ__O                     
00008c80  ti_sysbios_knl_Task_Object__count__C                              
00008c84  ti_sysbios_knl_Task_allBlockedFunc__C                             
00008c88  ti_sysbios_knl_Task_numConstructedTasks__C                        
00008c90  xdc_runtime_Assert_E_assertFailed__C                              
00008c94  xdc_runtime_Core_A_initializedParams__C                           
00008c98  xdc_runtime_Core_Module__diagsEnabled__C                          
00008c9c  xdc_runtime_Core_Module__diagsIncluded__C                         
00008ca0  xdc_runtime_Core_Module__diagsMask__C                             
00008ca4  xdc_runtime_Error_E_memory__C                                     
00008ca8  xdc_runtime_Error_Module__diagsEnabled__C                         
00008cac  xdc_runtime_Error_Module__diagsIncluded__C                        
00008cb0  xdc_runtime_Error_Module__diagsMask__C                            
00008cb4  xdc_runtime_Error_Module__loggerFxn8__C                           
00008cb8  xdc_runtime_Error_Module__loggerObj__C                            
00008cbc  xdc_runtime_Error_policyFxn__C                                    
00008cc0  xdc_runtime_Error_raiseHook__C                                    
00008cc4  xdc_runtime_IGateProvider_Interface__BASE__C                      
00008cc8  xdc_runtime_IHeap_Interface__BASE__C                              
00008ccc  xdc_runtime_IModule_Interface__BASE__C                            
00008cd0  xdc_runtime_Log_L_error__C                                        
00008cd4  xdc_runtime_Memory_defaultHeapInstance__C                         
00008cd8  xdc_runtime_Startup_execImpl__C                                   
00008cdc  xdc_runtime_Startup_maxPasses__C                                  
00008ce0  xdc_runtime_Startup_sfxnRts__C                                    
00008ce4  xdc_runtime_Startup_sfxnTab__C                                    
00008ce8  xdc_runtime_SysMin_bufSize__C                                     
00008cec  xdc_runtime_SysMin_outputFunc__C                                  
00008cf0  xdc_runtime_System_Module__gateObj__C                             
00008cf4  xdc_runtime_System_abortFxn__C                                    
00008cf8  xdc_runtime_System_exitFxn__C                                     
00008cfc  xdc_runtime_System_extendFxn__C                                   
00008d00  xdc_runtime_System_maxAtexitHandlers__C                           
00008d04  xdc_runtime_Text_charTab__C                                       
00008d08  xdc_runtime_Text_nameEmpty__C                                     
00008d0c  xdc_runtime_Text_nameStatic__C                                    
00008d10  xdc_runtime_Text_nameUnknown__C                                   
00008d14  xdc_runtime_Text_nodeTab__C                                       
00008d18  xdc_runtime_Text_visitRopeFxn__C                                  
00008d1c  ti_sysbios_gates_GateMutex_Module__id__C                          
00008d1e  ti_sysbios_hal_Hwi_Module__id__C                                  
00008d20  ti_sysbios_heaps_HeapMem_Module__id__C                            
00008d22  ti_sysbios_knl_Semaphore_Module__id__C                            
00008d24  ti_sysbios_knl_Task_Module__id__C                                 
00008d26  xdc_runtime_Core_Module__id__C                                    
00008d28  xdc_runtime_Error_Module__loggerDefined__C                        
00008d2a  xdc_runtime_Error_maxDepth__C                                     
00008d2c  xdc_runtime_Memory_Module__id__C                                  
00008d2e  xdc_runtime_SysMin_flushAtExit__C                                 
00008d30  xdc_runtime_Text_charCnt__C                                       
00008d32  xdc_runtime_Text_isLoaded__C                                      
00008d34  xdc_runtime_Text_registryModsLastId__C                            
00008d36  xdc_runtime_Text_unnamedModsLastId__C                             
00008d38  __TI_static_base__                                                
00009084  __TI_Handler_Table_Base                                           
0000908c  __TI_CINIT_Base                                                   
0000908c  __TI_Handler_Table_Limit                                          
000090a4  __TI_CINIT_Limit                                                  
20000000  ti_sysbios_family_arm_m3_Hwi_ramVectors                           
20000360  ti_sysbios_knl_Task_Instance_State_0_stack__A                     
20000560  ti_sysbios_knl_Task_Instance_State_1_stack__A                     
20000760  ti_sysbios_heaps_HeapMem_Instance_State_0_buf__A                  
20000b60  ti_sysbios_family_arm_m3_Hwi_dispatchTable                        
20000ec0  __CIOBUF_                                                         
20000fe0  xdc_runtime_SysMin_Module_State_0_outbuf__A                       
20001060  pidS                                                              
200010c8  ti_sysbios_knl_Task_Object__table__V                              
20001160  ti_sysbios_knl_Swi_Module_State_0_readyQ__A                       
200011e0  ti_sysbios_knl_Task_Module_State_0_readyQ__A                      
20001260  ti_sysbios_knl_Task_Module__state__V                              
200012a4  ti_sysbios_family_arm_lm4_Timer_Object__table__V                  
200012e4  ti_sysbios_gates_GateMutex_Object__table__V                       
2000131c  ti_sysbios_family_arm_m3_Hwi_Module__state__V                     
20001350  ti_sysbios_family_arm_lm4_Timer_Module_State_0_device__A          
20001380  ti_sysbios_family_arm_m3_Hwi_Object__table__V                     
200013b0  ti_sysbios_knl_Swi_Object__table__V                               
200013e0  ti_sysbios_knl_Clock_Module__state__V                             
2000140c  errno                                                             
20001410  pid                                                               
20001418  currentWidthL                                                     
20001420  currentWidthR                                                     
20001428  rightState                                                        
2000142c  delayStatus                                                       
20001430  time                                                              
20001434  ti_sysbios_BIOS_Module__state__V                                  
20001458  ti_sysbios_knl_Swi_Module__state__V                               
20001474  ti_sysbios_family_arm_lm4_Timer_Module_State_0_handles__A         
2000148c  ti_sysbios_heaps_HeapMem_Object__table__V                         
200014a4  ti_sysbios_knl_Semaphore_Object__table__V                         
200014b8  __TI_cleanup_ptr                                                  
200014bc  __TI_dtors_ptr                                                    
200014c0  __TI_enable_exit_profile_output                                   
200014c4  ti_sysbios_family_arm_lm4_Timer_Module__state__V                  
200014d0  xdc_runtime_SysMin_Module__state__V                               
200014dc  _lock                                                             
200014e0  _unlock                                                           
200014e4  ti_sysbios_gates_GateHwi_Module__root__V                          
200014ec  ti_sysbios_gates_GateMutex_Module__root__V                        
200014f4  ti_sysbios_heaps_HeapMem_Module__root__V                          
200014fc  ti_sysbios_knl_Queue_Module__root__V                              
20001504  ti_sysbios_knl_Semaphore_Module__root__V                          
2000150c  xdc_runtime_Registry_Module__state__V                             
20001514  xdc_runtime_Startup_Module__state__V                              
2000151c  xdc_runtime_System_Module_State_0_atexitHandlers__A               
20001524  xdc_runtime_System_Module__state__V                               
20001532  ti_sysbios_family_arm_m3_Hwi_Module_State_0_excActive__A          
20001534  main_func_sp                                                      
20001538  ti_sysbios_family_arm_m3_Hwi_Module_State_0_excContext__A         
2000153c  ti_sysbios_family_arm_m3_Hwi_Module_State_0_excStack__A           
20001540  ti_sysbios_gates_GateHwi_Object__table__V                         
20001544  ti_sysbios_knl_Task_Module_State_0_idleTask__A                    
20001548  xdc_runtime_Memory_Module__state__V                               
2000154c  xdc_runtime_Error_Module__state__V                                
20001550  __stack                                                           
20001850  __STACK_END                                                       
e000e000  ti_sysbios_family_arm_m3_Hwi_nvic                                 
ffffffff  __TI_pprof_out_hndl                                               
ffffffff  __TI_prof_data_size                                               
ffffffff  __TI_prof_data_start                                              
ffffffff  __binit__                                                         
ffffffff  __c_args__                                                        
ffffffff  binit                                                             
UNDEFED   SHT$$INIT_ARRAY$$Base                                             
UNDEFED   SHT$$INIT_ARRAY$$Limit                                            

[577 symbols]
